Archive member included to satisfy reference by file (symbol)

/media/ankesh/general/ARM/arm-gnu-toolchain-15.2.rel1-x86_64-arm-none-eabi/bin/../lib/gcc/arm-none-eabi/15.2.1/../../../../arm-none-eabi/lib/thumb/v8-m.main+fp/hard/libc_nano.a(libc_a-exit.o)
                              /media/ankesh/general/ARM/arm-gnu-toolchain-15.2.rel1-x86_64-arm-none-eabi/bin/../lib/gcc/arm-none-eabi/15.2.1/../../../../arm-none-eabi/lib/thumb/v8-m.main+fp/hard/crt0.o (exit)
/media/ankesh/general/ARM/arm-gnu-toolchain-15.2.rel1-x86_64-arm-none-eabi/bin/../lib/gcc/arm-none-eabi/15.2.1/../../../../arm-none-eabi/lib/thumb/v8-m.main+fp/hard/libc_nano.a(libc_a-malloc.o)
                              CMakeFiles/mcxn947_base.elf.dir/media/ankesh/general/mcux-workspace/core/drivers/common/fsl_common.c.obj (malloc)
/media/ankesh/general/ARM/arm-gnu-toolchain-15.2.rel1-x86_64-arm-none-eabi/bin/../lib/gcc/arm-none-eabi/15.2.1/../../../../arm-none-eabi/lib/thumb/v8-m.main+fp/hard/libc_nano.a(libc_a-mallocr.o)
                              /media/ankesh/general/ARM/arm-gnu-toolchain-15.2.rel1-x86_64-arm-none-eabi/bin/../lib/gcc/arm-none-eabi/15.2.1/../../../../arm-none-eabi/lib/thumb/v8-m.main+fp/hard/libc_nano.a(libc_a-malloc.o) (_malloc_r)
/media/ankesh/general/ARM/arm-gnu-toolchain-15.2.rel1-x86_64-arm-none-eabi/bin/../lib/gcc/arm-none-eabi/15.2.1/../../../../arm-none-eabi/lib/thumb/v8-m.main+fp/hard/libc_nano.a(libc_a-mlock.o)
                              /media/ankesh/general/ARM/arm-gnu-toolchain-15.2.rel1-x86_64-arm-none-eabi/bin/../lib/gcc/arm-none-eabi/15.2.1/../../../../arm-none-eabi/lib/thumb/v8-m.main+fp/hard/libc_nano.a(libc_a-mallocr.o) (__malloc_lock)
/media/ankesh/general/ARM/arm-gnu-toolchain-15.2.rel1-x86_64-arm-none-eabi/bin/../lib/gcc/arm-none-eabi/15.2.1/../../../../arm-none-eabi/lib/thumb/v8-m.main+fp/hard/libc_nano.a(libc_a-strtoul.o)
                              CMakeFiles/mcxn947_base.elf.dir/media/ankesh/general/mcux-workspace/core/utilities/str/fsl_str.c.obj (strtoul)
/media/ankesh/general/ARM/arm-gnu-toolchain-15.2.rel1-x86_64-arm-none-eabi/bin/../lib/gcc/arm-none-eabi/15.2.1/../../../../arm-none-eabi/lib/thumb/v8-m.main+fp/hard/libc_nano.a(libc_a-ctype_.o)
                              /media/ankesh/general/ARM/arm-gnu-toolchain-15.2.rel1-x86_64-arm-none-eabi/bin/../lib/gcc/arm-none-eabi/15.2.1/../../../../arm-none-eabi/lib/thumb/v8-m.main+fp/hard/libc_nano.a(libc_a-strtoul.o) (_ctype_)
/media/ankesh/general/ARM/arm-gnu-toolchain-15.2.rel1-x86_64-arm-none-eabi/bin/../lib/gcc/arm-none-eabi/15.2.1/../../../../arm-none-eabi/lib/thumb/v8-m.main+fp/hard/libc_nano.a(libc_a-findfp.o)
                              /media/ankesh/general/ARM/arm-gnu-toolchain-15.2.rel1-x86_64-arm-none-eabi/bin/../lib/gcc/arm-none-eabi/15.2.1/../../../../arm-none-eabi/lib/thumb/v8-m.main+fp/hard/libc_nano.a(libc_a-exit.o) (__stdio_exit_handler)
/media/ankesh/general/ARM/arm-gnu-toolchain-15.2.rel1-x86_64-arm-none-eabi/bin/../lib/gcc/arm-none-eabi/15.2.1/../../../../arm-none-eabi/lib/thumb/v8-m.main+fp/hard/libc_nano.a(libc_a-fwalk.o)
                              /media/ankesh/general/ARM/arm-gnu-toolchain-15.2.rel1-x86_64-arm-none-eabi/bin/../lib/gcc/arm-none-eabi/15.2.1/../../../../arm-none-eabi/lib/thumb/v8-m.main+fp/hard/libc_nano.a(libc_a-findfp.o) (_fwalk_sglue)
/media/ankesh/general/ARM/arm-gnu-toolchain-15.2.rel1-x86_64-arm-none-eabi/bin/../lib/gcc/arm-none-eabi/15.2.1/../../../../arm-none-eabi/lib/thumb/v8-m.main+fp/hard/libc_nano.a(libc_a-stdio.o)
                              /media/ankesh/general/ARM/arm-gnu-toolchain-15.2.rel1-x86_64-arm-none-eabi/bin/../lib/gcc/arm-none-eabi/15.2.1/../../../../arm-none-eabi/lib/thumb/v8-m.main+fp/hard/libc_nano.a(libc_a-findfp.o) (__sread)
/media/ankesh/general/ARM/arm-gnu-toolchain-15.2.rel1-x86_64-arm-none-eabi/bin/../lib/gcc/arm-none-eabi/15.2.1/../../../../arm-none-eabi/lib/thumb/v8-m.main+fp/hard/libc_nano.a(libc_a-memset.o)
                              /media/ankesh/general/ARM/arm-gnu-toolchain-15.2.rel1-x86_64-arm-none-eabi/bin/../lib/gcc/arm-none-eabi/15.2.1/../../../../arm-none-eabi/lib/thumb/v8-m.main+fp/hard/crt0.o (memset)
/media/ankesh/general/ARM/arm-gnu-toolchain-15.2.rel1-x86_64-arm-none-eabi/bin/../lib/gcc/arm-none-eabi/15.2.1/../../../../arm-none-eabi/lib/thumb/v8-m.main+fp/hard/libc_nano.a(libc_a-closer.o)
                              /media/ankesh/general/ARM/arm-gnu-toolchain-15.2.rel1-x86_64-arm-none-eabi/bin/../lib/gcc/arm-none-eabi/15.2.1/../../../../arm-none-eabi/lib/thumb/v8-m.main+fp/hard/libc_nano.a(libc_a-stdio.o) (_close_r)
/media/ankesh/general/ARM/arm-gnu-toolchain-15.2.rel1-x86_64-arm-none-eabi/bin/../lib/gcc/arm-none-eabi/15.2.1/../../../../arm-none-eabi/lib/thumb/v8-m.main+fp/hard/libc_nano.a(libc_a-reent.o)
                              /media/ankesh/general/ARM/arm-gnu-toolchain-15.2.rel1-x86_64-arm-none-eabi/bin/../lib/gcc/arm-none-eabi/15.2.1/../../../../arm-none-eabi/lib/thumb/v8-m.main+fp/hard/libc_nano.a(libc_a-closer.o) (errno)
[...]
Memory Configuration

Name             Origin             Length             Attributes
m_interrupts     0x00000000         0x00000400         xr
m_text           0x00000400         0x000bfc00         xr
m_core1_image    0x000c0000         0x00040000         xr
m_data           0x20000000         0x0004e000         rw
rpmsg_sh_mem     0x2004e000         0x00000000         rw
m_flash1         0x00100000         0x00100000         xr
m_sramx          0x04000000         0x00018000         rw
m_flash_config   0x80000400         0x00000200         xr
m_usb_sram       0x400ba000         0x00001000         rw
*default*        0x00000000         0xffffffff

Linker script and memory map

LOAD /media/ankesh/general/ARM/arm-gnu-toolchain-15.2.rel1-x86_64-arm-none-eabi/bin/../lib/gcc/arm-none-eabi/15.2.1/thumb/v8-m.main+fp/hard/crti.o
LOAD /media/ankesh/general/ARM/arm-gnu-toolchain-15.2.rel1-x86_64-arm-none-eabi/bin/../lib/gcc/arm-none-eabi/15.2.1/thumb/v8-m.main+fp/hard/crtbegin.o
LOAD /media/ankesh/general/ARM/arm-gnu-toolchain-15.2.rel1-x86_64-arm-none-eabi/bin/../lib/gcc/arm-none-eabi/15.2.1/../../../../arm-none-eabi/lib/thumb/v8-m.main+fp/hard/crt0.o
LOAD CMakeFiles/mcxn947_base.elf.dir/src/main.c.obj
LOAD CMakeFiles/mcxn947_base.elf.dir/src/dac_waveform.c.obj
LOAD CMakeFiles/mcxn947_base.elf.dir/src/pmu_acquisition.c.obj
LOAD CMakeFiles/mcxn947_base.elf.dir/src/pmu_protocol.c.obj
LOAD CMakeFiles/mcxn947_base.elf.dir/src/pin_mux.c.obj
LOAD CMakeFiles/mcxn947_base.elf.dir/src/peripherals.c.obj
LOAD CMakeFiles/mcxn947_base.elf.dir/media/ankesh/general/mcux-workspace/core/boards/frdmmcxn947/board.c.obj
LOAD CMakeFiles/mcxn947_base.elf.dir/media/ankesh/general/mcux-workspace/core/boards/frdmmcxn947/clock_config.c.obj
LOAD CMakeFiles/mcxn947_base.elf.dir/media/ankesh/general/mcux-workspace/examples/frdmmcxn947/board.c.obj
LOAD CMakeFiles/mcxn947_base.elf.dir/media/ankesh/general/mcux-workspace/examples/frdmmcxn947/clock_config.c.obj
LOAD CMakeFiles/mcxn947_base.elf.dir/media/ankesh/general/mcux-workspace/core/utilities/misc_utilities/fsl_sbrk.c.obj
LOAD CMakeFiles/mcxn947_base.elf.dir/media/ankesh/general/mcux-workspace/core/utilities/misc_utilities/fsl_syscall_stub.c.obj
LOAD CMakeFiles/mcxn947_base.elf.dir/media/ankesh/general/mcux-workspace/core/utilities/misc_utilities/fsl_memcpy.S.obj
LOAD CMakeFiles/mcxn947_base.elf.dir/media/ankesh/general/mcux-workspace/core/devices/MCXN947/gcc/startup_MCXN947_cm33_core0.S.obj
LOAD CMakeFiles/mcxn947_base.elf.dir/media/ankesh/general/mcux-workspace/core/devices/MCXN947/system_MCXN947_cm33_core0.c.obj
LOAD CMakeFiles/mcxn947_base.elf.dir/media/ankesh/general/mcux-workspace/core/utilities/debug_console_lite/fsl_debug_console.c.obj
LOAD CMakeFiles/mcxn947_base.elf.dir/media/ankesh/general/mcux-workspace/core/devices/MCXN947/drivers/fsl_clock.c.obj
LOAD CMakeFiles/mcxn947_base.elf.dir/media/ankesh/general/mcux-workspace/core/drivers/edma4/fsl_edma.c.obj
LOAD CMakeFiles/mcxn947_base.elf.dir/media/ankesh/general/mcux-workspace/core/devices/MCXN947/drivers/fsl_edma_soc.c.obj
LOAD CMakeFiles/mcxn947_base.elf.dir/media/ankesh/general/mcux-workspace/core/drivers/common/fsl_common.c.obj
LOAD CMakeFiles/mcxn947_base.elf.dir/media/ankesh/general/mcux-workspace/core/drivers/common/fsl_common_arm.c.obj
LOAD CMakeFiles/mcxn947_base.elf.dir/media/ankesh/general/mcux-workspace/core/utilities/assert/fsl_assert.c.obj
LOAD CMakeFiles/mcxn947_base.elf.dir/media/ankesh/general/mcux-workspace/core/utilities/str/fsl_str.c.obj
LOAD CMakeFiles/mcxn947_base.elf.dir/media/ankesh/general/mcux-workspace/core/drivers/vref_1/fsl_vref.c.obj
LOAD CMakeFiles/mcxn947_base.elf.dir/media/ankesh/general/mcux-workspace/core/devices/MCXN947/drivers/fsl_reset.c.obj
LOAD CMakeFiles/mcxn947_base.elf.dir/media/ankesh/general/mcux-workspace/core/drivers/mcx_spc/fsl_spc.c.obj
LOAD CMakeFiles/mcxn947_base.elf.dir/media/ankesh/general/mcux-workspace/core/drivers/lptmr/fsl_lptmr.c.obj
LOAD CMakeFiles/mcxn947_base.elf.dir/media/ankesh/general/mcux-workspace/core/drivers/lpflexcomm/lpuart/fsl_lpuart.c.obj
LOAD CMakeFiles/mcxn947_base.elf.dir/media/ankesh/general/mcux-workspace/core/drivers/lpflexcomm/fsl_lpflexcomm.c.obj
LOAD CMakeFiles/mcxn947_base.elf.dir/media/ankesh/general/mcux-workspace/core/drivers/lpadc/fsl_lpadc.c.obj
LOAD CMakeFiles/mcxn947_base.elf.dir/media/ankesh/general/mcux-workspace/core/drivers/inputmux/fsl_inputmux.c.obj
LOAD CMakeFiles/mcxn947_base.elf.dir/media/ankesh/general/mcux-workspace/core/drivers/gpio/fsl_gpio.c.obj
LOAD CMakeFiles/mcxn947_base.elf.dir/media/ankesh/general/mcux-workspace/core/drivers/dac_1/fsl_dac.c.obj
LOAD CMakeFiles/mcxn947_base.elf.dir/media/ankesh/general/mcux-workspace/core/components/uart/fsl_adapter_lpuart.c.obj
LOAD CMakeFiles/mcxn947_base.elf.dir/media/ankesh/general/mcux-workspace/core/components/lists/fsl_component_generic_list.c.obj
START GROUP
LOAD /media/ankesh/general/ARM/arm-gnu-toolchain-15.2.rel1-x86_64-arm-none-eabi/bin/../lib/gcc/arm-none-eabi/15.2.1/../../../../arm-none-eabi/lib/thumb/v8-m.main+fp/hard/libm.a
LOAD /media/ankesh/general/ARM/arm-gnu-toolchain-15.2.rel1-x86_64-arm-none-eabi/bin/../lib/gcc/arm-none-eabi/15.2.1/../../../../arm-none-eabi/lib/thumb/v8-m.main+fp/hard/libc_nano.a
LOAD /media/ankesh/general/ARM/arm-gnu-toolchain-15.2.rel1-x86_64-arm-none-eabi/bin/../lib/gcc/arm-none-eabi/15.2.1/thumb/v8-m.main+fp/hard/libgcc.a
LOAD /media/ankesh/general/ARM/arm-gnu-toolchain-15.2.rel1-x86_64-arm-none-eabi/bin/../lib/gcc/arm-none-eabi/15.2.1/../../../../arm-none-eabi/lib/thumb/v8-m.main+fp/hard/libnosys.a
END GROUP
START GROUP
LOAD /media/ankesh/general/ARM/arm-gnu-toolchain-15.2.rel1-x86_64-arm-none-eabi/bin/../lib/gcc/arm-none-eabi/15.2.1/thumb/v8-m.main+fp/hard/libgcc.a
LOAD /media/ankesh/general/ARM/arm-gnu-toolchain-15.2.rel1-x86_64-arm-none-eabi/bin/../lib/gcc/arm-none-eabi/15.2.1/../../../../arm-none-eabi/lib/thumb/v8-m.main+fp/hard/libg_nano.a
LOAD /media/ankesh/general/ARM/arm-gnu-toolchain-15.2.rel1-x86_64-arm-none-eabi/bin/../lib/gcc/arm-none-eabi/15.2.1/../../../../arm-none-eabi/lib/thumb/v8-m.main+fp/hard/libc_nano.a
END GROUP
START GROUP
LOAD /media/ankesh/general/ARM/arm-gnu-toolchain-15.2.rel1-x86_64-arm-none-eabi/bin/../lib/gcc/arm-none-eabi/15.2.1/thumb/v8-m.main+fp/hard/libgcc.a
LOAD /media/ankesh/general/ARM/arm-gnu-toolchain-15.2.rel1-x86_64-arm-none-eabi/bin/../lib/gcc/arm-none-eabi/15.2.1/../../../../arm-none-eabi/lib/thumb/v8-m.main+fp/hard/libc_nano.a
LOAD /media/ankesh/general/ARM/arm-gnu-toolchain-15.2.rel1-x86_64-arm-none-eabi/bin/../lib/gcc/arm-none-eabi/15.2.1/../../../../arm-none-eabi/lib/thumb/v8-m.main+fp/hard/libnosys.a
END GROUP
START GROUP
LOAD /media/ankesh/general/ARM/arm-gnu-toolchain-15.2.rel1-x86_64-arm-none-eabi/bin/../lib/gcc/arm-none-eabi/15.2.1/thumb/v8-m.main+fp/hard/libgcc.a
LOAD /media/ankesh/general/ARM/arm-gnu-toolchain-15.2.rel1-x86_64-arm-none-eabi/bin/../lib/gcc/arm-none-eabi/15.2.1/../../../../arm-none-eabi/lib/thumb/v8-m.main+fp/hard/libc_nano.a
LOAD /media/ankesh/general/ARM/arm-gnu-toolchain-15.2.rel1-x86_64-arm-none-eabi/bin/../lib/gcc/arm-none-eabi/15.2.1/../../../../arm-none-eabi/lib/thumb/v8-m.main+fp/hard/libnosys.a
END GROUP
LOAD /media/ankesh/general/ARM/arm-gnu-toolchain-15.2.rel1-x86_64-arm-none-eabi/bin/../lib/gcc/arm-none-eabi/15.2.1/thumb/v8-m.main+fp/hard/crtend.o
LOAD /media/ankesh/general/ARM/arm-gnu-toolchain-15.2.rel1-x86_64-arm-none-eabi/bin/../lib/gcc/arm-none-eabi/15.2.1/thumb/v8-m.main+fp/hard/crtn.o
                0x00000400                        HEAP_SIZE = DEFINED (__heap_size__)?__heap_size__:0x400
                0x00000800                        STACK_SIZE = DEFINED (__stack_size__)?__stack_size__:0x800
                0x00000000                        RPMSG_SHMEM_SIZE = DEFINED (__use_shmem__)?0x2000:0x0
                0x00000000                        TEXT_START = DEFINED (__qspi_xip__)?0x80001000:0x0
                0x000c0000                        TEXT_SIZE = DEFINED (__qspi_xip__)?0xffff000:0xc0000

.core1_code     0x000c0000        0x0
                0x000c0000                        . = ALIGN (0x4)
 *(.core1_code)
 *(.core1_code*)
                0x000c0000                        . = ALIGN (0x4)

.noinit_rpmsg_sh_mem
                0x2004e000        0x0
                0x2004e000                        __RPMSG_SH_MEM_START__ = .
 *(.noinit.$rpmsg_sh_mem*)
                0x2004e000                        . = ALIGN (0x4)
                0x2004e000                        __RPMSG_SH_MEM_END__ = .

.flash_config   0x80000400        0x0
                0x80000400                        . = ALIGN (0x4)
                0x80000400                        __FLASH_BASE = .
 *(.flexspi_fcb)
                0x80000400                        . = ALIGN (0x4)

.interrupts     0x00000000      0x2b0
                0x00000000                        . = ALIGN (0x4)
 *(.isr_vector)
 .isr_vector    0x00000000      0x2b0 CMakeFiles/mcxn947_base.elf.dir/media/ankesh/general/mcux-workspace/core/devices/MCXN947/gcc/startup_MCXN947_cm33_core0.S.obj
                0x00000000                __Vectors
                0x000002b0                        . = ALIGN (0x4)

.text           0x00000400     0x7fec
                0x00000400                        . = ALIGN (0x4)
 *(.text)
 .text          0x00000400       0x7c /media/ankesh/general/ARM/arm-gnu-toolchain-15.2.rel1-x86_64-arm-none-eabi/bin/../lib/gcc/arm-none-eabi/15.2.1/../../../../arm-none-eabi/lib/thumb/v8-m.main+fp/hard/crt0.o
                0x00000400                _stack_init
                0x00000408                _mainCRTStartup
                0x00000408                _start
 .text          0x0000047c       0xa0 CMakeFiles/mcxn947_base.elf.dir/media/ankesh/general/mcux-workspace/core/utilities/misc_utilities/fsl_memcpy.S.obj
                0x0000047c                memcpy
 .text          0x0000051c      0x5a0 CMakeFiles/mcxn947_base.elf.dir/media/ankesh/general/mcux-workspace/core/devices/MCXN947/gcc/startup_MCXN947_cm33_core0.S.obj
                0x0000051c                Reset_Handler
                0x000005b0                HSCMP1_DriverIRQHandler
                0x000005b0                PINT0_DriverIRQHandler
                0x000005b0                WWDT1_DriverIRQHandler
                0x000005b0                DebugMon_Handler
                0x000005b0                EMVSIM0_DriverIRQHandler
                0x000005b0                I3C0_DriverIRQHandler
                0x000005b0                USB0_FS_DriverIRQHandler
                0x000005b0                PKC_ERR_DriverIRQHandler
                0x000005b0                QDC1_HOME_DriverIRQHandler
                0x000005b0                SCG_DriverIRQHandler
                0x000005b0                CMC0_DriverIRQHandler
                0x000005b0                LPTMR0_DriverIRQHandler
                0x000005b0                FLEXPWM1_SUBMODULE1_DriverIRQHandler
                0x000005b0                FLEXPWM0_SUBMODULE1_DriverIRQHandler
                0x000005b0                FLEXPWM0_RELOAD_ERROR_DriverIRQHandler
                0x000005b0                QDC0_HOME_DriverIRQHandler
                0x000005b0                Reserved167_DriverIRQHandler
                0x000005b0                SEC_VIO_DriverIRQHandler
                0x000005b0                ERM_MULTI_BIT_ERROR_DriverIRQHandler
                0x000005b0                GPIO31_DriverIRQHandler
                0x000005b0                EWM0_DriverIRQHandler
                0x000005b0                PKC_DriverIRQHandler
                0x000005b0                USB1_HS_PHY_DriverIRQHandler
                0x000005b0                QDC0_IDX_DriverIRQHandler
                0x000005b0                ELS_DriverIRQHandler
                0x000005b0                Reserved166_DriverIRQHandler
                0x000005b0                ETHERNET_DriverIRQHandler
                0x000005b0                QDC1_IDX_DriverIRQHandler
                0x000005b0                FLEXPWM1_SUBMODULE3_DriverIRQHandler
                0x000005b0                DAC1_DriverIRQHandler
                0x000005b0                CTIMER2_DriverIRQHandler
                0x000005b0                UsageFault_Handler
                0x000005b0                ITRC0_DriverIRQHandler
                0x000005b0                ETB0_DriverIRQHandler
                0x000005b0                Freqme_DriverIRQHandler
                0x000005b0                Reserved80_DriverIRQHandler
                0x000005b0                DefaultISR
                0x000005b0                ELS_ERR_DriverIRQHandler
                0x000005b0                FLEXIO_DriverIRQHandler
                0x000005b0                DAC0_DriverIRQHandler
                0x000005b0                MRT0_DriverIRQHandler
                0x000005b0                UTICK0_DriverIRQHandler
                0x000005b0                FLEXPWM0_SUBMODULE2_DriverIRQHandler
                0x000005b0                GPIO01_DriverIRQHandler
                0x000005b0                WWDT0_DriverIRQHandler
                0x000005b0                USDHC0_DriverIRQHandler
                0x000005b0                GPIO00_DriverIRQHandler
                0x000005b0                GPIO11_DriverIRQHandler
                0x000005b0                CTIMER4_DriverIRQHandler
                0x000005b0                BSP32_DriverIRQHandler
                0x000005b0                FLEXPWM0_FAULT_DriverIRQHandler
                0x000005b0                SAI1_DriverIRQHandler
                0x000005b0                ERM_SINGLE_BIT_ERROR_DriverIRQHandler
                0x000005b0                GPIO21_DriverIRQHandler
                0x000005b0                FLEXPWM1_FAULT_DriverIRQHandler
                0x000005b0                GPIO30_DriverIRQHandler
                0x000005b0                CTIMER0_DriverIRQHandler
                0x000005b0                CTIMER1_DriverIRQHandler
                0x000005b0                QDC0_COMPARE_DriverIRQHandler
                0x000005b0                SecureFault_Handler
                0x000005b0                ADC1_DriverIRQHandler
                0x000005b0                PQ_DriverIRQHandler
                0x000005b0                ETHERNET_MACLP_DriverIRQHandler
                0x000005b0                USB0_DCD_DriverIRQHandler
                0x000005b0                MAILBOX_DriverIRQHandler
                0x000005b0                WUU_DriverIRQHandler
                0x000005b0                CTIMER3_DriverIRQHandler
                0x000005b0                FLEXPWM1_SUBMODULE0_DriverIRQHandler
                0x000005b0                CDOG1_DriverIRQHandler
                0x000005b0                TSI_OUT_OF_SCAN_DriverIRQHandler
                0x000005b0                PUF_DriverIRQHandler
                0x000005b0                SPC_DriverIRQHandler
                0x000005b0                RTC_DriverIRQHandler
                0x000005b0                VBAT0_DriverIRQHandler
                0x000005b0                Reserved65_DriverIRQHandler
                0x000005b0                HSCMP2_DriverIRQHandler
                0x000005b0                MemManage_Handler
                0x000005b0                PDM_EVENT_DriverIRQHandler
                0x000005b0                ETHERNET_PMT_DriverIRQHandler
                0x000005b0                FLEXPWM1_RELOAD_ERROR_DriverIRQHandler
                0x000005b0                FMU0_DriverIRQHandler
                0x000005b0                QDC1_COMPARE_DriverIRQHandler
                0x000005b0                LPTMR1_DriverIRQHandler
                0x000005b0                CTI0_DriverIRQHandler
                0x000005b0                GPIO40_DriverIRQHandler
                0x000005b0                FLEXPWM1_SUBMODULE2_DriverIRQHandler
                0x000005b0                GPIO20_DriverIRQHandler
                0x000005b0                QDC1_WDG_SAB_DriverIRQHandler
                0x000005b0                GDET_DriverIRQHandler
                0x000005b0                PORT_EFT_DriverIRQHandler
                0x000005b0                Reserved85_DriverIRQHandler
                0x000005b0                Reserved81_DriverIRQHandler
                0x000005b0                TSI_END_OF_SCAN_DriverIRQHandler
                0x000005b0                FLEXPWM0_SUBMODULE3_DriverIRQHandler
                0x000005b0                ADC0_DriverIRQHandler
                0x000005b0                OR_DriverIRQHandler
                0x000005b0                USB1_HS_DriverIRQHandler
                0x000005b0                DAC2_DriverIRQHandler
                0x000005b0                GPIO51_DriverIRQHandler
                0x000005b0                HSCMP0_DriverIRQHandler
                0x000005b0                QDC0_WDG_SAB_DriverIRQHandler
                0x000005b0                CDOG0_DriverIRQHandler
                0x000005b0                CAN0_DriverIRQHandler
                0x000005b0                SMARTDMA_DriverIRQHandler
                0x000005b0                SAI0_DriverIRQHandler
                0x000005b0                EMVSIM1_DriverIRQHandler
                0x000005b0                I3C1_DriverIRQHandler
                0x000005b0                BusFault_Handler
                0x000005b0                FLEXSPI0_DriverIRQHandler
                0x000005b0                GPIO50_DriverIRQHandler
                0x000005b0                GPIO10_DriverIRQHandler
                0x000005b0                SCT0_DriverIRQHandler
                0x000005b0                CAN1_DriverIRQHandler
                0x000005b0                PLU_DriverIRQHandler
                0x000005b0                FLEXPWM0_SUBMODULE0_DriverIRQHandler
                0x000005b0                OS_EVENT_DriverIRQHandler
                0x000005b0                SINC_FILTER_DriverIRQHandler
                0x000005b0                NPU_DriverIRQHandler
                0x000005b0                GPIO41_DriverIRQHandler
                0x000005b0                SEC_HYPERVISOR_CALL_DriverIRQHandler
                0x000005b4                NMI_Handler
                0x000005b8                HardFault_Handler
                0x000005bc                SVC_Handler
                0x000005c0                PendSV_Handler
                0x000005c4                SysTick_Handler
                0x000005c8                OR_IRQHandler
                0x000005d4                EDMA_0_CH2_IRQHandler
                0x000005d8                EDMA_0_CH3_IRQHandler
                0x000005dc                EDMA_0_CH4_IRQHandler
                0x000005e0                EDMA_0_CH5_IRQHandler
                0x000005e4                EDMA_0_CH6_IRQHandler
                0x000005e8                EDMA_0_CH7_IRQHandler
                0x000005ec                EDMA_0_CH8_IRQHandler
                0x000005f0                EDMA_0_CH9_IRQHandler
                0x000005f4                EDMA_0_CH10_IRQHandler
                0x000005f8                EDMA_0_CH11_IRQHandler
                0x000005fc                EDMA_0_CH12_IRQHandler
                0x00000600                EDMA_0_CH13_IRQHandler
                0x00000604                EDMA_0_CH14_IRQHandler
                0x00000608                EDMA_0_CH15_IRQHandler
                0x0000060c                GPIO00_IRQHandler
                0x00000610                GPIO01_IRQHandler
                0x00000614                GPIO10_IRQHandler
                0x00000618                GPIO11_IRQHandler
                0x0000061c                GPIO20_IRQHandler
                0x00000620                GPIO21_IRQHandler
                0x00000624                GPIO30_IRQHandler
                0x00000628                GPIO31_IRQHandler
                0x0000062c                GPIO40_IRQHandler
                0x00000630                GPIO41_IRQHandler
                0x00000634                GPIO50_IRQHandler
                0x00000638                GPIO51_IRQHandler
                0x0000063c                UTICK0_IRQHandler
                0x00000640                MRT0_IRQHandler
                0x00000644                CTIMER0_IRQHandler
                0x00000648                CTIMER1_IRQHandler
                0x0000064c                SCT0_IRQHandler
                0x00000650                CTIMER2_IRQHandler
                0x00000654                LP_FLEXCOMM0_IRQHandler
                0x00000658                LP_FLEXCOMM1_IRQHandler
                0x0000065c                LP_FLEXCOMM2_IRQHandler
                0x00000660                LP_FLEXCOMM3_IRQHandler
                0x00000664                LP_FLEXCOMM4_IRQHandler
                0x00000668                LP_FLEXCOMM5_IRQHandler
                0x0000066c                LP_FLEXCOMM6_IRQHandler
                0x00000670                LP_FLEXCOMM7_IRQHandler
                0x00000674                LP_FLEXCOMM8_IRQHandler
                0x00000678                LP_FLEXCOMM9_IRQHandler
                0x0000067c                ADC0_IRQHandler
                0x00000680                ADC1_IRQHandler
                0x00000684                PINT0_IRQHandler
                0x00000688                PDM_EVENT_IRQHandler
                0x0000068c                Reserved65_IRQHandler
                0x00000690                USB0_FS_IRQHandler
                0x00000694                USB0_DCD_IRQHandler
                0x00000698                RTC_IRQHandler
                0x0000069c                SMARTDMA_IRQHandler
                0x000006a0                MAILBOX_IRQHandler
                0x000006a4                CTIMER3_IRQHandler
                0x000006a8                CTIMER4_IRQHandler
                0x000006ac                OS_EVENT_IRQHandler
                0x000006b0                FLEXSPI0_IRQHandler
                0x000006b4                SAI0_IRQHandler
                0x000006b8                SAI1_IRQHandler
                0x000006bc                USDHC0_IRQHandler
                0x000006c0                CAN0_IRQHandler
                0x000006c4                CAN1_IRQHandler
                0x000006c8                Reserved80_IRQHandler
                0x000006cc                Reserved81_IRQHandler
                0x000006d0                USB1_HS_PHY_IRQHandler
                0x000006d4                USB1_HS_IRQHandler
                0x000006d8                SEC_HYPERVISOR_CALL_IRQHandler
                0x000006dc                Reserved85_IRQHandler
                0x000006e0                PLU_IRQHandler
                0x000006e4                Freqme_IRQHandler
                0x000006e8                SEC_VIO_IRQHandler
                0x000006ec                ELS_IRQHandler
                0x000006f0                PKC_IRQHandler
                0x000006f4                PUF_IRQHandler
                0x000006f8                PQ_IRQHandler
                0x000006fc                EDMA_1_CH0_IRQHandler
                0x00000700                EDMA_1_CH1_IRQHandler
                0x00000704                EDMA_1_CH2_IRQHandler
                0x00000708                EDMA_1_CH3_IRQHandler
                0x0000070c                EDMA_1_CH4_IRQHandler
                0x00000710                EDMA_1_CH5_IRQHandler
                0x00000714                EDMA_1_CH6_IRQHandler
                0x00000718                EDMA_1_CH7_IRQHandler
                0x0000071c                EDMA_1_CH8_IRQHandler
                0x00000720                EDMA_1_CH9_IRQHandler
                0x00000724                EDMA_1_CH10_IRQHandler
                0x00000728                EDMA_1_CH11_IRQHandler
                0x0000072c                EDMA_1_CH12_IRQHandler
                0x00000730                EDMA_1_CH13_IRQHandler
                0x00000734                EDMA_1_CH14_IRQHandler
                0x00000738                EDMA_1_CH15_IRQHandler
                0x0000073c                CDOG0_IRQHandler
                0x00000740                CDOG1_IRQHandler
                0x00000744                I3C0_IRQHandler
                0x00000748                I3C1_IRQHandler
                0x0000074c                NPU_IRQHandler
                0x00000750                GDET_IRQHandler
                0x00000754                VBAT0_IRQHandler
                0x00000758                EWM0_IRQHandler
                0x0000075c                TSI_END_OF_SCAN_IRQHandler
                0x00000760                TSI_OUT_OF_SCAN_IRQHandler
                0x00000764                EMVSIM0_IRQHandler
                0x00000768                EMVSIM1_IRQHandler
                0x0000076c                FLEXIO_IRQHandler
                0x00000770                DAC0_IRQHandler
                0x00000774                DAC1_IRQHandler
                0x00000778                DAC2_IRQHandler
                0x0000077c                HSCMP0_IRQHandler
                0x00000780                HSCMP1_IRQHandler
                0x00000784                HSCMP2_IRQHandler
                0x00000788                FLEXPWM0_RELOAD_ERROR_IRQHandler
                0x0000078c                FLEXPWM0_FAULT_IRQHandler
                0x00000790                FLEXPWM0_SUBMODULE0_IRQHandler
                0x00000794                FLEXPWM0_SUBMODULE1_IRQHandler
                0x00000798                FLEXPWM0_SUBMODULE2_IRQHandler
                0x0000079c                FLEXPWM0_SUBMODULE3_IRQHandler
                0x000007a0                FLEXPWM1_RELOAD_ERROR_IRQHandler
                0x000007a4                FLEXPWM1_FAULT_IRQHandler
                0x000007a8                FLEXPWM1_SUBMODULE0_IRQHandler
                0x000007ac                FLEXPWM1_SUBMODULE1_IRQHandler
                0x000007b0                FLEXPWM1_SUBMODULE2_IRQHandler
                0x000007b4                FLEXPWM1_SUBMODULE3_IRQHandler
                0x000007b8                QDC0_COMPARE_IRQHandler
                0x000007bc                QDC0_HOME_IRQHandler
                0x000007c0                QDC0_WDG_SAB_IRQHandler
                0x000007c4                QDC0_IDX_IRQHandler
                0x000007c8                QDC1_COMPARE_IRQHandler
                0x000007cc                QDC1_HOME_IRQHandler
                0x000007d0                QDC1_WDG_SAB_IRQHandler
                0x000007d4                QDC1_IDX_IRQHandler
                0x000007d8                ITRC0_IRQHandler
                0x000007dc                BSP32_IRQHandler
                0x000007e0                ELS_ERR_IRQHandler
                0x000007e4                PKC_ERR_IRQHandler
                0x000007e8                ERM_SINGLE_BIT_ERROR_IRQHandler
                0x000007ec                ERM_MULTI_BIT_ERROR_IRQHandler
                0x000007f0                FMU0_IRQHandler
                0x000007f4                ETHERNET_IRQHandler
                0x000007f8                ETHERNET_PMT_IRQHandler
                0x000007fc                ETHERNET_MACLP_IRQHandler
                0x00000800                SINC_FILTER_IRQHandler
                0x00000804                LPTMR0_IRQHandler
                0x00000808                LPTMR1_IRQHandler
                0x0000080c                SCG_IRQHandler
                0x00000810                SPC_IRQHandler
                0x00000814                WUU_IRQHandler
                0x00000818                PORT_EFT_IRQHandler
                0x0000081c                ETB0_IRQHandler
                0x00000820                Reserved166_IRQHandler
                0x00000824                Reserved167_IRQHandler
                0x00000828                WWDT0_IRQHandler
                0x0000082c                WWDT1_IRQHandler
                0x00000830                CMC0_IRQHandler
                0x00000834                CTI0_IRQHandler
 .text          0x00000abc       0x10 /media/ankesh/general/ARM/arm-gnu-toolchain-15.2.rel1-x86_64-arm-none-eabi/bin/../lib/gcc/arm-none-eabi/15.2.1/../../../../arm-none-eabi/lib/thumb/v8-m.main+fp/hard/libc_nano.a(libc_a-strlen.o)
                0x00000abc                strlen
 .text          0x00000acc      0x378 /media/ankesh/general/ARM/arm-gnu-toolchain-15.2.rel1-x86_64-arm-none-eabi/bin/../lib/gcc/arm-none-eabi/15.2.1/thumb/v8-m.main+fp/hard/libgcc.a(_arm_addsubdf3.o)
                0x00000acc                __aeabi_drsub
                0x00000ad4                __aeabi_dsub
                0x00000ad4                __subdf3
                0x00000ad8                __adddf3
                0x00000ad8                __aeabi_dadd
                0x00000d50                __aeabi_ui2d
                0x00000d50                __floatunsidf
                0x00000d70                __floatsidf
                0x00000d70                __aeabi_i2d
                0x00000d94                __extendsfdf2
                0x00000d94                __aeabi_f2d
                0x00000dd8                __aeabi_ul2d
                0x00000dd8                __floatundidf
                0x00000de8                __floatdidf
                0x00000de8                __aeabi_l2d
 .text          0x00000e44      0x424 /media/ankesh/general/ARM/arm-gnu-toolchain-15.2.rel1-x86_64-arm-none-eabi/bin/../lib/gcc/arm-none-eabi/15.2.1/thumb/v8-m.main+fp/hard/libgcc.a(_arm_muldivdf3.o)
                0x00000e44                __aeabi_dmul
                0x00000e44                __muldf3
                0x00001098                __aeabi_ddiv
                0x00001098                __divdf3
 .text          0x00001268       0xa0 /media/ankesh/general/ARM/arm-gnu-toolchain-15.2.rel1-x86_64-arm-none-eabi/bin/../lib/gcc/arm-none-eabi/15.2.1/thumb/v8-m.main+fp/hard/libgcc.a(_arm_truncdfsf2.o)
                0x00001268                __aeabi_d2f
                0x00001268                __truncdfsf2
 .text          0x00001308       0x30 /media/ankesh/general/ARM/arm-gnu-toolchain-15.2.rel1-x86_64-arm-none-eabi/bin/../lib/gcc/arm-none-eabi/15.2.1/thumb/v8-m.main+fp/hard/libgcc.a(_aeabi_uldivmod.o)
                0x00001308                __aeabi_uldivmod
 .text          0x00001338        0x4 /media/ankesh/general/ARM/arm-gnu-toolchain-15.2.rel1-x86_64-arm-none-eabi/bin/../lib/gcc/arm-none-eabi/15.2.1/thumb/v8-m.main+fp/hard/libgcc.a(_dvmd_tls.o)
                0x00001338                __aeabi_ldiv0
                0x00001338                __aeabi_idiv0
 .text          0x0000133c       0x40 /media/ankesh/general/ARM/arm-gnu-toolchain-15.2.rel1-x86_64-arm-none-eabi/bin/../lib/gcc/arm-none-eabi/15.2.1/thumb/v8-m.main+fp/hard/libgcc.a(_arm_fixunsdfsi.o)
                0x0000133c                __fixunsdfsi
                0x0000133c                __aeabi_d2uiz
 *(.text*)
 .text.deregister_tm_clones
                0x0000137c       0x1c /media/ankesh/general/ARM/arm-gnu-toolchain-15.2.rel1-x86_64-arm-none-eabi/bin/../lib/gcc/arm-none-eabi/15.2.1/thumb/v8-m.main+fp/hard/crtbegin.o
 .text.register_tm_clones
                0x00001398       0x28 /media/ankesh/general/ARM/arm-gnu-toolchain-15.2.rel1-x86_64-arm-none-eabi/bin/../lib/gcc/arm-none-eabi/15.2.1/thumb/v8-m.main+fp/hard/crtbegin.o
 .text.__do_global_dtors_aux
                0x000013c0       0x28 /media/ankesh/general/ARM/arm-gnu-toolchain-15.2.rel1-x86_64-arm-none-eabi/bin/../lib/gcc/arm-none-eabi/15.2.1/thumb/v8-m.main+fp/hard/crtbegin.o
 .text.frame_dummy
                0x000013e8       0x24 /media/ankesh/general/ARM/arm-gnu-toolchain-15.2.rel1-x86_64-arm-none-eabi/bin/../lib/gcc/arm-none-eabi/15.2.1/thumb/v8-m.main+fp/hard/crtbegin.o
 .text.CLOCK_EnableClock
                0x0000140c       0x8a CMakeFiles/mcxn947_base.elf.dir/src/main.c.obj
 .text.GPIO_PinRead
                0x00001496       0x22 CMakeFiles/mcxn947_base.elf.dir/src/main.c.obj
 .text.APP_IsButtonPressed
                0x000014b8       0x26 CMakeFiles/mcxn947_base.elf.dir/src/main.c.obj
 *fill*         0x000014de        0x2 
 .text.main     0x000014e0      0x188 CMakeFiles/mcxn947_base.elf.dir/src/main.c.obj
                0x000014e0                main
 .text.EDMA_EnableChannelRequest
                0x00001668       0x54 CMakeFiles/mcxn947_base.elf.dir/src/dac_waveform.c.obj
 .text.EDMA_0_CH1_IRQHandler
                0x000016bc       0x40 CMakeFiles/mcxn947_base.elf.dir/src/dac_waveform.c.obj
                0x000016bc                EDMA_0_CH1_IRQHandler
 .text.__NVIC_EnableIRQ
                0x000016fc       0x38 CMakeFiles/mcxn947_base.elf.dir/src/pmu_acquisition.c.obj
 .text.CLOCK_EnableClock
                0x00001734       0x8a CMakeFiles/mcxn947_base.elf.dir/src/pmu_acquisition.c.obj
 .text.EnableIRQ
                0x000017be       0x32 CMakeFiles/mcxn947_base.elf.dir/src/pmu_acquisition.c.obj
 .text.EDMA_EnableChannelRequest
                0x000017f0       0x54 CMakeFiles/mcxn947_base.elf.dir/src/pmu_acquisition.c.obj
 .text.LPADC_EnableFIFO0WatermarkDMA
                0x00001844       0x36 CMakeFiles/mcxn947_base.elf.dir/src/pmu_acquisition.c.obj
 *fill*         0x0000187a        0x2 
 .text.LPTMR_SetTimerPeriod
                0x0000187c       0x3c CMakeFiles/mcxn947_base.elf.dir/src/pmu_acquisition.c.obj
 .text.LPTMR_StartTimer
                0x000018b8       0x2e CMakeFiles/mcxn947_base.elf.dir/src/pmu_acquisition.c.obj
 .text.SPC_EnableActiveModeAnalogModules
                0x000018e6       0x24 CMakeFiles/mcxn947_base.elf.dir/src/pmu_acquisition.c.obj
 *fill*         0x0000190a        0x2 
 .text.EDMA_0_CH0_IRQHandler
                0x0000190c       0x40 CMakeFiles/mcxn947_base.elf.dir/src/pmu_acquisition.c.obj
                0x0000190c                EDMA_0_CH0_IRQHandler
 .text.PMU_InitAdc
                0x0000194c       0xc0 CMakeFiles/mcxn947_base.elf.dir/src/pmu_acquisition.c.obj
 .text.PMU_InitDma
                0x00001a0c       0xa8 CMakeFiles/mcxn947_base.elf.dir/src/pmu_acquisition.c.obj
 .text.PMU_InitTriggerTimer
                0x00001ab4       0x64 CMakeFiles/mcxn947_base.elf.dir/src/pmu_acquisition.c.obj
 .text.PMU_AcquisitionInit
                0x00001b18       0x20 CMakeFiles/mcxn947_base.elf.dir/src/pmu_acquisition.c.obj
                0x00001b18                PMU_AcquisitionInit
 .text.PMU_AcquisitionTakeWindow
                0x00001b38      0x118 CMakeFiles/mcxn947_base.elf.dir/src/pmu_acquisition.c.obj
                0x00001b38                PMU_AcquisitionTakeWindow
 .text.PMU_AcquisitionCompletedWindowCount
                0x00001c50       0x14 CMakeFiles/mcxn947_base.elf.dir/src/pmu_acquisition.c.obj
                0x00001c50                PMU_AcquisitionCompletedWindowCount
 .text.PMU_PutU16
                0x00001c64       0x2c CMakeFiles/mcxn947_base.elf.dir/src/pmu_protocol.c.obj
 .text.PMU_PutU32
                0x00001c90       0x30 CMakeFiles/mcxn947_base.elf.dir/src/pmu_protocol.c.obj
 .text.PMU_PutU64
                0x00001cc0       0x3c CMakeFiles/mcxn947_base.elf.dir/src/pmu_protocol.c.obj
 .text.PMU_Crc16
                0x00001cfc       0x7a CMakeFiles/mcxn947_base.elf.dir/src/pmu_protocol.c.obj
 *fill*         0x00001d76        0x2 
 .text.PMU_EncodeSamplePacket
                0x00001d78      0x15c CMakeFiles/mcxn947_base.elf.dir/src/pmu_protocol.c.obj
                0x00001d78                PMU_EncodeSamplePacket
 .text.CLOCK_EnableClock
                0x00001ed4       0x8a CMakeFiles/mcxn947_base.elf.dir/src/pin_mux.c.obj
 *fill*         0x00001f5e        0x2 
 .text.PORT_SetPinConfig
                0x00001f60       0x48 CMakeFiles/mcxn947_base.elf.dir/src/pin_mux.c.obj
 .text.BOARD_InitPins
                0x00001fa8      0x108 CMakeFiles/mcxn947_base.elf.dir/src/pin_mux.c.obj
                0x00001fa8                BOARD_InitPins
 .text.BOARD_InitDebugConsole
                0x000020b0       0x38 CMakeFiles/mcxn947_base.elf.dir/media/ankesh/general/mcux-workspace/core/boards/frdmmcxn947/board.c.obj
                0x000020b0                BOARD_InitDebugConsole
 .text.CLOCK_EnableClock
                0x000020e8       0x8a CMakeFiles/mcxn947_base.elf.dir/media/ankesh/general/mcux-workspace/core/boards/frdmmcxn947/clock_config.c.obj
 *fill*         0x00002172        0x2 
 .text.BOARD_BootClockFRO12M
                0x00002174       0x88 CMakeFiles/mcxn947_base.elf.dir/media/ankesh/general/mcux-workspace/core/boards/frdmmcxn947/clock_config.c.obj
                0x00002174                BOARD_BootClockFRO12M
 .text.SystemInit
                0x000021fc      0x114 CMakeFiles/mcxn947_base.elf.dir/media/ankesh/general/mcux-workspace/core/devices/MCXN947/system_MCXN947_cm33_core0.c.obj
                0x000021fc                SystemInit
 .text.SystemInitHook
                0x00002310        0xc CMakeFiles/mcxn947_base.elf.dir/media/ankesh/general/mcux-workspace/core/devices/MCXN947/system_MCXN947_cm33_core0.c.obj
                0x00002310                SystemInitHook
 .text.DbgConsole_Init
                0x0000231c       0x88 CMakeFiles/mcxn947_base.elf.dir/media/ankesh/general/mcux-workspace/core/utilities/debug_console_lite/fsl_debug_console.c.obj
                0x0000231c                DbgConsole_Init
 .text.DbgConsole_Printf
                0x000023a4       0x2c CMakeFiles/mcxn947_base.elf.dir/media/ankesh/general/mcux-workspace/core/utilities/debug_console_lite/fsl_debug_console.c.obj
                0x000023a4                DbgConsole_Printf
 .text.DbgConsole_Vprintf
                0x000023d0       0x3c CMakeFiles/mcxn947_base.elf.dir/media/ankesh/general/mcux-workspace/core/utilities/debug_console_lite/fsl_debug_console.c.obj
                0x000023d0                DbgConsole_Vprintf
 .text.DbgConsole_Putchar
                0x0000240c       0x30 CMakeFiles/mcxn947_base.elf.dir/media/ankesh/general/mcux-workspace/core/utilities/debug_console_lite/fsl_debug_console.c.obj
                0x0000240c                DbgConsole_Putchar
 .text.DbgConsole_PrintfPaddingCharacter
                0x0000243c       0x40 CMakeFiles/mcxn947_base.elf.dir/media/ankesh/general/mcux-workspace/core/utilities/debug_console_lite/fsl_debug_console.c.obj
 .text.DbgConsole_ConvertRadixNumToString
                0x0000247c       0xc0 CMakeFiles/mcxn947_base.elf.dir/media/ankesh/general/mcux-workspace/core/utilities/debug_console_lite/fsl_debug_console.c.obj
 .text.DbgConsole_PrintfFormattedData
                0x0000253c      0x39c CMakeFiles/mcxn947_base.elf.dir/media/ankesh/general/mcux-workspace/core/utilities/debug_console_lite/fsl_debug_console.c.obj
 .text.CLOCK_IsPLL0Locked
                0x000028d8       0x20 CMakeFiles/mcxn947_base.elf.dir/media/ankesh/general/mcux-workspace/core/devices/MCXN947/drivers/fsl_clock.c.obj
 .text.CLOCK_IsPLL1Locked
                0x000028f8       0x20 CMakeFiles/mcxn947_base.elf.dir/media/ankesh/general/mcux-workspace/core/devices/MCXN947/drivers/fsl_clock.c.obj
 .text.CLOCK_AttachClk
                0x00002918       0xac CMakeFiles/mcxn947_base.elf.dir/media/ankesh/general/mcux-workspace/core/devices/MCXN947/drivers/fsl_clock.c.obj
                0x00002918                CLOCK_AttachClk
 .text.CLOCK_SetClkDiv
                0x000029c4       0x50 CMakeFiles/mcxn947_base.elf.dir/media/ankesh/general/mcux-workspace/core/devices/MCXN947/drivers/fsl_clock.c.obj
                0x000029c4                CLOCK_SetClkDiv
 .text.CLOCK_SetupClockCtrl
                0x00002a14       0x26 CMakeFiles/mcxn947_base.elf.dir/media/ankesh/general/mcux-workspace/core/devices/MCXN947/drivers/fsl_clock.c.obj
                0x00002a14                CLOCK_SetupClockCtrl
 .text.CLOCK_GetFreq
                0x00002a3a      0x1da CMakeFiles/mcxn947_base.elf.dir/media/ankesh/general/mcux-workspace/core/devices/MCXN947/drivers/fsl_clock.c.obj
                0x00002a3a                CLOCK_GetFreq
 .text.CLOCK_GetPll0OutFreq
                0x00002c14       0x82 CMakeFiles/mcxn947_base.elf.dir/media/ankesh/general/mcux-workspace/core/devices/MCXN947/drivers/fsl_clock.c.obj
                0x00002c14                CLOCK_GetPll0OutFreq
 .text.CLOCK_GetPll1OutFreq
                0x00002c96       0x82 CMakeFiles/mcxn947_base.elf.dir/media/ankesh/general/mcux-workspace/core/devices/MCXN947/drivers/fsl_clock.c.obj
                0x00002c96                CLOCK_GetPll1OutFreq
 .text.CLOCK_GetPLL0InClockRate
                0x00002d18       0x58 CMakeFiles/mcxn947_base.elf.dir/media/ankesh/general/mcux-workspace/core/devices/MCXN947/drivers/fsl_clock.c.obj
                0x00002d18                CLOCK_GetPLL0InClockRate
 .text.CLOCK_GetPLL1InClockRate
                0x00002d70       0x58 CMakeFiles/mcxn947_base.elf.dir/media/ankesh/general/mcux-workspace/core/devices/MCXN947/drivers/fsl_clock.c.obj
                0x00002d70                CLOCK_GetPLL1InClockRate
 .text.CLOCK_GetFro12MFreq
                0x00002dc8       0x28 CMakeFiles/mcxn947_base.elf.dir/media/ankesh/general/mcux-workspace/core/devices/MCXN947/drivers/fsl_clock.c.obj
 .text.CLOCK_GetClk1MFreq
                0x00002df0       0x14 CMakeFiles/mcxn947_base.elf.dir/media/ankesh/general/mcux-workspace/core/devices/MCXN947/drivers/fsl_clock.c.obj
 .text.CLOCK_GetFroHfFreq
                0x00002e04       0x4c CMakeFiles/mcxn947_base.elf.dir/media/ankesh/general/mcux-workspace/core/devices/MCXN947/drivers/fsl_clock.c.obj
 .text.CLOCK_GetClk48MFreq
                0x00002e50       0x28 CMakeFiles/mcxn947_base.elf.dir/media/ankesh/general/mcux-workspace/core/devices/MCXN947/drivers/fsl_clock.c.obj
 .text.CLOCK_GetClk144MFreq
                0x00002e78       0x28 CMakeFiles/mcxn947_base.elf.dir/media/ankesh/general/mcux-workspace/core/devices/MCXN947/drivers/fsl_clock.c.obj
 .text.CLOCK_GetClk16KFreq
                0x00002ea0       0x44 CMakeFiles/mcxn947_base.elf.dir/media/ankesh/general/mcux-workspace/core/devices/MCXN947/drivers/fsl_clock.c.obj
 .text.CLOCK_GetExtClkFreq
                0x00002ee4       0x2c CMakeFiles/mcxn947_base.elf.dir/media/ankesh/general/mcux-workspace/core/devices/MCXN947/drivers/fsl_clock.c.obj
 .text.CLOCK_GetOsc32KFreq
                0x00002f10       0x4c CMakeFiles/mcxn947_base.elf.dir/media/ankesh/general/mcux-workspace/core/devices/MCXN947/drivers/fsl_clock.c.obj
 .text.CLOCK_GetMainClkFreq
                0x00002f5c       0x90 CMakeFiles/mcxn947_base.elf.dir/media/ankesh/general/mcux-workspace/core/devices/MCXN947/drivers/fsl_clock.c.obj
                0x00002f5c                CLOCK_GetMainClkFreq
 .text.CLOCK_GetCoreSysClkFreq
                0x00002fec       0x2c CMakeFiles/mcxn947_base.elf.dir/media/ankesh/general/mcux-workspace/core/devices/MCXN947/drivers/fsl_clock.c.obj
                0x00002fec                CLOCK_GetCoreSysClkFreq
 .text.CLOCK_GetSystickClkFreq
                0x00003018       0x74 CMakeFiles/mcxn947_base.elf.dir/media/ankesh/general/mcux-workspace/core/devices/MCXN947/drivers/fsl_clock.c.obj
 .text.CLOCK_GetClockOutClkFreq
                0x0000308c       0xb8 CMakeFiles/mcxn947_base.elf.dir/media/ankesh/general/mcux-workspace/core/devices/MCXN947/drivers/fsl_clock.c.obj
 .text.CLOCK_GetLposcFreq
                0x00003144       0x48 CMakeFiles/mcxn947_base.elf.dir/media/ankesh/general/mcux-workspace/core/devices/MCXN947/drivers/fsl_clock.c.obj
 .text.findPll0PreDiv
                0x0000318c       0x3c CMakeFiles/mcxn947_base.elf.dir/media/ankesh/general/mcux-workspace/core/devices/MCXN947/drivers/fsl_clock.c.obj
 .text.findPll1PreDiv
                0x000031c8       0x3c CMakeFiles/mcxn947_base.elf.dir/media/ankesh/general/mcux-workspace/core/devices/MCXN947/drivers/fsl_clock.c.obj
 .text.findPll0PostDiv
                0x00003204       0x5c CMakeFiles/mcxn947_base.elf.dir/media/ankesh/general/mcux-workspace/core/devices/MCXN947/drivers/fsl_clock.c.obj
 .text.findPll1PostDiv
                0x00003260       0x5c CMakeFiles/mcxn947_base.elf.dir/media/ankesh/general/mcux-workspace/core/devices/MCXN947/drivers/fsl_clock.c.obj
 .text.findPll0MMult
                0x000032bc       0xac CMakeFiles/mcxn947_base.elf.dir/media/ankesh/general/mcux-workspace/core/devices/MCXN947/drivers/fsl_clock.c.obj
 .text.findPll1MMult
                0x00003368       0xac CMakeFiles/mcxn947_base.elf.dir/media/ankesh/general/mcux-workspace/core/devices/MCXN947/drivers/fsl_clock.c.obj
 .text.CLOCK_EnableClock
                0x00003414       0x8a CMakeFiles/mcxn947_base.elf.dir/media/ankesh/general/mcux-workspace/core/drivers/edma4/fsl_edma.c.obj
 .text.RESET_ReleasePeripheralReset
                0x0000349e       0x16 CMakeFiles/mcxn947_base.elf.dir/media/ankesh/general/mcux-workspace/core/drivers/edma4/fsl_edma.c.obj
 .text.EDMA_SetChannelMux
                0x000034b4       0x5c CMakeFiles/mcxn947_base.elf.dir/media/ankesh/general/mcux-workspace/core/drivers/edma4/fsl_edma.c.obj
 .text.EDMA_EnableChannelMasterIDReplication
                0x00003510       0x80 CMakeFiles/mcxn947_base.elf.dir/media/ankesh/general/mcux-workspace/core/drivers/edma4/fsl_edma.c.obj
 .text.EDMA_SetChannelSecurityLevel
                0x00003590       0x80 CMakeFiles/mcxn947_base.elf.dir/media/ankesh/general/mcux-workspace/core/drivers/edma4/fsl_edma.c.obj
 .text.EDMA_SetChannelProtectionLevel
                0x00003610       0x80 CMakeFiles/mcxn947_base.elf.dir/media/ankesh/general/mcux-workspace/core/drivers/edma4/fsl_edma.c.obj
 .text.EDMA_GetInstance
                0x00003690       0x58 CMakeFiles/mcxn947_base.elf.dir/media/ankesh/general/mcux-workspace/core/drivers/edma4/fsl_edma.c.obj
 .text.EDMA_Init
                0x000036e8       0xe8 CMakeFiles/mcxn947_base.elf.dir/media/ankesh/general/mcux-workspace/core/drivers/edma4/fsl_edma.c.obj
                0x000036e8                EDMA_Init
 .text.EDMA_InitChannel
                0x000037d0       0x80 CMakeFiles/mcxn947_base.elf.dir/media/ankesh/general/mcux-workspace/core/drivers/edma4/fsl_edma.c.obj
                0x000037d0                EDMA_InitChannel
 .text.EDMA_GetDefaultConfig
                0x00003850       0x58 CMakeFiles/mcxn947_base.elf.dir/media/ankesh/general/mcux-workspace/core/drivers/edma4/fsl_edma.c.obj
                0x00003850                EDMA_GetDefaultConfig
 .text.EDMA_SetTransferConfig
                0x000038a8       0x68 CMakeFiles/mcxn947_base.elf.dir/media/ankesh/general/mcux-workspace/core/drivers/edma4/fsl_edma.c.obj
                0x000038a8                EDMA_SetTransferConfig
 .text.EDMA_SetChannelPreemptionConfig
                0x00003910       0x84 CMakeFiles/mcxn947_base.elf.dir/media/ankesh/general/mcux-workspace/core/drivers/edma4/fsl_edma.c.obj
                0x00003910                EDMA_SetChannelPreemptionConfig
 .text.EDMA_TcdSetTransferConfigExt
                0x00003994       0x98 CMakeFiles/mcxn947_base.elf.dir/media/ankesh/general/mcux-workspace/core/drivers/edma4/fsl_edma.c.obj
                0x00003994                EDMA_TcdSetTransferConfigExt
 .text.EDMA_ConfigChannelSoftwareTCDExt
                0x00003a2c      0x3f8 CMakeFiles/mcxn947_base.elf.dir/media/ankesh/general/mcux-workspace/core/drivers/edma4/fsl_edma.c.obj
                0x00003a2c                EDMA_ConfigChannelSoftwareTCDExt
 .text.EDMA_GetChannelStatusFlags
                0x00003e24       0x88 CMakeFiles/mcxn947_base.elf.dir/media/ankesh/general/mcux-workspace/core/drivers/edma4/fsl_edma.c.obj
                0x00003e24                EDMA_GetChannelStatusFlags
 .text.EDMA_ClearChannelStatusFlags
                0x00003eac       0xa4 CMakeFiles/mcxn947_base.elf.dir/media/ankesh/general/mcux-workspace/core/drivers/edma4/fsl_edma.c.obj
                0x00003eac                EDMA_ClearChannelStatusFlags
 .text.EDMA_TransferWidthMapping
                0x00003f50       0x94 CMakeFiles/mcxn947_base.elf.dir/media/ankesh/general/mcux-workspace/core/drivers/edma4/fsl_edma.c.obj
 .text.EDMA_PrepareTransferConfig
                0x00003fe4      0x1b0 CMakeFiles/mcxn947_base.elf.dir/media/ankesh/general/mcux-workspace/core/drivers/edma4/fsl_edma.c.obj
                0x00003fe4                EDMA_PrepareTransferConfig
 .text.EDMA_PrepareTransfer
                0x00004194       0xbc CMakeFiles/mcxn947_base.elf.dir/media/ankesh/general/mcux-workspace/core/drivers/edma4/fsl_edma.c.obj
                0x00004194                EDMA_PrepareTransfer
 .text.EDMA_HandleIRQ
                0x00004250      0x1ac CMakeFiles/mcxn947_base.elf.dir/media/ankesh/general/mcux-workspace/core/drivers/edma4/fsl_edma.c.obj
                0x00004250                EDMA_HandleIRQ
 .text.EDMA_DriverIRQHandler
                0x000043fc       0x4c CMakeFiles/mcxn947_base.elf.dir/media/ankesh/general/mcux-workspace/core/drivers/edma4/fsl_edma.c.obj
                0x000043fc                EDMA_DriverIRQHandler
 .text.EDMA_0_CH0_DriverIRQHandler
                0x00004448       0x10 CMakeFiles/mcxn947_base.elf.dir/media/ankesh/general/mcux-workspace/core/devices/MCXN947/drivers/fsl_edma_soc.c.obj
                0x00004448                EDMA_0_CH0_DriverIRQHandler
 .text.EDMA_0_CH1_DriverIRQHandler
                0x00004458       0x10 CMakeFiles/mcxn947_base.elf.dir/media/ankesh/general/mcux-workspace/core/devices/MCXN947/drivers/fsl_edma_soc.c.obj
                0x00004458                EDMA_0_CH1_DriverIRQHandler
 .text.EDMA_0_CH2_DriverIRQHandler
                0x00004468       0x10 CMakeFiles/mcxn947_base.elf.dir/media/ankesh/general/mcux-workspace/core/devices/MCXN947/drivers/fsl_edma_soc.c.obj
                0x00004468                EDMA_0_CH2_DriverIRQHandler
 .text.EDMA_0_CH3_DriverIRQHandler
                0x00004478       0x10 CMakeFiles/mcxn947_base.elf.dir/media/ankesh/general/mcux-workspace/core/devices/MCXN947/drivers/fsl_edma_soc.c.obj
                0x00004478                EDMA_0_CH3_DriverIRQHandler
 .text.EDMA_0_CH4_DriverIRQHandler
                0x00004488       0x10 CMakeFiles/mcxn947_base.elf.dir/media/ankesh/general/mcux-workspace/core/devices/MCXN947/drivers/fsl_edma_soc.c.obj
                0x00004488                EDMA_0_CH4_DriverIRQHandler
 .text.EDMA_0_CH5_DriverIRQHandler
                0x00004498       0x10 CMakeFiles/mcxn947_base.elf.dir/media/ankesh/general/mcux-workspace/core/devices/MCXN947/drivers/fsl_edma_soc.c.obj
                0x00004498                EDMA_0_CH5_DriverIRQHandler
 .text.EDMA_0_CH6_DriverIRQHandler
                0x000044a8       0x10 CMakeFiles/mcxn947_base.elf.dir/media/ankesh/general/mcux-workspace/core/devices/MCXN947/drivers/fsl_edma_soc.c.obj
                0x000044a8                EDMA_0_CH6_DriverIRQHandler
 .text.EDMA_0_CH7_DriverIRQHandler
                0x000044b8       0x10 CMakeFiles/mcxn947_base.elf.dir/media/ankesh/general/mcux-workspace/core/devices/MCXN947/drivers/fsl_edma_soc.c.obj
                0x000044b8                EDMA_0_CH7_DriverIRQHandler
 .text.EDMA_0_CH8_DriverIRQHandler
                0x000044c8       0x10 CMakeFiles/mcxn947_base.elf.dir/media/ankesh/general/mcux-workspace/core/devices/MCXN947/drivers/fsl_edma_soc.c.obj
                0x000044c8                EDMA_0_CH8_DriverIRQHandler
 .text.EDMA_0_CH9_DriverIRQHandler
                0x000044d8       0x10 CMakeFiles/mcxn947_base.elf.dir/media/ankesh/general/mcux-workspace/core/devices/MCXN947/drivers/fsl_edma_soc.c.obj
                0x000044d8                EDMA_0_CH9_DriverIRQHandler
 .text.EDMA_0_CH10_DriverIRQHandler
                0x000044e8       0x10 CMakeFiles/mcxn947_base.elf.dir/media/ankesh/general/mcux-workspace/core/devices/MCXN947/drivers/fsl_edma_soc.c.obj
                0x000044e8                EDMA_0_CH10_DriverIRQHandler
 .text.EDMA_0_CH11_DriverIRQHandler
                0x000044f8       0x10 CMakeFiles/mcxn947_base.elf.dir/media/ankesh/general/mcux-workspace/core/devices/MCXN947/drivers/fsl_edma_soc.c.obj
                0x000044f8                EDMA_0_CH11_DriverIRQHandler
 .text.EDMA_0_CH12_DriverIRQHandler
                0x00004508       0x10 CMakeFiles/mcxn947_base.elf.dir/media/ankesh/general/mcux-workspace/core/devices/MCXN947/drivers/fsl_edma_soc.c.obj
                0x00004508                EDMA_0_CH12_DriverIRQHandler
 .text.EDMA_0_CH13_DriverIRQHandler
                0x00004518       0x10 CMakeFiles/mcxn947_base.elf.dir/media/ankesh/general/mcux-workspace/core/devices/MCXN947/drivers/fsl_edma_soc.c.obj
                0x00004518                EDMA_0_CH13_DriverIRQHandler
 .text.EDMA_0_CH14_DriverIRQHandler
                0x00004528       0x10 CMakeFiles/mcxn947_base.elf.dir/media/ankesh/general/mcux-workspace/core/devices/MCXN947/drivers/fsl_edma_soc.c.obj
                0x00004528                EDMA_0_CH14_DriverIRQHandler
 .text.EDMA_0_CH15_DriverIRQHandler
                0x00004538       0x10 CMakeFiles/mcxn947_base.elf.dir/media/ankesh/general/mcux-workspace/core/devices/MCXN947/drivers/fsl_edma_soc.c.obj
                0x00004538                EDMA_0_CH15_DriverIRQHandler
 .text.EDMA_1_CH0_DriverIRQHandler
                0x00004548       0x10 CMakeFiles/mcxn947_base.elf.dir/media/ankesh/general/mcux-workspace/core/devices/MCXN947/drivers/fsl_edma_soc.c.obj
                0x00004548                EDMA_1_CH0_DriverIRQHandler
 .text.EDMA_1_CH1_DriverIRQHandler
                0x00004558       0x10 CMakeFiles/mcxn947_base.elf.dir/media/ankesh/general/mcux-workspace/core/devices/MCXN947/drivers/fsl_edma_soc.c.obj
                0x00004558                EDMA_1_CH1_DriverIRQHandler
 .text.EDMA_1_CH2_DriverIRQHandler
                0x00004568       0x10 CMakeFiles/mcxn947_base.elf.dir/media/ankesh/general/mcux-workspace/core/devices/MCXN947/drivers/fsl_edma_soc.c.obj
                0x00004568                EDMA_1_CH2_DriverIRQHandler
 .text.EDMA_1_CH3_DriverIRQHandler
                0x00004578       0x10 CMakeFiles/mcxn947_base.elf.dir/media/ankesh/general/mcux-workspace/core/devices/MCXN947/drivers/fsl_edma_soc.c.obj
                0x00004578                EDMA_1_CH3_DriverIRQHandler
 .text.EDMA_1_CH4_DriverIRQHandler
                0x00004588       0x10 CMakeFiles/mcxn947_base.elf.dir/media/ankesh/general/mcux-workspace/core/devices/MCXN947/drivers/fsl_edma_soc.c.obj
                0x00004588                EDMA_1_CH4_DriverIRQHandler
 .text.EDMA_1_CH5_DriverIRQHandler
                0x00004598       0x10 CMakeFiles/mcxn947_base.elf.dir/media/ankesh/general/mcux-workspace/core/devices/MCXN947/drivers/fsl_edma_soc.c.obj
                0x00004598                EDMA_1_CH5_DriverIRQHandler
 .text.EDMA_1_CH6_DriverIRQHandler
                0x000045a8       0x10 CMakeFiles/mcxn947_base.elf.dir/media/ankesh/general/mcux-workspace/core/devices/MCXN947/drivers/fsl_edma_soc.c.obj
                0x000045a8                EDMA_1_CH6_DriverIRQHandler
 .text.EDMA_1_CH7_DriverIRQHandler
                0x000045b8       0x10 CMakeFiles/mcxn947_base.elf.dir/media/ankesh/general/mcux-workspace/core/devices/MCXN947/drivers/fsl_edma_soc.c.obj
                0x000045b8                EDMA_1_CH7_DriverIRQHandler
 .text.EDMA_1_CH8_DriverIRQHandler
                0x000045c8       0x10 CMakeFiles/mcxn947_base.elf.dir/media/ankesh/general/mcux-workspace/core/devices/MCXN947/drivers/fsl_edma_soc.c.obj
                0x000045c8                EDMA_1_CH8_DriverIRQHandler
 .text.EDMA_1_CH9_DriverIRQHandler
                0x000045d8       0x10 CMakeFiles/mcxn947_base.elf.dir/media/ankesh/general/mcux-workspace/core/devices/MCXN947/drivers/fsl_edma_soc.c.obj
                0x000045d8                EDMA_1_CH9_DriverIRQHandler
 .text.EDMA_1_CH10_DriverIRQHandler
                0x000045e8       0x10 CMakeFiles/mcxn947_base.elf.dir/media/ankesh/general/mcux-workspace/core/devices/MCXN947/drivers/fsl_edma_soc.c.obj
                0x000045e8                EDMA_1_CH10_DriverIRQHandler
 .text.EDMA_1_CH11_DriverIRQHandler
                0x000045f8       0x10 CMakeFiles/mcxn947_base.elf.dir/media/ankesh/general/mcux-workspace/core/devices/MCXN947/drivers/fsl_edma_soc.c.obj
                0x000045f8                EDMA_1_CH11_DriverIRQHandler
 .text.EDMA_1_CH12_DriverIRQHandler
                0x00004608       0x10 CMakeFiles/mcxn947_base.elf.dir/media/ankesh/general/mcux-workspace/core/devices/MCXN947/drivers/fsl_edma_soc.c.obj
                0x00004608                EDMA_1_CH12_DriverIRQHandler
 .text.EDMA_1_CH13_DriverIRQHandler
                0x00004618       0x10 CMakeFiles/mcxn947_base.elf.dir/media/ankesh/general/mcux-workspace/core/devices/MCXN947/drivers/fsl_edma_soc.c.obj
                0x00004618                EDMA_1_CH13_DriverIRQHandler
 .text.EDMA_1_CH14_DriverIRQHandler
                0x00004628       0x10 CMakeFiles/mcxn947_base.elf.dir/media/ankesh/general/mcux-workspace/core/devices/MCXN947/drivers/fsl_edma_soc.c.obj
                0x00004628                EDMA_1_CH14_DriverIRQHandler
 .text.EDMA_1_CH15_DriverIRQHandler
                0x00004638       0x10 CMakeFiles/mcxn947_base.elf.dir/media/ankesh/general/mcux-workspace/core/devices/MCXN947/drivers/fsl_edma_soc.c.obj
                0x00004638                EDMA_1_CH15_DriverIRQHandler
 .text.DelayLoop
                0x00004648       0x1e CMakeFiles/mcxn947_base.elf.dir/media/ankesh/general/mcux-workspace/core/drivers/common/fsl_common_arm.c.obj
 *fill*         0x00004666        0x2 
 .text.SDK_DelayAtLeastUs
                0x00004668       0x98 CMakeFiles/mcxn947_base.elf.dir/media/ankesh/general/mcux-workspace/core/drivers/common/fsl_common_arm.c.obj
                0x00004668                SDK_DelayAtLeastUs
 .text.__assert_func
                0x00004700       0x28 CMakeFiles/mcxn947_base.elf.dir/media/ankesh/general/mcux-workspace/core/utilities/assert/fsl_assert.c.obj
                0x00004700                __assert_func
 .text.RESET_ClearPeripheralReset
                0x00004728       0x74 CMakeFiles/mcxn947_base.elf.dir/media/ankesh/general/mcux-workspace/core/devices/MCXN947/drivers/fsl_reset.c.obj
                0x00004728                RESET_ClearPeripheralReset
 .text.SPC_GetActiveModeBandgapMode
                0x0000479c       0x20 CMakeFiles/mcxn947_base.elf.dir/media/ankesh/general/mcux-workspace/core/drivers/mcx_spc/fsl_spc.c.obj
 .text.SPC_GetActiveModeVoltageDetectStatus
                0x000047bc       0x20 CMakeFiles/mcxn947_base.elf.dir/media/ankesh/general/mcux-workspace/core/drivers/mcx_spc/fsl_spc.c.obj
 .text.SPC_GetActiveModeCoreLDOVDDVoltageLevel
                0x000047dc       0x20 CMakeFiles/mcxn947_base.elf.dir/media/ankesh/general/mcux-workspace/core/drivers/mcx_spc/fsl_spc.c.obj
 .text.SPC_GetActiveModeCoreLDODriveStrength
                0x000047fc       0x20 CMakeFiles/mcxn947_base.elf.dir/media/ankesh/general/mcux-workspace/core/drivers/mcx_spc/fsl_spc.c.obj
 .text.SPC_SetActiveModeDCDCRegulatorVoltageLevel
                0x0000481c       0x30 CMakeFiles/mcxn947_base.elf.dir/media/ankesh/general/mcux-workspace/core/drivers/mcx_spc/fsl_spc.c.obj
 .text.SPC_SetSRAMOperateVoltage
                0x0000484c       0x74 CMakeFiles/mcxn947_base.elf.dir/media/ankesh/general/mcux-workspace/core/drivers/mcx_spc/fsl_spc.c.obj
                0x0000484c                SPC_SetSRAMOperateVoltage
 .text.SPC_SetActiveModeCoreLDORegulatorConfig
                0x000048c0       0xa4 CMakeFiles/mcxn947_base.elf.dir/media/ankesh/general/mcux-workspace/core/drivers/mcx_spc/fsl_spc.c.obj
                0x000048c0                SPC_SetActiveModeCoreLDORegulatorConfig
 .text.SPC_SetActiveModeCoreLDORegulatorVoltageLevel
                0x00004964       0x60 CMakeFiles/mcxn947_base.elf.dir/media/ankesh/general/mcux-workspace/core/drivers/mcx_spc/fsl_spc.c.obj
                0x00004964                SPC_SetActiveModeCoreLDORegulatorVoltageLevel
 .text.SPC_SetActiveModeCoreLDORegulatorDriveStrength
                0x000049c4       0x5e CMakeFiles/mcxn947_base.elf.dir/media/ankesh/general/mcux-workspace/core/drivers/mcx_spc/fsl_spc.c.obj
                0x000049c4                SPC_SetActiveModeCoreLDORegulatorDriveStrength
 *fill*         0x00004a22        0x2 
 .text.SPC_SetActiveModeDCDCRegulatorConfig
                0x00004a24       0x78 CMakeFiles/mcxn947_base.elf.dir/media/ankesh/general/mcux-workspace/core/drivers/mcx_spc/fsl_spc.c.obj
                0x00004a24                SPC_SetActiveModeDCDCRegulatorConfig
 .text.SPC_SetActiveModeDCDCRegulatorDriveStrength
                0x00004a9c       0x48 CMakeFiles/mcxn947_base.elf.dir/media/ankesh/general/mcux-workspace/core/drivers/mcx_spc/fsl_spc.c.obj
                0x00004a9c                SPC_SetActiveModeDCDCRegulatorDriveStrength
 .text.LPTMR_Init
                0x00004ae4       0x88 CMakeFiles/mcxn947_base.elf.dir/media/ankesh/general/mcux-workspace/core/drivers/lptmr/fsl_lptmr.c.obj
                0x00004ae4                LPTMR_Init
 .text.LPTMR_GetDefaultConfig
                0x00004b6c       0x64 CMakeFiles/mcxn947_base.elf.dir/media/ankesh/general/mcux-workspace/core/drivers/lptmr/fsl_lptmr.c.obj
                0x00004b6c                LPTMR_GetDefaultConfig
 .text.LPUART_SoftwareReset
                0x00004bd0       0x2a CMakeFiles/mcxn947_base.elf.dir/media/ankesh/general/mcux-workspace/core/drivers/lpflexcomm/lpuart/fsl_lpuart.c.obj
 *fill*         0x00004bfa        0x2 
 .text.LPUART_GetInstance
                0x00004bfc       0x58 CMakeFiles/mcxn947_base.elf.dir/media/ankesh/general/mcux-workspace/core/drivers/lpflexcomm/lpuart/fsl_lpuart.c.obj
                0x00004bfc                LPUART_GetInstance
 .text.LPUART_Init
                0x00004c54      0x3dc CMakeFiles/mcxn947_base.elf.dir/media/ankesh/general/mcux-workspace/core/drivers/lpflexcomm/lpuart/fsl_lpuart.c.obj
                0x00004c54                LPUART_Init
 .text.LPUART_GetDefaultConfig
                0x00005030       0x9c CMakeFiles/mcxn947_base.elf.dir/media/ankesh/general/mcux-workspace/core/drivers/lpflexcomm/lpuart/fsl_lpuart.c.obj
                0x00005030                LPUART_GetDefaultConfig
 .text.LPUART_GetStatusFlags
                0x000050cc       0x60 CMakeFiles/mcxn947_base.elf.dir/media/ankesh/general/mcux-workspace/core/drivers/lpflexcomm/lpuart/fsl_lpuart.c.obj
                0x000050cc                LPUART_GetStatusFlags
 .text.LPUART_ClearStatusFlags
                0x0000512c       0x94 CMakeFiles/mcxn947_base.elf.dir/media/ankesh/general/mcux-workspace/core/drivers/lpflexcomm/lpuart/fsl_lpuart.c.obj
                0x0000512c                LPUART_ClearStatusFlags
 .text.LPUART_WriteBlocking
                0x000051c0       0x78 CMakeFiles/mcxn947_base.elf.dir/media/ankesh/general/mcux-workspace/core/drivers/lpflexcomm/lpuart/fsl_lpuart.c.obj
                0x000051c0                LPUART_WriteBlocking
 .text.LPUART_ReadBlocking
                0x00005238      0x178 CMakeFiles/mcxn947_base.elf.dir/media/ankesh/general/mcux-workspace/core/drivers/lpflexcomm/lpuart/fsl_lpuart.c.obj
                0x00005238                LPUART_ReadBlocking
 .text.CLOCK_EnableClock
                0x000053b0       0x8a CMakeFiles/mcxn947_base.elf.dir/media/ankesh/general/mcux-workspace/core/drivers/lpflexcomm/fsl_lpflexcomm.c.obj
 .text.LP_FLEXCOMM_PeripheralIsPresent
                0x0000543a       0x4c CMakeFiles/mcxn947_base.elf.dir/media/ankesh/general/mcux-workspace/core/drivers/lpflexcomm/fsl_lpflexcomm.c.obj
 *fill*         0x00005486        0x2 
 .text.LP_FLEXCOMM_GetInterruptStatus
                0x00005488       0x28 CMakeFiles/mcxn947_base.elf.dir/media/ankesh/general/mcux-workspace/core/drivers/lpflexcomm/fsl_lpflexcomm.c.obj
                0x00005488                LP_FLEXCOMM_GetInterruptStatus
 .text.LP_FLEXCOMM_SetPeriph
                0x000054b0       0xa0 CMakeFiles/mcxn947_base.elf.dir/media/ankesh/general/mcux-workspace/core/drivers/lpflexcomm/fsl_lpflexcomm.c.obj
 .text.LP_FLEXCOMM_Init
                0x00005550       0x64 CMakeFiles/mcxn947_base.elf.dir/media/ankesh/general/mcux-workspace/core/drivers/lpflexcomm/fsl_lpflexcomm.c.obj
                0x00005550                LP_FLEXCOMM_Init
 .text.LP_FLEXCOMM_CommonIRQHandler
                0x000055b4       0xb8 CMakeFiles/mcxn947_base.elf.dir/media/ankesh/general/mcux-workspace/core/drivers/lpflexcomm/fsl_lpflexcomm.c.obj
 .text.LP_FLEXCOMM0_DriverIRQHandler
                0x0000566c        0xe CMakeFiles/mcxn947_base.elf.dir/media/ankesh/general/mcux-workspace/core/drivers/lpflexcomm/fsl_lpflexcomm.c.obj
                0x0000566c                LP_FLEXCOMM0_DriverIRQHandler
 .text.LP_FLEXCOMM1_DriverIRQHandler
                0x0000567a        0xe CMakeFiles/mcxn947_base.elf.dir/media/ankesh/general/mcux-workspace/core/drivers/lpflexcomm/fsl_lpflexcomm.c.obj
                0x0000567a                LP_FLEXCOMM1_DriverIRQHandler
 .text.LP_FLEXCOMM2_DriverIRQHandler
                0x00005688        0xe CMakeFiles/mcxn947_base.elf.dir/media/ankesh/general/mcux-workspace/core/drivers/lpflexcomm/fsl_lpflexcomm.c.obj
                0x00005688                LP_FLEXCOMM2_DriverIRQHandler
 .text.LP_FLEXCOMM3_DriverIRQHandler
                0x00005696        0xe CMakeFiles/mcxn947_base.elf.dir/media/ankesh/general/mcux-workspace/core/drivers/lpflexcomm/fsl_lpflexcomm.c.obj
                0x00005696                LP_FLEXCOMM3_DriverIRQHandler
 .text.LP_FLEXCOMM4_DriverIRQHandler
                0x000056a4        0xe CMakeFiles/mcxn947_base.elf.dir/media/ankesh/general/mcux-workspace/core/drivers/lpflexcomm/fsl_lpflexcomm.c.obj
                0x000056a4                LP_FLEXCOMM4_DriverIRQHandler
 .text.LP_FLEXCOMM5_DriverIRQHandler
                0x000056b2        0xe CMakeFiles/mcxn947_base.elf.dir/media/ankesh/general/mcux-workspace/core/drivers/lpflexcomm/fsl_lpflexcomm.c.obj
                0x000056b2                LP_FLEXCOMM5_DriverIRQHandler
 .text.LP_FLEXCOMM6_DriverIRQHandler
                0x000056c0        0xe CMakeFiles/mcxn947_base.elf.dir/media/ankesh/general/mcux-workspace/core/drivers/lpflexcomm/fsl_lpflexcomm.c.obj
                0x000056c0                LP_FLEXCOMM6_DriverIRQHandler
 .text.LP_FLEXCOMM7_DriverIRQHandler
                0x000056ce        0xe CMakeFiles/mcxn947_base.elf.dir/media/ankesh/general/mcux-workspace/core/drivers/lpflexcomm/fsl_lpflexcomm.c.obj
                0x000056ce                LP_FLEXCOMM7_DriverIRQHandler
 .text.LP_FLEXCOMM8_DriverIRQHandler
                0x000056dc        0xe CMakeFiles/mcxn947_base.elf.dir/media/ankesh/general/mcux-workspace/core/drivers/lpflexcomm/fsl_lpflexcomm.c.obj
                0x000056dc                LP_FLEXCOMM8_DriverIRQHandler
 .text.LP_FLEXCOMM9_DriverIRQHandler
                0x000056ea        0xe CMakeFiles/mcxn947_base.elf.dir/media/ankesh/general/mcux-workspace/core/drivers/lpflexcomm/fsl_lpflexcomm.c.obj
                0x000056ea                LP_FLEXCOMM9_DriverIRQHandler
 .text.CLOCK_EnableClock
                0x000056f8       0x8a CMakeFiles/mcxn947_base.elf.dir/media/ankesh/general/mcux-workspace/core/drivers/lpadc/fsl_lpadc.c.obj
 .text.RESET_ReleasePeripheralReset
                0x00005782       0x16 CMakeFiles/mcxn947_base.elf.dir/media/ankesh/general/mcux-workspace/core/drivers/lpadc/fsl_lpadc.c.obj
 .text.LPADC_Enable
                0x00005798       0x36 CMakeFiles/mcxn947_base.elf.dir/media/ankesh/general/mcux-workspace/core/drivers/lpadc/fsl_lpadc.c.obj
 .text.LPADC_DoResetFIFO0
                0x000057ce       0x1e CMakeFiles/mcxn947_base.elf.dir/media/ankesh/general/mcux-workspace/core/drivers/lpadc/fsl_lpadc.c.obj
 .text.LPADC_DoResetFIFO1
                0x000057ec       0x1e CMakeFiles/mcxn947_base.elf.dir/media/ankesh/general/mcux-workspace/core/drivers/lpadc/fsl_lpadc.c.obj
 .text.LPADC_DoResetConfig
                0x0000580a       0x2a CMakeFiles/mcxn947_base.elf.dir/media/ankesh/general/mcux-workspace/core/drivers/lpadc/fsl_lpadc.c.obj
 .text.LPADC_GetConvResultCount
                0x00005834       0x24 CMakeFiles/mcxn947_base.elf.dir/media/ankesh/general/mcux-workspace/core/drivers/lpadc/fsl_lpadc.c.obj
 .text.LPADC_EnableOffsetCalibration
                0x00005858       0x36 CMakeFiles/mcxn947_base.elf.dir/media/ankesh/general/mcux-workspace/core/drivers/lpadc/fsl_lpadc.c.obj
 *fill*         0x0000588e        0x2 
 .text.LPADC_GetInstance
                0x00005890       0x58 CMakeFiles/mcxn947_base.elf.dir/media/ankesh/general/mcux-workspace/core/drivers/lpadc/fsl_lpadc.c.obj
 .text.LPADC_GetGainConvResult
                0x000058e8      0x134 CMakeFiles/mcxn947_base.elf.dir/media/ankesh/general/mcux-workspace/core/drivers/lpadc/fsl_lpadc.c.obj
 .text.LPADC_Init
                0x00005a1c      0x17c CMakeFiles/mcxn947_base.elf.dir/media/ankesh/general/mcux-workspace/core/drivers/lpadc/fsl_lpadc.c.obj
                0x00005a1c                LPADC_Init
 .text.LPADC_GetDefaultConfig
                0x00005b98       0x5c CMakeFiles/mcxn947_base.elf.dir/media/ankesh/general/mcux-workspace/core/drivers/lpadc/fsl_lpadc.c.obj
                0x00005b98                LPADC_GetDefaultConfig
 .text.LPADC_SetConvTriggerConfig
                0x00005bf4       0xa4 CMakeFiles/mcxn947_base.elf.dir/media/ankesh/general/mcux-workspace/core/drivers/lpadc/fsl_lpadc.c.obj
                0x00005bf4                LPADC_SetConvTriggerConfig
 .text.LPADC_GetDefaultConvTriggerConfig
                0x00005c98       0x60 CMakeFiles/mcxn947_base.elf.dir/media/ankesh/general/mcux-workspace/core/drivers/lpadc/fsl_lpadc.c.obj
                0x00005c98                LPADC_GetDefaultConvTriggerConfig
 .text.LPADC_SetConvCommandConfig
                0x00005cf8      0x180 CMakeFiles/mcxn947_base.elf.dir/media/ankesh/general/mcux-workspace/core/drivers/lpadc/fsl_lpadc.c.obj
                0x00005cf8                LPADC_SetConvCommandConfig
 .text.LPADC_GetDefaultConvCommandConfig
                0x00005e78       0x94 CMakeFiles/mcxn947_base.elf.dir/media/ankesh/general/mcux-workspace/core/drivers/lpadc/fsl_lpadc.c.obj
                0x00005e78                LPADC_GetDefaultConvCommandConfig
 .text.LPADC_DoOffsetCalibration
                0x00005f0c       0x2a CMakeFiles/mcxn947_base.elf.dir/media/ankesh/general/mcux-workspace/core/drivers/lpadc/fsl_lpadc.c.obj
                0x00005f0c                LPADC_DoOffsetCalibration
 .text.LPADC_DoAutoCalibration
                0x00005f36       0x1c CMakeFiles/mcxn947_base.elf.dir/media/ankesh/general/mcux-workspace/core/drivers/lpadc/fsl_lpadc.c.obj
                0x00005f36                LPADC_DoAutoCalibration
 *fill*         0x00005f52        0x2 
 .text.LPADC_PrepareAutoCalibration
                0x00005f54       0x54 CMakeFiles/mcxn947_base.elf.dir/media/ankesh/general/mcux-workspace/core/drivers/lpadc/fsl_lpadc.c.obj
                0x00005f54                LPADC_PrepareAutoCalibration
 .text.LPADC_FinishAutoCalibration
                0x00005fa8      0x104 CMakeFiles/mcxn947_base.elf.dir/media/ankesh/general/mcux-workspace/core/drivers/lpadc/fsl_lpadc.c.obj
                0x00005fa8                LPADC_FinishAutoCalibration
 .text.CLOCK_EnableClock
                0x000060ac       0x8a CMakeFiles/mcxn947_base.elf.dir/media/ankesh/general/mcux-workspace/core/drivers/inputmux/fsl_inputmux.c.obj
 .text.RESET_ReleasePeripheralReset
                0x00006136       0x16 CMakeFiles/mcxn947_base.elf.dir/media/ankesh/general/mcux-workspace/core/drivers/inputmux/fsl_inputmux.c.obj
 .text.INPUTMUX_GetInstance
                0x0000614c       0x54 CMakeFiles/mcxn947_base.elf.dir/media/ankesh/general/mcux-workspace/core/drivers/inputmux/fsl_inputmux.c.obj
 .text.INPUTMUX_Init
                0x000061a0       0x24 CMakeFiles/mcxn947_base.elf.dir/media/ankesh/general/mcux-workspace/core/drivers/inputmux/fsl_inputmux.c.obj
                0x000061a0                INPUTMUX_Init
 .text.INPUTMUX_AttachSignal
                0x000061c4       0x36 CMakeFiles/mcxn947_base.elf.dir/media/ankesh/general/mcux-workspace/core/drivers/inputmux/fsl_inputmux.c.obj
                0x000061c4                INPUTMUX_AttachSignal
 .text.INPUTMUX_EnableSignal
                0x000061fa       0x6c CMakeFiles/mcxn947_base.elf.dir/media/ankesh/general/mcux-workspace/core/drivers/inputmux/fsl_inputmux.c.obj
                0x000061fa                INPUTMUX_EnableSignal
 .text.GPIO_PinWrite
                0x00006266       0x34 CMakeFiles/mcxn947_base.elf.dir/media/ankesh/general/mcux-workspace/core/drivers/gpio/fsl_gpio.c.obj
 *fill*         0x0000629a        0x2 
 .text.GPIO_PinInit
                0x0000629c       0x70 CMakeFiles/mcxn947_base.elf.dir/media/ankesh/general/mcux-workspace/core/drivers/gpio/fsl_gpio.c.obj
                0x0000629c                GPIO_PinInit
 .text.HAL_UartGetStatus
                0x0000630c       0x26 CMakeFiles/mcxn947_base.elf.dir/media/ankesh/general/mcux-workspace/core/components/uart/fsl_adapter_lpuart.c.obj
 *fill*         0x00006332        0x2 
 .text.HAL_UartInitCommon
                0x00006334       0xe4 CMakeFiles/mcxn947_base.elf.dir/media/ankesh/general/mcux-workspace/core/components/uart/fsl_adapter_lpuart.c.obj
 .text.HAL_UartInit
                0x00006418       0xac CMakeFiles/mcxn947_base.elf.dir/media/ankesh/general/mcux-workspace/core/components/uart/fsl_adapter_lpuart.c.obj
                0x00006418                HAL_UartInit
 .text.HAL_UartReceiveBlocking
                0x000064c4       0x8c CMakeFiles/mcxn947_base.elf.dir/media/ankesh/general/mcux-workspace/core/components/uart/fsl_adapter_lpuart.c.obj
                0x000064c4                HAL_UartReceiveBlocking
 .text.HAL_UartSendBlocking
                0x00006550       0x84 CMakeFiles/mcxn947_base.elf.dir/media/ankesh/general/mcux-workspace/core/components/uart/fsl_adapter_lpuart.c.obj
                0x00006550                HAL_UartSendBlocking
 .text.exit     0x000065d4       0x24 /media/ankesh/general/ARM/arm-gnu-toolchain-15.2.rel1-x86_64-arm-none-eabi/bin/../lib/gcc/arm-none-eabi/15.2.1/../../../../arm-none-eabi/lib/thumb/v8-m.main+fp/hard/libc_nano.a(libc_a-exit.o)
                0x000065d4                exit
 .text.memset   0x000065f8       0x10 /media/ankesh/general/ARM/arm-gnu-toolchain-15.2.rel1-x86_64-arm-none-eabi/bin/../lib/gcc/arm-none-eabi/15.2.1/../../../../arm-none-eabi/lib/thumb/v8-m.main+fp/hard/libc_nano.a(libc_a-memset.o)
                0x000065f8                memset
 .text.__libc_init_array
                0x00006608       0x48 /media/ankesh/general/ARM/arm-gnu-toolchain-15.2.rel1-x86_64-arm-none-eabi/bin/../lib/gcc/arm-none-eabi/15.2.1/../../../../arm-none-eabi/lib/thumb/v8-m.main+fp/hard/libc_nano.a(libc_a-init.o)
                0x00006608                __libc_init_array
 .text.__fixunssfdi
                0x00006650       0x40 /media/ankesh/general/ARM/arm-gnu-toolchain-15.2.rel1-x86_64-arm-none-eabi/bin/../lib/gcc/arm-none-eabi/15.2.1/thumb/v8-m.main+fp/hard/libgcc.a(_fixunssfdi.o)
                0x00006650                __aeabi_f2ulz
                0x00006650                __fixunssfdi
 .text.__udivmoddi4
                0x00006690      0x340 /media/ankesh/general/ARM/arm-gnu-toolchain-15.2.rel1-x86_64-arm-none-eabi/bin/../lib/gcc/arm-none-eabi/15.2.1/thumb/v8-m.main+fp/hard/libgcc.a(_udivmoddi4.o)
                0x00006690                __udivmoddi4
 .text._exit    0x000069d0        0x4 /media/ankesh/general/ARM/arm-gnu-toolchain-15.2.rel1-x86_64-arm-none-eabi/bin/../lib/gcc/arm-none-eabi/15.2.1/../../../../arm-none-eabi/lib/thumb/v8-m.main+fp/hard/libnosys.a(_exit.o)
                0x000069d0                _exit
 *(.rodata)
 .rodata        0x000069d4      0x104 CMakeFiles/mcxn947_base.elf.dir/src/dac_waveform.c.obj
 .rodata        0x00006ad8      0x104 CMakeFiles/mcxn947_base.elf.dir/src/pmu_acquisition.c.obj
 .rodata        0x00006bdc       0x62 CMakeFiles/mcxn947_base.elf.dir/src/pin_mux.c.obj
 *fill*         0x00006c3e        0x2 
 .rodata        0x00006c40       0x22 CMakeFiles/mcxn947_base.elf.dir/media/ankesh/general/mcux-workspace/core/boards/frdmmcxn947/clock_config.c.obj
 *fill*         0x00006c62        0x2 
 .rodata        0x00006c64      0x858 CMakeFiles/mcxn947_base.elf.dir/media/ankesh/general/mcux-workspace/core/drivers/edma4/fsl_edma.c.obj
 .rodata        0x000074bc       0xa0 CMakeFiles/mcxn947_base.elf.dir/media/ankesh/general/mcux-workspace/core/drivers/common/fsl_common_arm.c.obj
 .rodata        0x0000755c       0x3e CMakeFiles/mcxn947_base.elf.dir/media/ankesh/general/mcux-workspace/core/utilities/assert/fsl_assert.c.obj
 *fill*         0x0000759a        0x2 
 .rodata        0x0000759c       0x5e CMakeFiles/mcxn947_base.elf.dir/media/ankesh/general/mcux-workspace/core/devices/MCXN947/drivers/fsl_reset.c.obj
 *fill*         0x000075fa        0x2 
 .rodata        0x000075fc       0x93 CMakeFiles/mcxn947_base.elf.dir/media/ankesh/general/mcux-workspace/core/drivers/mcx_spc/fsl_spc.c.obj
 *fill*         0x0000768f        0x1 
 .rodata        0x00007690       0x54 CMakeFiles/mcxn947_base.elf.dir/media/ankesh/general/mcux-workspace/core/drivers/lptmr/fsl_lptmr.c.obj
 .rodata        0x000076e4      0x20a CMakeFiles/mcxn947_base.elf.dir/media/ankesh/general/mcux-workspace/core/drivers/lpflexcomm/lpuart/fsl_lpuart.c.obj
 *fill*         0x000078ee        0x2 
 .rodata        0x000078f0       0xde CMakeFiles/mcxn947_base.elf.dir/media/ankesh/general/mcux-workspace/core/drivers/lpflexcomm/fsl_lpflexcomm.c.obj
 *fill*         0x000079ce        0x2 
 .rodata        0x000079d0      0x280 CMakeFiles/mcxn947_base.elf.dir/media/ankesh/general/mcux-workspace/core/drivers/lpadc/fsl_lpadc.c.obj
 .rodata        0x00007c50       0x72 CMakeFiles/mcxn947_base.elf.dir/media/ankesh/general/mcux-workspace/core/drivers/inputmux/fsl_inputmux.c.obj
 *fill*         0x00007cc2        0x2 
 .rodata        0x00007cc4       0x61 CMakeFiles/mcxn947_base.elf.dir/media/ankesh/general/mcux-workspace/core/drivers/gpio/fsl_gpio.c.obj
 *fill*         0x00007d25        0x3 
 .rodata        0x00007d28      0x114 CMakeFiles/mcxn947_base.elf.dir/media/ankesh/general/mcux-workspace/core/components/uart/fsl_adapter_lpuart.c.obj
 *(.rodata*)
 .rodata.__func__.1
                0x00007e3c       0x1a CMakeFiles/mcxn947_base.elf.dir/src/dac_waveform.c.obj
 *fill*         0x00007e56        0x2 
 .rodata.__func__.1
                0x00007e58       0x1a CMakeFiles/mcxn947_base.elf.dir/src/pmu_acquisition.c.obj
 *fill*         0x00007e72        0x2 
 .rodata.__func__.0
                0x00007e74       0x15 CMakeFiles/mcxn947_base.elf.dir/src/pmu_acquisition.c.obj
 *fill*         0x00007e89        0x3 
 .rodata.__func__.0
                0x00007e8c       0x12 CMakeFiles/mcxn947_base.elf.dir/src/pin_mux.c.obj
 *fill*         0x00007e9e        0x2 
 .rodata.s_edmaBases
                0x00007ea0        0x8 CMakeFiles/mcxn947_base.elf.dir/media/ankesh/general/mcux-workspace/core/drivers/edma4/fsl_edma.c.obj
 .rodata.s_edmaClockName
                0x00007ea8        0x4 CMakeFiles/mcxn947_base.elf.dir/media/ankesh/general/mcux-workspace/core/drivers/edma4/fsl_edma.c.obj
 .rodata.s_edmaResets
                0x00007eac        0x8 CMakeFiles/mcxn947_base.elf.dir/media/ankesh/general/mcux-workspace/core/drivers/edma4/fsl_edma.c.obj
 .rodata.__func__.53
                0x00007eb4       0x11 CMakeFiles/mcxn947_base.elf.dir/media/ankesh/general/mcux-workspace/core/drivers/edma4/fsl_edma.c.obj
 *fill*         0x00007ec5        0x3 
 .rodata.__func__.51
                0x00007ec8        0xa CMakeFiles/mcxn947_base.elf.dir/media/ankesh/general/mcux-workspace/core/drivers/edma4/fsl_edma.c.obj
 *fill*         0x00007ed2        0x2 
 .rodata.__func__.50
                0x00007ed4       0x11 CMakeFiles/mcxn947_base.elf.dir/media/ankesh/general/mcux-workspace/core/drivers/edma4/fsl_edma.c.obj
 *fill*         0x00007ee5        0x3 
 .rodata.__func__.49
                0x00007ee8       0x13 CMakeFiles/mcxn947_base.elf.dir/media/ankesh/general/mcux-workspace/core/drivers/edma4/fsl_edma.c.obj
 *fill*         0x00007efb        0x1 
 .rodata.__func__.48
                0x00007efc       0x26 CMakeFiles/mcxn947_base.elf.dir/media/ankesh/general/mcux-workspace/core/drivers/edma4/fsl_edma.c.obj
 *fill*         0x00007f22        0x2 
 .rodata.__func__.47
                0x00007f24       0x1d CMakeFiles/mcxn947_base.elf.dir/media/ankesh/general/mcux-workspace/core/drivers/edma4/fsl_edma.c.obj
 *fill*         0x00007f41        0x3 
 .rodata.__func__.46
                0x00007f44       0x1f CMakeFiles/mcxn947_base.elf.dir/media/ankesh/general/mcux-workspace/core/drivers/edma4/fsl_edma.c.obj
 *fill*         0x00007f63        0x1 
 .rodata.__func__.45
                0x00007f64       0x16 CMakeFiles/mcxn947_base.elf.dir/media/ankesh/general/mcux-workspace/core/drivers/edma4/fsl_edma.c.obj
 *fill*         0x00007f7a        0x2 
 .rodata.__func__.43
                0x00007f7c       0x17 CMakeFiles/mcxn947_base.elf.dir/media/ankesh/general/mcux-workspace/core/drivers/edma4/fsl_edma.c.obj
 *fill*         0x00007f93        0x1 
 .rodata.__func__.40
                0x00007f94       0x20 CMakeFiles/mcxn947_base.elf.dir/media/ankesh/general/mcux-workspace/core/drivers/edma4/fsl_edma.c.obj
 .rodata.__func__.35
                0x00007fb4       0x1d CMakeFiles/mcxn947_base.elf.dir/media/ankesh/general/mcux-workspace/core/drivers/edma4/fsl_edma.c.obj
 *fill*         0x00007fd1        0x3 
 .rodata.__func__.34
                0x00007fd4       0x21 CMakeFiles/mcxn947_base.elf.dir/media/ankesh/general/mcux-workspace/core/drivers/edma4/fsl_edma.c.obj
 *fill*         0x00007ff5        0x3 
 .rodata.__func__.15
                0x00007ff8       0x1b CMakeFiles/mcxn947_base.elf.dir/media/ankesh/general/mcux-workspace/core/drivers/edma4/fsl_edma.c.obj
 *fill*         0x00008013        0x1 
 .rodata.__func__.14
                0x00008014       0x1d CMakeFiles/mcxn947_base.elf.dir/media/ankesh/general/mcux-workspace/core/drivers/edma4/fsl_edma.c.obj
 *fill*         0x00008031        0x3 
 .rodata.__func__.10
                0x00008034       0x1a CMakeFiles/mcxn947_base.elf.dir/media/ankesh/general/mcux-workspace/core/drivers/edma4/fsl_edma.c.obj
 *fill*         0x0000804e        0x2 
 .rodata.__func__.9
                0x00008050       0x1b CMakeFiles/mcxn947_base.elf.dir/media/ankesh/general/mcux-workspace/core/drivers/edma4/fsl_edma.c.obj
 *fill*         0x0000806b        0x1 
 .rodata.__func__.8
                0x0000806c       0x15 CMakeFiles/mcxn947_base.elf.dir/media/ankesh/general/mcux-workspace/core/drivers/edma4/fsl_edma.c.obj
 *fill*         0x00008081        0x3 
 .rodata.__func__.0
                0x00008084        0xf CMakeFiles/mcxn947_base.elf.dir/media/ankesh/general/mcux-workspace/core/drivers/edma4/fsl_edma.c.obj
 *fill*         0x00008093        0x1 
 .rodata.__func__.0
                0x00008094       0x13 CMakeFiles/mcxn947_base.elf.dir/media/ankesh/general/mcux-workspace/core/drivers/common/fsl_common_arm.c.obj
 *fill*         0x000080a7        0x1 
 .rodata.__func__.0
                0x000080a8       0x1b CMakeFiles/mcxn947_base.elf.dir/media/ankesh/general/mcux-workspace/core/devices/MCXN947/drivers/fsl_reset.c.obj
 *fill*         0x000080c3        0x1 
 .rodata.__func__.9
                0x000080c4       0x1a CMakeFiles/mcxn947_base.elf.dir/media/ankesh/general/mcux-workspace/core/drivers/mcx_spc/fsl_spc.c.obj
 *fill*         0x000080de        0x2 
 .rodata.__func__.5
                0x000080e0       0x28 CMakeFiles/mcxn947_base.elf.dir/media/ankesh/general/mcux-workspace/core/drivers/mcx_spc/fsl_spc.c.obj
 .rodata.__func__.3
                0x00008108       0x25 CMakeFiles/mcxn947_base.elf.dir/media/ankesh/general/mcux-workspace/core/drivers/mcx_spc/fsl_spc.c.obj
 *fill*         0x0000812d        0x3 
 .rodata.__func__.1
                0x00008130        0xb CMakeFiles/mcxn947_base.elf.dir/media/ankesh/general/mcux-workspace/core/drivers/lptmr/fsl_lptmr.c.obj
 *fill*         0x0000813b        0x1 
 .rodata.__func__.0
                0x0000813c       0x17 CMakeFiles/mcxn947_base.elf.dir/media/ankesh/general/mcux-workspace/core/drivers/lptmr/fsl_lptmr.c.obj
 *fill*         0x00008153        0x1 
 .rodata.s_lpuartBases
                0x00008154       0x28 CMakeFiles/mcxn947_base.elf.dir/media/ankesh/general/mcux-workspace/core/drivers/lpflexcomm/lpuart/fsl_lpuart.c.obj
 .rodata.__func__.25
                0x0000817c       0x13 CMakeFiles/mcxn947_base.elf.dir/media/ankesh/general/mcux-workspace/core/drivers/lpflexcomm/lpuart/fsl_lpuart.c.obj
 *fill*         0x0000818f        0x1 
 .rodata.__func__.18
                0x00008190        0xc CMakeFiles/mcxn947_base.elf.dir/media/ankesh/general/mcux-workspace/core/drivers/lpflexcomm/lpuart/fsl_lpuart.c.obj
 .rodata.__func__.17
                0x0000819c       0x18 CMakeFiles/mcxn947_base.elf.dir/media/ankesh/general/mcux-workspace/core/drivers/lpflexcomm/lpuart/fsl_lpuart.c.obj
 .rodata.__func__.13
                0x000081b4       0x15 CMakeFiles/mcxn947_base.elf.dir/media/ankesh/general/mcux-workspace/core/drivers/lpflexcomm/lpuart/fsl_lpuart.c.obj
 *fill*         0x000081c9        0x3 
 .rodata.__func__.11
                0x000081cc       0x14 CMakeFiles/mcxn947_base.elf.dir/media/ankesh/general/mcux-workspace/core/drivers/lpflexcomm/lpuart/fsl_lpuart.c.obj
 .rodata.s_lpflexcommBase
                0x000081e0       0x28 CMakeFiles/mcxn947_base.elf.dir/media/ankesh/general/mcux-workspace/core/drivers/lpflexcomm/fsl_lpflexcomm.c.obj
 .rodata.s_lpflexcommClocks
                0x00008208       0x14 CMakeFiles/mcxn947_base.elf.dir/media/ankesh/general/mcux-workspace/core/drivers/lpflexcomm/fsl_lpflexcomm.c.obj
 .rodata.s_lpflexcommResets
                0x0000821c       0x28 CMakeFiles/mcxn947_base.elf.dir/media/ankesh/general/mcux-workspace/core/drivers/lpflexcomm/fsl_lpflexcomm.c.obj
 .rodata.__func__.3
                0x00008244       0x16 CMakeFiles/mcxn947_base.elf.dir/media/ankesh/general/mcux-workspace/core/drivers/lpflexcomm/fsl_lpflexcomm.c.obj
 *fill*         0x0000825a        0x2 
 .rodata.__func__.2
                0x0000825c       0x11 CMakeFiles/mcxn947_base.elf.dir/media/ankesh/general/mcux-workspace/core/drivers/lpflexcomm/fsl_lpflexcomm.c.obj
 *fill*         0x0000826d        0x3 
 .rodata.s_lpadcBases
                0x00008270        0x8 CMakeFiles/mcxn947_base.elf.dir/media/ankesh/general/mcux-workspace/core/drivers/lpadc/fsl_lpadc.c.obj
 .rodata.s_lpadcClocks
                0x00008278        0x4 CMakeFiles/mcxn947_base.elf.dir/media/ankesh/general/mcux-workspace/core/drivers/lpadc/fsl_lpadc.c.obj
 .rodata.s_lpadcResets
                0x0000827c        0x8 CMakeFiles/mcxn947_base.elf.dir/media/ankesh/general/mcux-workspace/core/drivers/lpadc/fsl_lpadc.c.obj
 .rodata.__func__.10
                0x00008284       0x12 CMakeFiles/mcxn947_base.elf.dir/media/ankesh/general/mcux-workspace/core/drivers/lpadc/fsl_lpadc.c.obj
 *fill*         0x00008296        0x2 
 .rodata.__func__.9
                0x00008298        0xb CMakeFiles/mcxn947_base.elf.dir/media/ankesh/general/mcux-workspace/core/drivers/lpadc/fsl_lpadc.c.obj
 *fill*         0x000082a3        0x1 
 .rodata.__func__.6
                0x000082a4       0x1b CMakeFiles/mcxn947_base.elf.dir/media/ankesh/general/mcux-workspace/core/drivers/lpadc/fsl_lpadc.c.obj
 *fill*         0x000082bf        0x1 
 .rodata.__func__.5
                0x000082c0       0x22 CMakeFiles/mcxn947_base.elf.dir/media/ankesh/general/mcux-workspace/core/drivers/lpadc/fsl_lpadc.c.obj
 *fill*         0x000082e2        0x2 
 .rodata.__func__.4
                0x000082e4       0x1b CMakeFiles/mcxn947_base.elf.dir/media/ankesh/general/mcux-workspace/core/drivers/lpadc/fsl_lpadc.c.obj
 *fill*         0x000082ff        0x1 
 .rodata.__func__.3
                0x00008300       0x22 CMakeFiles/mcxn947_base.elf.dir/media/ankesh/general/mcux-workspace/core/drivers/lpadc/fsl_lpadc.c.obj
 *fill*         0x00008322        0x2 
 .rodata.__func__.2
                0x00008324       0x1d CMakeFiles/mcxn947_base.elf.dir/media/ankesh/general/mcux-workspace/core/drivers/lpadc/fsl_lpadc.c.obj
 *fill*         0x00008341        0x3 
 .rodata.__func__.0
                0x00008344       0x15 CMakeFiles/mcxn947_base.elf.dir/media/ankesh/general/mcux-workspace/core/drivers/inputmux/fsl_inputmux.c.obj
 *fill*         0x00008359        0x3 
 .rodata.__func__.2
                0x0000835c        0xd CMakeFiles/mcxn947_base.elf.dir/media/ankesh/general/mcux-workspace/core/drivers/gpio/fsl_gpio.c.obj
 *fill*         0x00008369        0x3 
 .rodata.s_LpuartAdapterBase
                0x0000836c       0x28 CMakeFiles/mcxn947_base.elf.dir/media/ankesh/general/mcux-workspace/core/components/uart/fsl_adapter_lpuart.c.obj
 .rodata.__func__.4
                0x00008394        0xd CMakeFiles/mcxn947_base.elf.dir/media/ankesh/general/mcux-workspace/core/components/uart/fsl_adapter_lpuart.c.obj
 *fill*         0x000083a1        0x3 
 .rodata.__func__.2
                0x000083a4       0x18 CMakeFiles/mcxn947_base.elf.dir/media/ankesh/general/mcux-workspace/core/components/uart/fsl_adapter_lpuart.c.obj
 .rodata.__func__.1
                0x000083bc       0x15 CMakeFiles/mcxn947_base.elf.dir/media/ankesh/general/mcux-workspace/core/components/uart/fsl_adapter_lpuart.c.obj
 *(.glue_7)
 .glue_7        0x000083d1        0x0 linker stubs
 *(.glue_7t)
 .glue_7t       0x000083d1        0x0 linker stubs
 *(.eh_frame)
 *fill*         0x000083d1        0x3 
 .eh_frame      0x000083d4        0x0 /media/ankesh/general/ARM/arm-gnu-toolchain-15.2.rel1-x86_64-arm-none-eabi/bin/../lib/gcc/arm-none-eabi/15.2.1/thumb/v8-m.main+fp/hard/crtbegin.o
 *(.init)
 .init          0x000083d4        0x4 /media/ankesh/general/ARM/arm-gnu-toolchain-15.2.rel1-x86_64-arm-none-eabi/bin/../lib/gcc/arm-none-eabi/15.2.1/thumb/v8-m.main+fp/hard/crti.o
                0x000083d4                _init
 .init          0x000083d8        0x8 /media/ankesh/general/ARM/arm-gnu-toolchain-15.2.rel1-x86_64-arm-none-eabi/bin/../lib/gcc/arm-none-eabi/15.2.1/thumb/v8-m.main+fp/hard/crtn.o
 *(.fini)
 .fini          0x000083e0        0x4 /media/ankesh/general/ARM/arm-gnu-toolchain-15.2.rel1-x86_64-arm-none-eabi/bin/../lib/gcc/arm-none-eabi/15.2.1/thumb/v8-m.main+fp/hard/crti.o
                0x000083e0                _fini
 .fini          0x000083e4        0x8 /media/ankesh/general/ARM/arm-gnu-toolchain-15.2.rel1-x86_64-arm-none-eabi/bin/../lib/gcc/arm-none-eabi/15.2.1/thumb/v8-m.main+fp/hard/crtn.o
                0x000083ec                        . = ALIGN (0x4)

.vfp11_veneer   0x000083ec        0x0
 .vfp11_veneer  0x000083ec        0x0 linker stubs

.v4_bx          0x000083ec        0x0
 .v4_bx         0x000083ec        0x0 linker stubs

.iplt           0x000083ec        0x0
 .iplt          0x000083ec        0x0 /media/ankesh/general/ARM/arm-gnu-toolchain-15.2.rel1-x86_64-arm-none-eabi/bin/../lib/gcc/arm-none-eabi/15.2.1/thumb/v8-m.main+fp/hard/crtbegin.o

.ARM.extab
 *(.ARM.extab* .gnu.linkonce.armextab.*)

.ARM            0x000083ec        0x8
                0x000083ec                        __exidx_start = .
 *(.ARM.exidx*)
 .ARM.exidx     0x000083ec        0x8 /media/ankesh/general/ARM/arm-gnu-toolchain-15.2.rel1-x86_64-arm-none-eabi/bin/../lib/gcc/arm-none-eabi/15.2.1/../../../../arm-none-eabi/lib/thumb/v8-m.main+fp/hard/crt0.o
                                 0x10 (size before relaxing)
 .ARM.exidx     0x000083f4        0x0 /media/ankesh/general/ARM/arm-gnu-toolchain-15.2.rel1-x86_64-arm-none-eabi/bin/../lib/gcc/arm-none-eabi/15.2.1/../../../../arm-none-eabi/lib/thumb/v8-m.main+fp/hard/libc_nano.a(libc_a-strlen.o)
                                  0x8 (size before relaxing)
 .ARM.exidx.text.__udivmoddi4
                0x000083f4        0x0 /media/ankesh/general/ARM/arm-gnu-toolchain-15.2.rel1-x86_64-arm-none-eabi/bin/../lib/gcc/arm-none-eabi/15.2.1/thumb/v8-m.main+fp/hard/libgcc.a(_udivmoddi4.o)
                                  0x8 (size before relaxing)
                0x000083f4                        __exidx_end = .

.rel.dyn        0x000083f4        0x0
 .rel.iplt      0x000083f4        0x0 /media/ankesh/general/ARM/arm-gnu-toolchain-15.2.rel1-x86_64-arm-none-eabi/bin/../lib/gcc/arm-none-eabi/15.2.1/thumb/v8-m.main+fp/hard/crtbegin.o

.ctors          0x000083f4        0x0
                0x000083f4                        __CTOR_LIST__ = .
 *crtbegin.o(.ctors)
 *crtbegin?.o(.ctors)
 *(EXCLUDE_FILE(*crtend.o *crtend?.o) .ctors)
 *(SORT_BY_NAME(.ctors.*))
 *(.ctors)
                0x000083f4                        __CTOR_END__ = .

.dtors          0x000083f4        0x0
                0x000083f4                        __DTOR_LIST__ = .
 *crtbegin.o(.dtors)
 *crtbegin?.o(.dtors)
 *(EXCLUDE_FILE(*crtend.o *crtend?.o) .dtors)
 *(SORT_BY_NAME(.dtors.*))
 *(.dtors)
                0x000083f4                        __DTOR_END__ = .

.preinit_array  0x000083f4        0x0
                0x000083f4                        PROVIDE (__preinit_array_start = .)
 *(.preinit_array*)
                0x000083f4                        PROVIDE (__preinit_array_end = .)

.init_array     0x000083f4        0x4
                0x000083f4                        PROVIDE (__init_array_start = .)
 *(SORT_BY_NAME(.init_array.*))
 *(.init_array*)
 .init_array    0x000083f4        0x4 /media/ankesh/general/ARM/arm-gnu-toolchain-15.2.rel1-x86_64-arm-none-eabi/bin/../lib/gcc/arm-none-eabi/15.2.1/thumb/v8-m.main+fp/hard/crtbegin.o
                0x000083f8                        PROVIDE (__init_array_end = .)

.fini_array     0x000083f8        0x4
                [!provide]                        PROVIDE (__fini_array_start = .)
 *(SORT_BY_NAME(.fini_array.*))
 *(.fini_array*)
 .fini_array    0x000083f8        0x4 /media/ankesh/general/ARM/arm-gnu-toolchain-15.2.rel1-x86_64-arm-none-eabi/bin/../lib/gcc/arm-none-eabi/15.2.1/thumb/v8-m.main+fp/hard/crtbegin.o
                [!provide]                        PROVIDE (__fini_array_end = .)
                0x000083fc                        __etext = .
                0x000083fc                        __DATA_ROM = .

.data           0x20000000        0xc load address 0x000083fc
                0x20000000                        . = ALIGN (0x4)
                0x20000000                        __DATA_RAM = .
                0x20000000                        __data_start__ = .
 *(.ramfunc*)
 *(.data)
 *(.data*)
 .data.SystemCoreClock
                0x20000000        0x4 CMakeFiles/mcxn947_base.elf.dir/media/ankesh/general/mcux-workspace/core/devices/MCXN947/system_MCXN947_cm33_core0.c.obj
                0x20000000                SystemCoreClock
 .data.s_Ext_Clk_Freq
                0x20000004        0x4 CMakeFiles/mcxn947_base.elf.dir/media/ankesh/general/mcux-workspace/core/devices/MCXN947/drivers/fsl_clock.c.obj