Archive member included to satisfy reference by file (symbol)

/media/ankesh/general/ARM/arm-gnu-toolchain-15.2.rel1-x86_64-arm-none-eabi/bin/../lib/gcc/arm-none-eabi/15.2.1/../../../../arm-none-eabi/lib/thumb/v8-m.main+fp/hard/libc_nano.a(libc_a-exit.o)
                              /media/ankesh/general/ARM/arm-gnu-toolchain-15.2.rel1-x86_64-arm-none-eabi/bin/../lib/gcc/arm-none-eabi/15.2.1/../../../../arm-none-eabi/lib/thumb/v8-m.main+fp/hard/crt0.o (exit)
/media/ankesh/general/ARM/arm-gnu-toolchain-15.2.rel1-x86_64-arm-none-eabi/bin/../lib/gcc/arm-none-eabi/15.2.1/../../../../arm-none-eabi/lib/thumb/v8-m.main+fp/hard/libc_nano.a(libc_a-malloc.o)
                              CMakeFiles/mcxn947_base.elf.dir/media/ankesh/general/mcux-workspace/core/drivers/common/fsl_common.c.obj (malloc)
/media/ankesh/general/ARM/arm-gnu-toolchain-15.2.rel1-x86_64-arm-none-eabi/bin/../lib/gcc/arm-none-eabi/15.2.1/../../../../arm-none-eabi/lib/thumb/v8-m.main+fp/hard/libc_nano.a(libc_a-mallocr.o)
                              /media/ankesh/general/ARM/arm-gnu-toolchain-15.2.rel1-x86_64-arm-none-eabi/bin/../lib/gcc/arm-none-eabi/15.2.1/../../../../arm-none-eabi/lib/thumb/v8-m.main+fp/hard/libc_nano.a(libc_a-malloc.o) (_malloc_r)
/media/ankesh/general/ARM/arm-gnu-toolchain-15.2.rel1-x86_64-arm-none-eabi/bin/../lib/gcc/arm-none-eabi/15.2.1/../../../../arm-none-eabi/lib/thumb/v8-m.main+fp/hard/libc_nano.a(libc_a-mlock.o)
                              /media/ankesh/general/ARM/arm-gnu-toolchain-15.2.rel1-x86_64-arm-none-eabi/bin/../lib/gcc/arm-none-eabi/15.2.1/../../../../arm-none-eabi/lib/thumb/v8-m.main+fp/hard/libc_nano.a(libc_a-mallocr.o) (__malloc_lock)
/media/ankesh/general/ARM/arm-gnu-toolchain-15.2.rel1-x86_64-arm-none-eabi/bin/../lib/gcc/arm-none-eabi/15.2.1/../../../../arm-none-eabi/lib/thumb/v8-m.main+fp/hard/libc_nano.a(libc_a-strtoul.o)
                              CMakeFiles/mcxn947_base.elf.dir/media/ankesh/general/mcux-workspace/core/utilities/str/fsl_str.c.obj (strtoul)
/media/ankesh/general/ARM/arm-gnu-toolchain-15.2.rel1-x86_64-arm-none-eabi/bin/../lib/gcc/arm-none-eabi/15.2.1/../../../../arm-none-eabi/lib/thumb/v8-m.main+fp/hard/libc_nano.a(libc_a-ctype_.o)
                              /media/ankesh/general/ARM/arm-gnu-toolchain-15.2.rel1-x86_64-arm-none-eabi/bin/../lib/gcc/arm-none-eabi/15.2.1/../../../../arm-none-eabi/lib/thumb/v8-m.main+fp/hard/libc_nano.a(libc_a-strtoul.o) (_ctype_)
/media/ankesh/general/ARM/arm-gnu-toolchain-15.2.rel1-x86_64-arm-none-eabi/bin/../lib/gcc/arm-none-eabi/15.2.1/../../../../arm-none-eabi/lib/thumb/v8-m.main+fp/hard/libc_nano.a(libc_a-findfp.o)
                              /media/ankesh/general/ARM/arm-gnu-toolchain-15.2.rel1-x86_64-arm-none-eabi/bin/../lib/gcc/arm-none-eabi/15.2.1/../../../../arm-none-eabi/lib/thumb/v8-m.main+fp/hard/libc_nano.a(libc_a-exit.o) (__stdio_exit_handler)
/media/ankesh/general/ARM/arm-gnu-toolchain-15.2.rel1-x86_64-arm-none-eabi/bin/../lib/gcc/arm-none-eabi/15.2.1/../../../../arm-none-eabi/lib/thumb/v8-m.main+fp/hard/libc_nano.a(libc_a-fwalk.o)
                              /media/ankesh/general/ARM/arm-gnu-toolchain-15.2.rel1-x86_64-arm-none-eabi/bin/../lib/gcc/arm-none-eabi/15.2.1/../../../../arm-none-eabi/lib/thumb/v8-m.main+fp/hard/libc_nano.a(libc_a-findfp.o) (_fwalk_sglue)
/media/ankesh/general/ARM/arm-gnu-toolchain-15.2.rel1-x86_64-arm-none-eabi/bin/../lib/gcc/arm-none-eabi/15.2.1/../../../../arm-none-eabi/lib/thumb/v8-m.main+fp/hard/libc_nano.a(libc_a-stdio.o)
                              /media/ankesh/general/ARM/arm-gnu-toolchain-15.2.rel1-x86_64-arm-none-eabi/bin/../lib/gcc/arm-none-eabi/15.2.1/../../../../arm-none-eabi/lib/thumb/v8-m.main+fp/hard/libc_nano.a(libc_a-findfp.o) (__sread)
/media/ankesh/general/ARM/arm-gnu-toolchain-15.2.rel1-x86_64-arm-none-eabi/bin/../lib/gcc/arm-none-eabi/15.2.1/../../../../arm-none-eabi/lib/thumb/v8-m.main+fp/hard/libc_nano.a(libc_a-memset.o)
                              /media/ankesh/general/ARM/arm-gnu-toolchain-15.2.rel1-x86_64-arm-none-eabi/bin/../lib/gcc/arm-none-eabi/15.2.1/../../../../arm-none-eabi/lib/thumb/v8-m.main+fp/hard/crt0.o (memset)
/media/ankesh/general/ARM/arm-gnu-toolchain-15.2.rel1-x86_64-arm-none-eabi/bin/../lib/gcc/arm-none-eabi/15.2.1/../../../../arm-none-eabi/lib/thumb/v8-m.main+fp/hard/libc_nano.a(libc_a-closer.o)
                              /media/ankesh/general/ARM/arm-gnu-toolchain-15.2.rel1-x86_64-arm-none-eabi/bin/../lib/gcc/arm-none-eabi/15.2.1/../../../../arm-none-eabi/lib/thumb/v8-m.main+fp/hard/libc_nano.a(libc_a-stdio.o) (_close_r)
/media/ankesh/general/ARM/arm-gnu-toolchain-15.2.rel1-x86_64-arm-none-eabi/bin/../lib/gcc/arm-none-eabi/15.2.1/../../../../arm-none-eabi/lib/thumb/v8-m.main+fp/hard/libc_nano.a(libc_a-reent.o)
                              /media/ankesh/general/ARM/arm-gnu-toolchain-15.2.rel1-x86_64-arm-none-eabi/bin/../lib/gcc/arm-none-eabi/15.2.1/../../../../arm-none-eabi/lib/thumb/v8-m.main+fp/hard/libc_nano.a(libc_a-closer.o) (errno)
[...]
Memory Configuration

Name             Origin             Length             Attributes
m_interrupts     0x00000000         0x00000400         xr
m_text           0x00000400         0x000bfc00         xr
m_core1_image    0x000c0000         0x00040000         xr
m_data           0x20000000         0x0004e000         rw
rpmsg_sh_mem     0x2004e000         0x00000000         rw
m_flash1         0x00100000         0x00100000         xr
m_sramx          0x04000000         0x00018000         rw
m_flash_config   0x80000400         0x00000200         xr
m_usb_sram       0x400ba000         0x00001000         rw
*default*        0x00000000         0xffffffff

Linker script and memory map

LOAD /media/ankesh/general/ARM/arm-gnu-toolchain-15.2.rel1-x86_64-arm-none-eabi/bin/../lib/gcc/arm-none-eabi/15.2.1/thumb/v8-m.main+fp/hard/crti.o
LOAD /media/ankesh/general/ARM/arm-gnu-toolchain-15.2.rel1-x86_64-arm-none-eabi/bin/../lib/gcc/arm-none-eabi/15.2.1/thumb/v8-m.main+fp/hard/crtbegin.o
LOAD /media/ankesh/general/ARM/arm-gnu-toolchain-15.2.rel1-x86_64-arm-none-eabi/bin/../lib/gcc/arm-none-eabi/15.2.1/../../../../arm-none-eabi/lib/thumb/v8-m.main+fp/hard/crt0.o
LOAD CMakeFiles/mcxn947_base.elf.dir/src/main.c.obj
LOAD CMakeFiles/mcxn947_base.elf.dir/src/dac_waveform.c.obj
LOAD CMakeFiles/mcxn947_base.elf.dir/src/pmu_acquisition.c.obj
LOAD CMakeFiles/mcxn947_base.elf.dir/src/pmu_protocol.c.obj
LOAD CMakeFiles/mcxn947_base.elf.dir/src/pin_mux.c.obj
LOAD CMakeFiles/mcxn947_base.elf.dir/src/peripherals.c.obj
LOAD CMakeFiles/mcxn947_base.elf.dir/media/ankesh/general/mcux-workspace/core/boards/frdmmcxn947/board.c.obj
LOAD CMakeFiles/mcxn947_base.elf.dir/media/ankesh/general/mcux-workspace/core/boards/frdmmcxn947/clock_config.c.obj
LOAD CMakeFiles/mcxn947_base.elf.dir/media/ankesh/general/mcux-workspace/examples/frdmmcxn947/board.c.obj
LOAD CMakeFiles/mcxn947_base.elf.dir/media/ankesh/general/mcux-workspace/examples/frdmmcxn947/clock_config.c.obj
LOAD CMakeFiles/mcxn947_base.elf.dir/media/ankesh/general/mcux-workspace/core/utilities/misc_utilities/fsl_sbrk.c.obj
LOAD CMakeFiles/mcxn947_base.elf.dir/media/ankesh/general/mcux-workspace/core/utilities/misc_utilities/fsl_syscall_stub.c.obj
LOAD CMakeFiles/mcxn947_base.elf.dir/media/ankesh/general/mcux-workspace/core/utilities/misc_utilities/fsl_memcpy.S.obj
LOAD CMakeFiles/mcxn947_base.elf.dir/media/ankesh/general/mcux-workspace/core/devices/MCXN947/gcc/startup_MCXN947_cm33_core0.S.obj
LOAD CMakeFiles/mcxn947_base.elf.dir/media/ankesh/general/mcux-workspace/core/devices/MCXN947/system_MCXN947_cm33_core0.c.obj
LOAD CMakeFiles/mcxn947_base.elf.dir/media/ankesh/general/mcux-workspace/core/utilities/debug_console_lite/fsl_debug_console.c.obj
LOAD CMakeFiles/mcxn947_base.elf.dir/media/ankesh/general/mcux-workspace/core/devices/MCXN947/drivers/fsl_clock.c.obj
LOAD CMakeFiles/mcxn947_base.elf.dir/media/ankesh/general/mcux-workspace/core/drivers/edma4/fsl_edma.c.obj
LOAD CMakeFiles/mcxn947_base.elf.dir/media/ankesh/general/mcux-workspace/core/devices/MCXN947/drivers/fsl_edma_soc.c.obj
LOAD CMakeFiles/mcxn947_base.elf.dir/media/ankesh/general/mcux-workspace/core/drivers/common/fsl_common.c.obj
LOAD CMakeFiles/mcxn947_base.elf.dir/media/ankesh/general/mcux-workspace/core/drivers/common/fsl_common_arm.c.obj
LOAD CMakeFiles/mcxn947_base.elf.dir/media/ankesh/general/mcux-workspace/core/utilities/assert/fsl_assert.c.obj
LOAD CMakeFiles/mcxn947_base.elf.dir/media/ankesh/general/mcux-workspace/core/utilities/str/fsl_str.c.obj
LOAD CMakeFiles/mcxn947_base.elf.dir/media/ankesh/general/mcux-workspace/core/drivers/vref_1/fsl_vref.c.obj
LOAD CMakeFiles/mcxn947_base.elf.dir/media/ankesh/general/mcux-workspace/core/devices/MCXN947/drivers/fsl_reset.c.obj
LOAD CMakeFiles/mcxn947_base.elf.dir/media/ankesh/general/mcux-workspace/core/drivers/mcx_spc/fsl_spc.c.obj
LOAD CMakeFiles/mcxn947_base.elf.dir/media/ankesh/general/mcux-workspace/core/drivers/lptmr/fsl_lptmr.c.obj
LOAD CMakeFiles/mcxn947_base.elf.dir/media/ankesh/general/mcux-workspace/core/drivers/lpflexcomm/lpuart/fsl_lpuart.c.obj
LOAD CMakeFiles/mcxn947_base.elf.dir/media/ankesh/general/mcux-workspace/core/drivers/lpflexcomm/fsl_lpflexcomm.c.obj
LOAD CMakeFiles/mcxn947_base.elf.dir/media/ankesh/general/mcux-workspace/core/drivers/lpadc/fsl_lpadc.c.obj
LOAD CMakeFiles/mcxn947_base.elf.dir/media/ankesh/general/mcux-workspace/core/drivers/inputmux/fsl_inputmux.c.obj
LOAD CMakeFiles/mcxn947_base.elf.dir/media/ankesh/general/mcux-workspace/core/drivers/gpio/fsl_gpio.c.obj
LOAD CMakeFiles/mcxn947_base.elf.dir/media/ankesh/general/mcux-workspace/core/drivers/dac_1/fsl_dac.c.obj
LOAD CMakeFiles/mcxn947_base.elf.dir/media/ankesh/general/mcux-workspace/core/components/uart/fsl_adapter_lpuart.c.obj
LOAD CMakeFiles/mcxn947_base.elf.dir/media/ankesh/general/mcux-workspace/core/components/lists/fsl_component_generic_list.c.obj
START GROUP
LOAD /media/ankesh/general/ARM/arm-gnu-toolchain-15.2.rel1-x86_64-arm-none-eabi/bin/../lib/gcc/arm-none-eabi/15.2.1/../../../../arm-none-eabi/lib/thumb/v8-m.main+fp/hard/libm.a
LOAD /media/ankesh/general/ARM/arm-gnu-toolchain-15.2.rel1-x86_64-arm-none-eabi/bin/../lib/gcc/arm-none-eabi/15.2.1/../../../../arm-none-eabi/lib/thumb/v8-m.main+fp/hard/libc_nano.a
LOAD /media/ankesh/general/ARM/arm-gnu-toolchain-15.2.rel1-x86_64-arm-none-eabi/bin/../lib/gcc/arm-none-eabi/15.2.1/thumb/v8-m.main+fp/hard/libgcc.a
LOAD /media/ankesh/general/ARM/arm-gnu-toolchain-15.2.rel1-x86_64-arm-none-eabi/bin/../lib/gcc/arm-none-eabi/15.2.1/../../../../arm-none-eabi/lib/thumb/v8-m.main+fp/hard/libnosys.a
END GROUP
START GROUP
LOAD /media/ankesh/general/ARM/arm-gnu-toolchain-15.2.rel1-x86_64-arm-none-eabi/bin/../lib/gcc/arm-none-eabi/15.2.1/thumb/v8-m.main+fp/hard/libgcc.a
LOAD /media/ankesh/general/ARM/arm-gnu-toolchain-15.2.rel1-x86_64-arm-none-eabi/bin/../lib/gcc/arm-none-eabi/15.2.1/../../../../arm-none-eabi/lib/thumb/v8-m.main+fp/hard/libg_nano.a
LOAD /media/ankesh/general/ARM/arm-gnu-toolchain-15.2.rel1-x86_64-arm-none-eabi/bin/../lib/gcc/arm-none-eabi/15.2.1/../../../../arm-none-eabi/lib/thumb/v8-m.main+fp/hard/libc_nano.a
END GROUP
START GROUP
LOAD /media/ankesh/general/ARM/arm-gnu-toolchain-15.2.rel1-x86_64-arm-none-eabi/bin/../lib/gcc/arm-none-eabi/15.2.1/thumb/v8-m.main+fp/hard/libgcc.a
LOAD /media/ankesh/general/ARM/arm-gnu-toolchain-15.2.rel1-x86_64-arm-none-eabi/bin/../lib/gcc/arm-none-eabi/15.2.1/../../../../arm-none-eabi/lib/thumb/v8-m.main+fp/hard/libc_nano.a
LOAD /media/ankesh/general/ARM/arm-gnu-toolchain-15.2.rel1-x86_64-arm-none-eabi/bin/../lib/gcc/arm-none-eabi/15.2.1/../../../../arm-none-eabi/lib/thumb/v8-m.main+fp/hard/libnosys.a
END GROUP
START GROUP
LOAD /media/ankesh/general/ARM/arm-gnu-toolchain-15.2.rel1-x86_64-arm-none-eabi/bin/../lib/gcc/arm-none-eabi/15.2.1/thumb/v8-m.main+fp/hard/libgcc.a
LOAD /media/ankesh/general/ARM/arm-gnu-toolchain-15.2.rel1-x86_64-arm-none-eabi/bin/../lib/gcc/arm-none-eabi/15.2.1/../../../../arm-none-eabi/lib/thumb/v8-m.main+fp/hard/libc_nano.a
LOAD /media/ankesh/general/ARM/arm-gnu-toolchain-15.2.rel1-x86_64-arm-none-eabi/bin/../lib/gcc/arm-none-eabi/15.2.1/../../../../arm-none-eabi/lib/thumb/v8-m.main+fp/hard/libnosys.a
END GROUP
LOAD /media/ankesh/general/ARM/arm-gnu-toolchain-15.2.rel1-x86_64-arm-none-eabi/bin/../lib/gcc/arm-none-eabi/15.2.1/thumb/v8-m.main+fp/hard/crtend.o
LOAD /media/ankesh/general/ARM/arm-gnu-toolchain-15.2.rel1-x86_64-arm-none-eabi/bin/../lib/gcc/arm-none-eabi/15.2.1/thumb/v8-m.main+fp/hard/crtn.o
                0x00000400                        HEAP_SIZE = DEFINED (__heap_size__)?__heap_size__:0x400
                0x00000800                        STACK_SIZE = DEFINED (__stack_size__)?__stack_size__:0x800
                0x00000000                        RPMSG_SHMEM_SIZE = DEFINED (__use_shmem__)?0x2000:0x0
                0x00000000                        TEXT_START = DEFINED (__qspi_xip__)?0x80001000:0x0
                0x000c0000                        TEXT_SIZE = DEFINED (__qspi_xip__)?0xffff000:0xc0000

.core1_code     0x000c0000        0x0
                0x000c0000                        . = ALIGN (0x4)
 *(.core1_code)
 *(.core1_code*)
                0x000c0000                        . = ALIGN (0x4)

.noinit_rpmsg_sh_mem
                0x2004e000        0x0
                0x2004e000                        __RPMSG_SH_MEM_START__ = .
 *(.noinit.$rpmsg_sh_mem*)
                0x2004e000                        . = ALIGN (0x4)
                0x2004e000                        __RPMSG_SH_MEM_END__ = .

.flash_config   0x80000400        0x0
                0x80000400                        . = ALIGN (0x4)
                0x80000400                        __FLASH_BASE = .
 *(.flexspi_fcb)
                0x80000400                        . = ALIGN (0x4)

.interrupts     0x00000000      0x2b0
                0x00000000                        . = ALIGN (0x4)
 *(.isr_vector)
 .isr_vector    0x00000000      0x2b0 CMakeFiles/mcxn947_base.elf.dir/media/ankesh/general/mcux-workspace/core/devices/MCXN947/gcc/startup_MCXN947_cm33_core0.S.obj
                0x00000000                __Vectors
                0x000002b0                        . = ALIGN (0x4)

.text           0x00000400     0x6c20
                0x00000400                        . = ALIGN (0x4)
 *(.text)
 .text          0x00000400       0x7c /media/ankesh/general/ARM/arm-gnu-toolchain-15.2.rel1-x86_64-arm-none-eabi/bin/../lib/gcc/arm-none-eabi/15.2.1/../../../../arm-none-eabi/lib/thumb/v8-m.main+fp/hard/crt0.o
                0x00000400                _stack_init
                0x00000408                _mainCRTStartup
                0x00000408                _start
 .text          0x0000047c       0xa0 CMakeFiles/mcxn947_base.elf.dir/media/ankesh/general/mcux-workspace/core/utilities/misc_utilities/fsl_memcpy.S.obj
                0x0000047c                memcpy
 .text          0x0000051c      0x5a0 CMakeFiles/mcxn947_base.elf.dir/media/ankesh/general/mcux-workspace/core/devices/MCXN947/gcc/startup_MCXN947_cm33_core0.S.obj
                0x0000051c                Reset_Handler
                0x000005b0                HSCMP1_DriverIRQHandler
                0x000005b0                PINT0_DriverIRQHandler
                0x000005b0                WWDT1_DriverIRQHandler
                0x000005b0                DebugMon_Handler
                0x000005b0                EMVSIM0_DriverIRQHandler
                0x000005b0                I3C0_DriverIRQHandler
                0x000005b0                USB0_FS_DriverIRQHandler
                0x000005b0                PKC_ERR_DriverIRQHandler
                0x000005b0                QDC1_HOME_DriverIRQHandler
                0x000005b0                SCG_DriverIRQHandler
                0x000005b0                CMC0_DriverIRQHandler
                0x000005b0                LPTMR0_DriverIRQHandler
                0x000005b0                FLEXPWM1_SUBMODULE1_DriverIRQHandler
                0x000005b0                FLEXPWM0_SUBMODULE1_DriverIRQHandler
                0x000005b0                FLEXPWM0_RELOAD_ERROR_DriverIRQHandler
                0x000005b0                QDC0_HOME_DriverIRQHandler
                0x000005b0                Reserved167_DriverIRQHandler
                0x000005b0                SEC_VIO_DriverIRQHandler
                0x000005b0                ERM_MULTI_BIT_ERROR_DriverIRQHandler
                0x000005b0                GPIO31_DriverIRQHandler
                0x000005b0                EWM0_DriverIRQHandler
                0x000005b0                PKC_DriverIRQHandler
                0x000005b0                USB1_HS_PHY_DriverIRQHandler
                0x000005b0                QDC0_IDX_DriverIRQHandler
                0x000005b0                ELS_DriverIRQHandler
                0x000005b0                Reserved166_DriverIRQHandler
                0x000005b0                ETHERNET_DriverIRQHandler
                0x000005b0                QDC1_IDX_DriverIRQHandler
                0x000005b0                FLEXPWM1_SUBMODULE3_DriverIRQHandler
                0x000005b0                DAC1_DriverIRQHandler
                0x000005b0                CTIMER2_DriverIRQHandler
                0x000005b0                UsageFault_Handler
                0x000005b0                ITRC0_DriverIRQHandler
                0x000005b0                ETB0_DriverIRQHandler
                0x000005b0                Freqme_DriverIRQHandler
                0x000005b0                Reserved80_DriverIRQHandler
                0x000005b0                DefaultISR
                0x000005b0                ELS_ERR_DriverIRQHandler
                0x000005b0                FLEXIO_DriverIRQHandler
                0x000005b0                DAC0_DriverIRQHandler
                0x000005b0                MRT0_DriverIRQHandler
                0x000005b0                UTICK0_DriverIRQHandler
                0x000005b0                FLEXPWM0_SUBMODULE2_DriverIRQHandler
                0x000005b0                GPIO01_DriverIRQHandler
                0x000005b0                WWDT0_DriverIRQHandler
                0x000005b0                USDHC0_DriverIRQHandler
                0x000005b0                GPIO00_DriverIRQHandler
                0x000005b0                GPIO11_DriverIRQHandler
                0x000005b0                CTIMER4_DriverIRQHandler
                0x000005b0                BSP32_DriverIRQHandler
                0x000005b0                FLEXPWM0_FAULT_DriverIRQHandler
                0x000005b0                SAI1_DriverIRQHandler
                0x000005b0                ERM_SINGLE_BIT_ERROR_DriverIRQHandler
                0x000005b0                GPIO21_DriverIRQHandler
                0x000005b0                FLEXPWM1_FAULT_DriverIRQHandler
                0x000005b0                GPIO30_DriverIRQHandler
                0x000005b0                CTIMER0_DriverIRQHandler
                0x000005b0                CTIMER1_DriverIRQHandler
                0x000005b0                QDC0_COMPARE_DriverIRQHandler
                0x000005b0                SecureFault_Handler
                0x000005b0                ADC1_DriverIRQHandler
                0x000005b0                PQ_DriverIRQHandler
                0x000005b0                ETHERNET_MACLP_DriverIRQHandler
                0x000005b0                USB0_DCD_DriverIRQHandler
                0x000005b0                MAILBOX_DriverIRQHandler
                0x000005b0                WUU_DriverIRQHandler
                0x000005b0                CTIMER3_DriverIRQHandler
                0x000005b0                FLEXPWM1_SUBMODULE0_DriverIRQHandler
                0x000005b0                CDOG1_DriverIRQHandler
                0x000005b0                TSI_OUT_OF_SCAN_DriverIRQHandler
                0x000005b0                PUF_DriverIRQHandler
                0x000005b0                SPC_DriverIRQHandler
                0x000005b0                RTC_DriverIRQHandler
                0x000005b0                VBAT0_DriverIRQHandler
                0x000005b0                Reserved65_DriverIRQHandler
                0x000005b0                HSCMP2_DriverIRQHandler
                0x000005b0                MemManage_Handler
                0x000005b0                PDM_EVENT_DriverIRQHandler
                0x000005b0                ETHERNET_PMT_DriverIRQHandler
                0x000005b0                FLEXPWM1_RELOAD_ERROR_DriverIRQHandler
                0x000005b0                FMU0_DriverIRQHandler
                0x000005b0                QDC1_COMPARE_DriverIRQHandler
                0x000005b0                LPTMR1_DriverIRQHandler
                0x000005b0                CTI0_DriverIRQHandler
                0x000005b0                GPIO40_DriverIRQHandler
                0x000005b0                FLEXPWM1_SUBMODULE2_DriverIRQHandler
                0x000005b0                GPIO20_DriverIRQHandler
                0x000005b0                QDC1_WDG_SAB_DriverIRQHandler
                0x000005b0                GDET_DriverIRQHandler
                0x000005b0                PORT_EFT_DriverIRQHandler
                0x000005b0                Reserved85_DriverIRQHandler
                0x000005b0                Reserved81_DriverIRQHandler
                0x000005b0                TSI_END_OF_SCAN_DriverIRQHandler
                0x000005b0                FLEXPWM0_SUBMODULE3_DriverIRQHandler
                0x000005b0                ADC0_DriverIRQHandler
                0x000005b0                OR_DriverIRQHandler
                0x000005b0                USB1_HS_DriverIRQHandler
                0x000005b0                DAC2_DriverIRQHandler
                0x000005b0                GPIO51_DriverIRQHandler
                0x000005b0                HSCMP0_DriverIRQHandler
                0x000005b0                QDC0_WDG_SAB_DriverIRQHandler
                0x000005b0                CDOG0_DriverIRQHandler
                0x000005b0                CAN0_DriverIRQHandler
                0x000005b0                SMARTDMA_DriverIRQHandler
                0x000005b0                SAI0_DriverIRQHandler
                0x000005b0                EMVSIM1_DriverIRQHandler
                0x000005b0                I3C1_DriverIRQHandler
                0x000005b0                BusFault_Handler
                0x000005b0                FLEXSPI0_DriverIRQHandler
                0x000005b0                GPIO50_DriverIRQHandler
                0x000005b0                GPIO10_DriverIRQHandler
                0x000005b0                SCT0_DriverIRQHandler
                0x000005b0                CAN1_DriverIRQHandler
                0x000005b0                PLU_DriverIRQHandler
                0x000005b0                FLEXPWM0_SUBMODULE0_DriverIRQHandler
                0x000005b0                OS_EVENT_DriverIRQHandler
                0x000005b0                SINC_FILTER_DriverIRQHandler
                0x000005b0                NPU_DriverIRQHandler
                0x000005b0                GPIO41_DriverIRQHandler
                0x000005b0                SEC_HYPERVISOR_CALL_DriverIRQHandler
                0x000005b4                NMI_Handler
                0x000005b8                HardFault_Handler
                0x000005bc                SVC_Handler
                0x000005c0                PendSV_Handler
                0x000005c4                SysTick_Handler
                0x000005c8                OR_IRQHandler
                0x000005d4                EDMA_0_CH2_IRQHandler
                0x000005d8                EDMA_0_CH3_IRQHandler
                0x000005dc                EDMA_0_CH4_IRQHandler
                0x000005e0                EDMA_0_CH5_IRQHandler
                0x000005e4                EDMA_0_CH6_IRQHandler
                0x000005e8                EDMA_0_CH7_IRQHandler
                0x000005ec                EDMA_0_CH8_IRQHandler
                0x000005f0                EDMA_0_CH9_IRQHandler
                0x000005f4                EDMA_0_CH10_IRQHandler
                0x000005f8                EDMA_0_CH11_IRQHandler
                0x000005fc                EDMA_0_CH12_IRQHandler
                0x00000600                EDMA_0_CH13_IRQHandler
                0x00000604                EDMA_0_CH14_IRQHandler
                0x00000608                EDMA_0_CH15_IRQHandler
                0x0000060c                GPIO00_IRQHandler
                0x00000610                GPIO01_IRQHandler
                0x00000614                GPIO10_IRQHandler
                0x00000618                GPIO11_IRQHandler
                0x0000061c                GPIO20_IRQHandler
                0x00000620                GPIO21_IRQHandler
                0x00000624                GPIO30_IRQHandler
                0x00000628                GPIO31_IRQHandler
                0x0000062c                GPIO40_IRQHandler
                0x00000630                GPIO41_IRQHandler
                0x00000634                GPIO50_IRQHandler
                0x00000638                GPIO51_IRQHandler
                0x0000063c                UTICK0_IRQHandler
                0x00000640                MRT0_IRQHandler
                0x00000644                CTIMER0_IRQHandler
                0x00000648                CTIMER1_IRQHandler
                0x0000064c                SCT0_IRQHandler
                0x00000650                CTIMER2_IRQHandler
                0x00000654                LP_FLEXCOMM0_IRQHandler
                0x00000658                LP_FLEXCOMM1_IRQHandler
                0x0000065c                LP_FLEXCOMM2_IRQHandler
                0x00000660                LP_FLEXCOMM3_IRQHandler
                0x00000664                LP_FLEXCOMM4_IRQHandler
                0x00000668                LP_FLEXCOMM5_IRQHandler
                0x0000066c                LP_FLEXCOMM6_IRQHandler
                0x00000670                LP_FLEXCOMM7_IRQHandler
                0x00000674                LP_FLEXCOMM8_IRQHandler
                0x00000678                LP_FLEXCOMM9_IRQHandler
                0x0000067c                ADC0_IRQHandler
                0x00000680                ADC1_IRQHandler
                0x00000684                PINT0_IRQHandler
                0x00000688                PDM_EVENT_IRQHandler
                0x0000068c                Reserved65_IRQHandler
                0x00000690                USB0_FS_IRQHandler
                0x00000694                USB0_DCD_IRQHandler
                0x00000698                RTC_IRQHandler
                0x0000069c                SMARTDMA_IRQHandler
                0x000006a0                MAILBOX_IRQHandler
                0x000006a4                CTIMER3_IRQHandler
                0x000006a8                CTIMER4_IRQHandler
                0x000006ac                OS_EVENT_IRQHandler
                0x000006b0                FLEXSPI0_IRQHandler
                0x000006b4                SAI0_IRQHandler
                0x000006b8                SAI1_IRQHandler
                0x000006bc                USDHC0_IRQHandler
                0x000006c0                CAN0_IRQHandler
                0x000006c4                CAN1_IRQHandler
                0x000006c8                Reserved80_IRQHandler
                0x000006cc                Reserved81_IRQHandler
                0x000006d0                USB1_HS_PHY_IRQHandler
                0x000006d4                USB1_HS_IRQHandler
                0x000006d8                SEC_HYPERVISOR_CALL_IRQHandler
                0x000006dc                Reserved85_IRQHandler
                0x000006e0                PLU_IRQHandler
                0x000006e4                Freqme_IRQHandler
                0x000006e8                SEC_VIO_IRQHandler
                0x000006ec                ELS_IRQHandler
                0x000006f0                PKC_IRQHandler
                0x000006f4                PUF_IRQHandler
                0x000006f8                PQ_IRQHandler
                0x000006fc                EDMA_1_CH0_IRQHandler
                0x00000700                EDMA_1_CH1_IRQHandler
                0x00000704                EDMA_1_CH2_IRQHandler
                0x00000708                EDMA_1_CH3_IRQHandler
                0x0000070c                EDMA_1_CH4_IRQHandler
                0x00000710                EDMA_1_CH5_IRQHandler
                0x00000714                EDMA_1_CH6_IRQHandler
                0x00000718                EDMA_1_CH7_IRQHandler
                0x0000071c                EDMA_1_CH8_IRQHandler
                0x00000720                EDMA_1_CH9_IRQHandler
                0x00000724                EDMA_1_CH10_IRQHandler
                0x00000728                EDMA_1_CH11_IRQHandler
                0x0000072c                EDMA_1_CH12_IRQHandler
                0x00000730                EDMA_1_CH13_IRQHandler
                0x00000734                EDMA_1_CH14_IRQHandler
                0x00000738                EDMA_1_CH15_IRQHandler
                0x0000073c                CDOG0_IRQHandler
                0x00000740                CDOG1_IRQHandler
                0x00000744                I3C0_IRQHandler
                0x00000748                I3C1_IRQHandler
                0x0000074c                NPU_IRQHandler
                0x00000750                GDET_IRQHandler
                0x00000754                VBAT0_IRQHandler
                0x00000758                EWM0_IRQHandler
                0x0000075c                TSI_END_OF_SCAN_IRQHandler
                0x00000760                TSI_OUT_OF_SCAN_IRQHandler
                0x00000764                EMVSIM0_IRQHandler
                0x00000768                EMVSIM1_IRQHandler
                0x0000076c                FLEXIO_IRQHandler
                0x00000770                DAC0_IRQHandler
                0x00000774                DAC1_IRQHandler
                0x00000778                DAC2_IRQHandler
                0x0000077c                HSCMP0_IRQHandler
                0x00000780                HSCMP1_IRQHandler
                0x00000784                HSCMP2_IRQHandler
                0x00000788                FLEXPWM0_RELOAD_ERROR_IRQHandler
                0x0000078c                FLEXPWM0_FAULT_IRQHandler
                0x00000790                FLEXPWM0_SUBMODULE0_IRQHandler
                0x00000794                FLEXPWM0_SUBMODULE1_IRQHandler
                0x00000798                FLEXPWM0_SUBMODULE2_IRQHandler
                0x0000079c                FLEXPWM0_SUBMODULE3_IRQHandler
                0x000007a0                FLEXPWM1_RELOAD_ERROR_IRQHandler
                0x000007a4                FLEXPWM1_FAULT_IRQHandler
                0x000007a8                FLEXPWM1_SUBMODULE0_IRQHandler
                0x000007ac                FLEXPWM1_SUBMODULE1_IRQHandler
                0x000007b0                FLEXPWM1_SUBMODULE2_IRQHandler
                0x000007b4                FLEXPWM1_SUBMODULE3_IRQHandler
                0x000007b8                QDC0_COMPARE_IRQHandler
                0x000007bc                QDC0_HOME_IRQHandler
                0x000007c0                QDC0_WDG_SAB_IRQHandler
                0x000007c4                QDC0_IDX_IRQHandler
                0x000007c8                QDC1_COMPARE_IRQHandler
                0x000007cc                QDC1_HOME_IRQHandler
                0x000007d0                QDC1_WDG_SAB_IRQHandler
                0x000007d4                QDC1_IDX_IRQHandler
                0x000007d8                ITRC0_IRQHandler
                0x000007dc                BSP32_IRQHandler
                0x000007e0                ELS_ERR_IRQHandler
                0x000007e4                PKC_ERR_IRQHandler
                0x000007e8                ERM_SINGLE_BIT_ERROR_IRQHandler
                0x000007ec                ERM_MULTI_BIT_ERROR_IRQHandler
                0x000007f0                FMU0_IRQHandler
                0x000007f4                ETHERNET_IRQHandler
                0x000007f8                ETHERNET_PMT_IRQHandler
                0x000007fc                ETHERNET_MACLP_IRQHandler
                0x00000800                SINC_FILTER_IRQHandler
                0x00000804                LPTMR0_IRQHandler
                0x00000808                LPTMR1_IRQHandler
                0x0000080c                SCG_IRQHandler
                0x00000810                SPC_IRQHandler
                0x00000814                WUU_IRQHandler
                0x00000818                PORT_EFT_IRQHandler
                0x0000081c                ETB0_IRQHandler
                0x00000820                Reserved166_IRQHandler
                0x00000824                Reserved167_IRQHandler
                0x00000828                WWDT0_IRQHandler
                0x0000082c                WWDT1_IRQHandler
                0x00000830                CMC0_IRQHandler
                0x00000834                CTI0_IRQHandler
 .text          0x00000abc       0x10 /media/ankesh/general/ARM/arm-gnu-toolchain-15.2.rel1-x86_64-arm-none-eabi/bin/../lib/gcc/arm-none-eabi/15.2.1/../../../../arm-none-eabi/lib/thumb/v8-m.main+fp/hard/libc_nano.a(libc_a-strlen.o)
                0x00000abc                strlen
 .text          0x00000acc      0x378 /media/ankesh/general/ARM/arm-gnu-toolchain-15.2.rel1-x86_64-arm-none-eabi/bin/../lib/gcc/arm-none-eabi/15.2.1/thumb/v8-m.main+fp/hard/libgcc.a(_arm_addsubdf3.o)
                0x00000acc                __aeabi_drsub
                0x00000ad4                __aeabi_dsub
                0x00000ad4                __subdf3
                0x00000ad8                __adddf3
                0x00000ad8                __aeabi_dadd
                0x00000d50                __aeabi_ui2d
                0x00000d50                __floatunsidf
                0x00000d70                __floatsidf
                0x00000d70                __aeabi_i2d
                0x00000d94                __extendsfdf2
                0x00000d94                __aeabi_f2d
                0x00000dd8                __aeabi_ul2d
                0x00000dd8                __floatundidf
                0x00000de8                __floatdidf
                0x00000de8                __aeabi_l2d
 .text          0x00000e44      0x424 /media/ankesh/general/ARM/arm-gnu-toolchain-15.2.rel1-x86_64-arm-none-eabi/bin/../lib/gcc/arm-none-eabi/15.2.1/thumb/v8-m.main+fp/hard/libgcc.a(_arm_muldivdf3.o)
                0x00000e44                __aeabi_dmul
                0x00000e44                __muldf3
                0x00001098                __aeabi_ddiv
                0x00001098                __divdf3
 .text          0x00001268       0xa0 /media/ankesh/general/ARM/arm-gnu-toolchain-15.2.rel1-x86_64-arm-none-eabi/bin/../lib/gcc/arm-none-eabi/15.2.1/thumb/v8-m.main+fp/hard/libgcc.a(_arm_truncdfsf2.o)
                0x00001268                __aeabi_d2f
                0x00001268                __truncdfsf2
 .text          0x00001308       0x30 /media/ankesh/general/ARM/arm-gnu-toolchain-15.2.rel1-x86_64-arm-none-eabi/bin/../lib/gcc/arm-none-eabi/15.2.1/thumb/v8-m.main+fp/hard/libgcc.a(_aeabi_uldivmod.o)
                0x00001308                __aeabi_uldivmod
 .text          0x00001338        0x4 /media/ankesh/general/ARM/arm-gnu-toolchain-15.2.rel1-x86_64-arm-none-eabi/bin/../lib/gcc/arm-none-eabi/15.2.1/thumb/v8-m.main+fp/hard/libgcc.a(_dvmd_tls.o)
                0x00001338                __aeabi_ldiv0
                0x00001338                __aeabi_idiv0
 .text          0x0000133c       0x40 /media/ankesh/general/ARM/arm-gnu-toolchain-15.2.rel1-x86_64-arm-none-eabi/bin/../lib/gcc/arm-none-eabi/15.2.1/thumb/v8-m.main+fp/hard/libgcc.a(_arm_fixunsdfsi.o)
                0x0000133c                __fixunsdfsi
                0x0000133c                __aeabi_d2uiz
 *(.text*)
 .text.deregister_tm_clones
                0x0000137c       0x1c /media/ankesh/general/ARM/arm-gnu-toolchain-15.2.rel1-x86_64-arm-none-eabi/bin/../lib/gcc/arm-none-eabi/15.2.1/thumb/v8-m.main+fp/hard/crtbegin.o
 .text.register_tm_clones
                0x00001398       0x28 /media/ankesh/general/ARM/arm-gnu-toolchain-15.2.rel1-x86_64-arm-none-eabi/bin/../lib/gcc/arm-none-eabi/15.2.1/thumb/v8-m.main+fp/hard/crtbegin.o
 .text.__do_global_dtors_aux
                0x000013c0       0x28 /media/ankesh/general/ARM/arm-gnu-toolchain-15.2.rel1-x86_64-arm-none-eabi/bin/../lib/gcc/arm-none-eabi/15.2.1/thumb/v8-m.main+fp/hard/crtbegin.o
 .text.frame_dummy
                0x000013e8       0x24 /media/ankesh/general/ARM/arm-gnu-toolchain-15.2.rel1-x86_64-arm-none-eabi/bin/../lib/gcc/arm-none-eabi/15.2.1/thumb/v8-m.main+fp/hard/crtbegin.o
 .text.LPADC_DoSoftwareTrigger
                0x0000140c       0x1a CMakeFiles/mcxn947_base.elf.dir/src/main.c.obj
 .text.DAC_Enable
                0x00001426       0x36 CMakeFiles/mcxn947_base.elf.dir/src/main.c.obj
 .text.DAC_SetData
                0x0000145c       0x1e CMakeFiles/mcxn947_base.elf.dir/src/main.c.obj
 .text.DAC_DoSoftwareTriggerFIFO
                0x0000147a       0x18 CMakeFiles/mcxn947_base.elf.dir/src/main.c.obj
 .text.SPC_EnableActiveModeAnalogModules
                0x00001492       0x24 CMakeFiles/mcxn947_base.elf.dir/src/main.c.obj
 *fill*         0x000014b6        0x2 
 .text.DAC_TestInit
                0x000014b8       0x60 CMakeFiles/mcxn947_base.elf.dir/src/main.c.obj
 .text.DAC_SetTestValue
                0x00001518       0x28 CMakeFiles/mcxn947_base.elf.dir/src/main.c.obj
 .text.ADC_TestInit
                0x00001540       0x98 CMakeFiles/mcxn947_base.elf.dir/src/main.c.obj
 .text.ADC_Read
                0x000015d8       0x38 CMakeFiles/mcxn947_base.elf.dir/src/main.c.obj
 .text.ADC_ReadStatistics
                0x00001610       0x82 CMakeFiles/mcxn947_base.elf.dir/src/main.c.obj
 *fill*         0x00001692        0x2 
 .text.main     0x00001694      0x140 CMakeFiles/mcxn947_base.elf.dir/src/main.c.obj
                0x00001694                main
 .text.EDMA_EnableChannelRequest
                0x000017d4       0x54 CMakeFiles/mcxn947_base.elf.dir/src/dac_waveform.c.obj
 .text.EDMA_0_CH1_IRQHandler
                0x00001828       0x40 CMakeFiles/mcxn947_base.elf.dir/src/dac_waveform.c.obj
                0x00001828                EDMA_0_CH1_IRQHandler
 .text.EDMA_EnableChannelRequest
                0x00001868       0x54 CMakeFiles/mcxn947_base.elf.dir/src/pmu_acquisition.c.obj
 .text.EDMA_0_CH0_IRQHandler
                0x000018bc       0x40 CMakeFiles/mcxn947_base.elf.dir/src/pmu_acquisition.c.obj
                0x000018bc                EDMA_0_CH0_IRQHandler
 .text.CLOCK_EnableClock
                0x000018fc       0x8a CMakeFiles/mcxn947_base.elf.dir/src/pin_mux.c.obj
 *fill*         0x00001986        0x2 
 .text.PORT_SetPinConfig
                0x00001988       0x48 CMakeFiles/mcxn947_base.elf.dir/src/pin_mux.c.obj
 .text.BOARD_InitPins
                0x000019d0       0xd4 CMakeFiles/mcxn947_base.elf.dir/src/pin_mux.c.obj
                0x000019d0                BOARD_InitPins
 .text.BOARD_InitDebugConsole
                0x00001aa4       0x38 CMakeFiles/mcxn947_base.elf.dir/media/ankesh/general/mcux-workspace/core/boards/frdmmcxn947/board.c.obj
                0x00001aa4                BOARD_InitDebugConsole
 .text.CLOCK_EnableClock
                0x00001adc       0x8a CMakeFiles/mcxn947_base.elf.dir/media/ankesh/general/mcux-workspace/core/boards/frdmmcxn947/clock_config.c.obj
 *fill*         0x00001b66        0x2 
 .text.BOARD_BootClockFRO12M
                0x00001b68       0x88 CMakeFiles/mcxn947_base.elf.dir/media/ankesh/general/mcux-workspace/core/boards/frdmmcxn947/clock_config.c.obj
                0x00001b68                BOARD_BootClockFRO12M
 .text.SystemInit
                0x00001bf0      0x114 CMakeFiles/mcxn947_base.elf.dir/media/ankesh/general/mcux-workspace/core/devices/MCXN947/system_MCXN947_cm33_core0.c.obj
                0x00001bf0                SystemInit
 .text.SystemInitHook
                0x00001d04        0xc CMakeFiles/mcxn947_base.elf.dir/media/ankesh/general/mcux-workspace/core/devices/MCXN947/system_MCXN947_cm33_core0.c.obj
                0x00001d04                SystemInitHook
 .text.DbgConsole_Init
                0x00001d10       0x88 CMakeFiles/mcxn947_base.elf.dir/media/ankesh/general/mcux-workspace/core/utilities/debug_console_lite/fsl_debug_console.c.obj
                0x00001d10                DbgConsole_Init
 .text.DbgConsole_Printf
                0x00001d98       0x2c CMakeFiles/mcxn947_base.elf.dir/media/ankesh/general/mcux-workspace/core/utilities/debug_console_lite/fsl_debug_console.c.obj
                0x00001d98                DbgConsole_Printf
 .text.DbgConsole_Vprintf
                0x00001dc4       0x3c CMakeFiles/mcxn947_base.elf.dir/media/ankesh/general/mcux-workspace/core/utilities/debug_console_lite/fsl_debug_console.c.obj
                0x00001dc4                DbgConsole_Vprintf
 .text.DbgConsole_Putchar
                0x00001e00       0x30 CMakeFiles/mcxn947_base.elf.dir/media/ankesh/general/mcux-workspace/core/utilities/debug_console_lite/fsl_debug_console.c.obj
                0x00001e00                DbgConsole_Putchar
 .text.DbgConsole_PrintfPaddingCharacter
                0x00001e30       0x40 CMakeFiles/mcxn947_base.elf.dir/media/ankesh/general/mcux-workspace/core/utilities/debug_console_lite/fsl_debug_console.c.obj
 .text.DbgConsole_ConvertRadixNumToString
                0x00001e70       0xc0 CMakeFiles/mcxn947_base.elf.dir/media/ankesh/general/mcux-workspace/core/utilities/debug_console_lite/fsl_debug_console.c.obj
 .text.DbgConsole_PrintfFormattedData
                0x00001f30      0x39c CMakeFiles/mcxn947_base.elf.dir/media/ankesh/general/mcux-workspace/core/utilities/debug_console_lite/fsl_debug_console.c.obj
 .text.CLOCK_IsPLL0Locked
                0x000022cc       0x20 CMakeFiles/mcxn947_base.elf.dir/media/ankesh/general/mcux-workspace/core/devices/MCXN947/drivers/fsl_clock.c.obj
 .text.CLOCK_IsPLL1Locked
                0x000022ec       0x20 CMakeFiles/mcxn947_base.elf.dir/media/ankesh/general/mcux-workspace/core/devices/MCXN947/drivers/fsl_clock.c.obj
 .text.CLOCK_AttachClk
                0x0000230c       0xac CMakeFiles/mcxn947_base.elf.dir/media/ankesh/general/mcux-workspace/core/devices/MCXN947/drivers/fsl_clock.c.obj
                0x0000230c                CLOCK_AttachClk
 .text.CLOCK_SetClkDiv
                0x000023b8       0x50 CMakeFiles/mcxn947_base.elf.dir/media/ankesh/general/mcux-workspace/core/devices/MCXN947/drivers/fsl_clock.c.obj
                0x000023b8                CLOCK_SetClkDiv
 .text.CLOCK_SetupClockCtrl
                0x00002408       0x26 CMakeFiles/mcxn947_base.elf.dir/media/ankesh/general/mcux-workspace/core/devices/MCXN947/drivers/fsl_clock.c.obj
                0x00002408                CLOCK_SetupClockCtrl
 .text.CLOCK_GetFreq
                0x0000242e      0x1da CMakeFiles/mcxn947_base.elf.dir/media/ankesh/general/mcux-workspace/core/devices/MCXN947/drivers/fsl_clock.c.obj
                0x0000242e                CLOCK_GetFreq
 .text.CLOCK_GetPll0OutFreq
                0x00002608       0x82 CMakeFiles/mcxn947_base.elf.dir/media/ankesh/general/mcux-workspace/core/devices/MCXN947/drivers/fsl_clock.c.obj
                0x00002608                CLOCK_GetPll0OutFreq
 .text.CLOCK_GetPll1OutFreq
                0x0000268a       0x82 CMakeFiles/mcxn947_base.elf.dir/media/ankesh/general/mcux-workspace/core/devices/MCXN947/drivers/fsl_clock.c.obj
                0x0000268a                CLOCK_GetPll1OutFreq
 .text.CLOCK_GetPLL0InClockRate
                0x0000270c       0x58 CMakeFiles/mcxn947_base.elf.dir/media/ankesh/general/mcux-workspace/core/devices/MCXN947/drivers/fsl_clock.c.obj
                0x0000270c                CLOCK_GetPLL0InClockRate
 .text.CLOCK_GetPLL1InClockRate
                0x00002764       0x58 CMakeFiles/mcxn947_base.elf.dir/media/ankesh/general/mcux-workspace/core/devices/MCXN947/drivers/fsl_clock.c.obj
                0x00002764                CLOCK_GetPLL1InClockRate
 .text.CLOCK_GetFro12MFreq
                0x000027bc       0x28 CMakeFiles/mcxn947_base.elf.dir/media/ankesh/general/mcux-workspace/core/devices/MCXN947/drivers/fsl_clock.c.obj
 .text.CLOCK_GetClk1MFreq
                0x000027e4       0x14 CMakeFiles/mcxn947_base.elf.dir/media/ankesh/general/mcux-workspace/core/devices/MCXN947/drivers/fsl_clock.c.obj
 .text.CLOCK_GetFroHfFreq
                0x000027f8       0x4c CMakeFiles/mcxn947_base.elf.dir/media/ankesh/general/mcux-workspace/core/devices/MCXN947/drivers/fsl_clock.c.obj
 .text.CLOCK_GetClk48MFreq
                0x00002844       0x28 CMakeFiles/mcxn947_base.elf.dir/media/ankesh/general/mcux-workspace/core/devices/MCXN947/drivers/fsl_clock.c.obj
 .text.CLOCK_GetClk144MFreq
                0x0000286c       0x28 CMakeFiles/mcxn947_base.elf.dir/media/ankesh/general/mcux-workspace/core/devices/MCXN947/drivers/fsl_clock.c.obj
 .text.CLOCK_GetClk16KFreq
                0x00002894       0x44 CMakeFiles/mcxn947_base.elf.dir/media/ankesh/general/mcux-workspace/core/devices/MCXN947/drivers/fsl_clock.c.obj
 .text.CLOCK_GetExtClkFreq
                0x000028d8       0x2c CMakeFiles/mcxn947_base.elf.dir/media/ankesh/general/mcux-workspace/core/devices/MCXN947/drivers/fsl_clock.c.obj
 .text.CLOCK_GetOsc32KFreq
                0x00002904       0x4c CMakeFiles/mcxn947_base.elf.dir/media/ankesh/general/mcux-workspace/core/devices/MCXN947/drivers/fsl_clock.c.obj
 .text.CLOCK_GetMainClkFreq
                0x00002950       0x90 CMakeFiles/mcxn947_base.elf.dir/media/ankesh/general/mcux-workspace/core/devices/MCXN947/drivers/fsl_clock.c.obj
                0x00002950                CLOCK_GetMainClkFreq
 .text.CLOCK_GetCoreSysClkFreq
                0x000029e0       0x2c CMakeFiles/mcxn947_base.elf.dir/media/ankesh/general/mcux-workspace/core/devices/MCXN947/drivers/fsl_clock.c.obj
                0x000029e0                CLOCK_GetCoreSysClkFreq
 .text.CLOCK_GetSystickClkFreq
                0x00002a0c       0x74 CMakeFiles/mcxn947_base.elf.dir/media/ankesh/general/mcux-workspace/core/devices/MCXN947/drivers/fsl_clock.c.obj
 .text.CLOCK_GetClockOutClkFreq
                0x00002a80       0xb8 CMakeFiles/mcxn947_base.elf.dir/media/ankesh/general/mcux-workspace/core/devices/MCXN947/drivers/fsl_clock.c.obj
 .text.CLOCK_GetLposcFreq
                0x00002b38       0x48 CMakeFiles/mcxn947_base.elf.dir/media/ankesh/general/mcux-workspace/core/devices/MCXN947/drivers/fsl_clock.c.obj
 .text.findPll0PreDiv
                0x00002b80       0x3c CMakeFiles/mcxn947_base.elf.dir/media/ankesh/general/mcux-workspace/core/devices/MCXN947/drivers/fsl_clock.c.obj
 .text.findPll1PreDiv
                0x00002bbc       0x3c CMakeFiles/mcxn947_base.elf.dir/media/ankesh/general/mcux-workspace/core/devices/MCXN947/drivers/fsl_clock.c.obj
 .text.findPll0PostDiv
                0x00002bf8       0x5c CMakeFiles/mcxn947_base.elf.dir/media/ankesh/general/mcux-workspace/core/devices/MCXN947/drivers/fsl_clock.c.obj
 .text.findPll1PostDiv
                0x00002c54       0x5c CMakeFiles/mcxn947_base.elf.dir/media/ankesh/general/mcux-workspace/core/devices/MCXN947/drivers/fsl_clock.c.obj
 .text.findPll0MMult
                0x00002cb0       0xac CMakeFiles/mcxn947_base.elf.dir/media/ankesh/general/mcux-workspace/core/devices/MCXN947/drivers/fsl_clock.c.obj
 .text.findPll1MMult
                0x00002d5c       0xac CMakeFiles/mcxn947_base.elf.dir/media/ankesh/general/mcux-workspace/core/devices/MCXN947/drivers/fsl_clock.c.obj
 .text.EDMA_GetChannelStatusFlags
                0x00002e08       0x88 CMakeFiles/mcxn947_base.elf.dir/media/ankesh/general/mcux-workspace/core/drivers/edma4/fsl_edma.c.obj
                0x00002e08                EDMA_GetChannelStatusFlags
 .text.EDMA_ClearChannelStatusFlags
                0x00002e90       0xa4 CMakeFiles/mcxn947_base.elf.dir/media/ankesh/general/mcux-workspace/core/drivers/edma4/fsl_edma.c.obj
                0x00002e90                EDMA_ClearChannelStatusFlags
 .text.EDMA_HandleIRQ
                0x00002f34      0x1ac CMakeFiles/mcxn947_base.elf.dir/media/ankesh/general/mcux-workspace/core/drivers/edma4/fsl_edma.c.obj
                0x00002f34                EDMA_HandleIRQ
 .text.EDMA_DriverIRQHandler
                0x000030e0       0x4c CMakeFiles/mcxn947_base.elf.dir/media/ankesh/general/mcux-workspace/core/drivers/edma4/fsl_edma.c.obj
                0x000030e0                EDMA_DriverIRQHandler
 .text.EDMA_0_CH0_DriverIRQHandler
                0x0000312c       0x10 CMakeFiles/mcxn947_base.elf.dir/media/ankesh/general/mcux-workspace/core/devices/MCXN947/drivers/fsl_edma_soc.c.obj
                0x0000312c                EDMA_0_CH0_DriverIRQHandler
 .text.EDMA_0_CH1_DriverIRQHandler
                0x0000313c       0x10 CMakeFiles/mcxn947_base.elf.dir/media/ankesh/general/mcux-workspace/core/devices/MCXN947/drivers/fsl_edma_soc.c.obj
                0x0000313c                EDMA_0_CH1_DriverIRQHandler
 .text.EDMA_0_CH2_DriverIRQHandler
                0x0000314c       0x10 CMakeFiles/mcxn947_base.elf.dir/media/ankesh/general/mcux-workspace/core/devices/MCXN947/drivers/fsl_edma_soc.c.obj
                0x0000314c                EDMA_0_CH2_DriverIRQHandler
 .text.EDMA_0_CH3_DriverIRQHandler
                0x0000315c       0x10 CMakeFiles/mcxn947_base.elf.dir/media/ankesh/general/mcux-workspace/core/devices/MCXN947/drivers/fsl_edma_soc.c.obj
                0x0000315c                EDMA_0_CH3_DriverIRQHandler
 .text.EDMA_0_CH4_DriverIRQHandler
                0x0000316c       0x10 CMakeFiles/mcxn947_base.elf.dir/media/ankesh/general/mcux-workspace/core/devices/MCXN947/drivers/fsl_edma_soc.c.obj
                0x0000316c                EDMA_0_CH4_DriverIRQHandler
 .text.EDMA_0_CH5_DriverIRQHandler
                0x0000317c       0x10 CMakeFiles/mcxn947_base.elf.dir/media/ankesh/general/mcux-workspace/core/devices/MCXN947/drivers/fsl_edma_soc.c.obj
                0x0000317c                EDMA_0_CH5_DriverIRQHandler
 .text.EDMA_0_CH6_DriverIRQHandler
                0x0000318c       0x10 CMakeFiles/mcxn947_base.elf.dir/media/ankesh/general/mcux-workspace/core/devices/MCXN947/drivers/fsl_edma_soc.c.obj
                0x0000318c                EDMA_0_CH6_DriverIRQHandler
 .text.EDMA_0_CH7_DriverIRQHandler
                0x0000319c       0x10 CMakeFiles/mcxn947_base.elf.dir/media/ankesh/general/mcux-workspace/core/devices/MCXN947/drivers/fsl_edma_soc.c.obj
                0x0000319c                EDMA_0_CH7_DriverIRQHandler
 .text.EDMA_0_CH8_DriverIRQHandler
                0x000031ac       0x10 CMakeFiles/mcxn947_base.elf.dir/media/ankesh/general/mcux-workspace/core/devices/MCXN947/drivers/fsl_edma_soc.c.obj
                0x000031ac                EDMA_0_CH8_DriverIRQHandler
 .text.EDMA_0_CH9_DriverIRQHandler
                0x000031bc       0x10 CMakeFiles/mcxn947_base.elf.dir/media/ankesh/general/mcux-workspace/core/devices/MCXN947/drivers/fsl_edma_soc.c.obj
                0x000031bc                EDMA_0_CH9_DriverIRQHandler
 .text.EDMA_0_CH10_DriverIRQHandler
                0x000031cc       0x10 CMakeFiles/mcxn947_base.elf.dir/media/ankesh/general/mcux-workspace/core/devices/MCXN947/drivers/fsl_edma_soc.c.obj
                0x000031cc                EDMA_0_CH10_DriverIRQHandler
 .text.EDMA_0_CH11_DriverIRQHandler
                0x000031dc       0x10 CMakeFiles/mcxn947_base.elf.dir/media/ankesh/general/mcux-workspace/core/devices/MCXN947/drivers/fsl_edma_soc.c.obj
                0x000031dc                EDMA_0_CH11_DriverIRQHandler
 .text.EDMA_0_CH12_DriverIRQHandler
                0x000031ec       0x10 CMakeFiles/mcxn947_base.elf.dir/media/ankesh/general/mcux-workspace/core/devices/MCXN947/drivers/fsl_edma_soc.c.obj
                0x000031ec                EDMA_0_CH12_DriverIRQHandler
 .text.EDMA_0_CH13_DriverIRQHandler
                0x000031fc       0x10 CMakeFiles/mcxn947_base.elf.dir/media/ankesh/general/mcux-workspace/core/devices/MCXN947/drivers/fsl_edma_soc.c.obj
                0x000031fc                EDMA_0_CH13_DriverIRQHandler
 .text.EDMA_0_CH14_DriverIRQHandler
                0x0000320c       0x10 CMakeFiles/mcxn947_base.elf.dir/media/ankesh/general/mcux-workspace/core/devices/MCXN947/drivers/fsl_edma_soc.c.obj
                0x0000320c                EDMA_0_CH14_DriverIRQHandler
 .text.EDMA_0_CH15_DriverIRQHandler
                0x0000321c       0x10 CMakeFiles/mcxn947_base.elf.dir/media/ankesh/general/mcux-workspace/core/devices/MCXN947/drivers/fsl_edma_soc.c.obj
                0x0000321c                EDMA_0_CH15_DriverIRQHandler
 .text.EDMA_1_CH0_DriverIRQHandler
                0x0000322c       0x10 CMakeFiles/mcxn947_base.elf.dir/media/ankesh/general/mcux-workspace/core/devices/MCXN947/drivers/fsl_edma_soc.c.obj
                0x0000322c                EDMA_1_CH0_DriverIRQHandler
 .text.EDMA_1_CH1_DriverIRQHandler
                0x0000323c       0x10 CMakeFiles/mcxn947_base.elf.dir/media/ankesh/general/mcux-workspace/core/devices/MCXN947/drivers/fsl_edma_soc.c.obj
                0x0000323c                EDMA_1_CH1_DriverIRQHandler
 .text.EDMA_1_CH2_DriverIRQHandler
                0x0000324c       0x10 CMakeFiles/mcxn947_base.elf.dir/media/ankesh/general/mcux-workspace/core/devices/MCXN947/drivers/fsl_edma_soc.c.obj
                0x0000324c                EDMA_1_CH2_DriverIRQHandler
 .text.EDMA_1_CH3_DriverIRQHandler
                0x0000325c       0x10 CMakeFiles/mcxn947_base.elf.dir/media/ankesh/general/mcux-workspace/core/devices/MCXN947/drivers/fsl_edma_soc.c.obj
                0x0000325c                EDMA_1_CH3_DriverIRQHandler
 .text.EDMA_1_CH4_DriverIRQHandler
                0x0000326c       0x10 CMakeFiles/mcxn947_base.elf.dir/media/ankesh/general/mcux-workspace/core/devices/MCXN947/drivers/fsl_edma_soc.c.obj
                0x0000326c                EDMA_1_CH4_DriverIRQHandler
 .text.EDMA_1_CH5_DriverIRQHandler
                0x0000327c       0x10 CMakeFiles/mcxn947_base.elf.dir/media/ankesh/general/mcux-workspace/core/devices/MCXN947/drivers/fsl_edma_soc.c.obj
                0x0000327c                EDMA_1_CH5_DriverIRQHandler
 .text.EDMA_1_CH6_DriverIRQHandler
                0x0000328c       0x10 CMakeFiles/mcxn947_base.elf.dir/media/ankesh/general/mcux-workspace/core/devices/MCXN947/drivers/fsl_edma_soc.c.obj
                0x0000328c                EDMA_1_CH6_DriverIRQHandler
 .text.EDMA_1_CH7_DriverIRQHandler
                0x0000329c       0x10 CMakeFiles/mcxn947_base.elf.dir/media/ankesh/general/mcux-workspace/core/devices/MCXN947/drivers/fsl_edma_soc.c.obj
                0x0000329c                EDMA_1_CH7_DriverIRQHandler
 .text.EDMA_1_CH8_DriverIRQHandler
                0x000032ac       0x10 CMakeFiles/mcxn947_base.elf.dir/media/ankesh/general/mcux-workspace/core/devices/MCXN947/drivers/fsl_edma_soc.c.obj
                0x000032ac                EDMA_1_CH8_DriverIRQHandler
 .text.EDMA_1_CH9_DriverIRQHandler
                0x000032bc       0x10 CMakeFiles/mcxn947_base.elf.dir/media/ankesh/general/mcux-workspace/core/devices/MCXN947/drivers/fsl_edma_soc.c.obj
                0x000032bc                EDMA_1_CH9_DriverIRQHandler
 .text.EDMA_1_CH10_DriverIRQHandler
                0x000032cc       0x10 CMakeFiles/mcxn947_base.elf.dir/media/ankesh/general/mcux-workspace/core/devices/MCXN947/drivers/fsl_edma_soc.c.obj
                0x000032cc                EDMA_1_CH10_DriverIRQHandler
 .text.EDMA_1_CH11_DriverIRQHandler
                0x000032dc       0x10 CMakeFiles/mcxn947_base.elf.dir/media/ankesh/general/mcux-workspace/core/devices/MCXN947/drivers/fsl_edma_soc.c.obj
                0x000032dc                EDMA_1_CH11_DriverIRQHandler
 .text.EDMA_1_CH12_DriverIRQHandler
                0x000032ec       0x10 CMakeFiles/mcxn947_base.elf.dir/media/ankesh/general/mcux-workspace/core/devices/MCXN947/drivers/fsl_edma_soc.c.obj
                0x000032ec                EDMA_1_CH12_DriverIRQHandler
 .text.EDMA_1_CH13_DriverIRQHandler
                0x000032fc       0x10 CMakeFiles/mcxn947_base.elf.dir/media/ankesh/general/mcux-workspace/core/devices/MCXN947/drivers/fsl_edma_soc.c.obj
                0x000032fc                EDMA_1_CH13_DriverIRQHandler
 .text.EDMA_1_CH14_DriverIRQHandler
                0x0000330c       0x10 CMakeFiles/mcxn947_base.elf.dir/media/ankesh/general/mcux-workspace/core/devices/MCXN947/drivers/fsl_edma_soc.c.obj
                0x0000330c                EDMA_1_CH14_DriverIRQHandler
 .text.EDMA_1_CH15_DriverIRQHandler
                0x0000331c       0x10 CMakeFiles/mcxn947_base.elf.dir/media/ankesh/general/mcux-workspace/core/devices/MCXN947/drivers/fsl_edma_soc.c.obj
                0x0000331c                EDMA_1_CH15_DriverIRQHandler
 .text.DelayLoop
                0x0000332c       0x1e CMakeFiles/mcxn947_base.elf.dir/media/ankesh/general/mcux-workspace/core/drivers/common/fsl_common_arm.c.obj
 *fill*         0x0000334a        0x2 
 .text.SDK_DelayAtLeastUs
                0x0000334c       0x98 CMakeFiles/mcxn947_base.elf.dir/media/ankesh/general/mcux-workspace/core/drivers/common/fsl_common_arm.c.obj
                0x0000334c                SDK_DelayAtLeastUs
 .text.__assert_func
                0x000033e4       0x28 CMakeFiles/mcxn947_base.elf.dir/media/ankesh/general/mcux-workspace/core/utilities/assert/fsl_assert.c.obj
                0x000033e4                __assert_func
 .text.RESET_ClearPeripheralReset
                0x0000340c       0x74 CMakeFiles/mcxn947_base.elf.dir/media/ankesh/general/mcux-workspace/core/devices/MCXN947/drivers/fsl_reset.c.obj
                0x0000340c                RESET_ClearPeripheralReset
 .text.SPC_GetActiveModeBandgapMode
                0x00003480       0x20 CMakeFiles/mcxn947_base.elf.dir/media/ankesh/general/mcux-workspace/core/drivers/mcx_spc/fsl_spc.c.obj
 .text.SPC_GetActiveModeVoltageDetectStatus
                0x000034a0       0x20 CMakeFiles/mcxn947_base.elf.dir/media/ankesh/general/mcux-workspace/core/drivers/mcx_spc/fsl_spc.c.obj
 .text.SPC_GetActiveModeCoreLDOVDDVoltageLevel
                0x000034c0       0x20 CMakeFiles/mcxn947_base.elf.dir/media/ankesh/general/mcux-workspace/core/drivers/mcx_spc/fsl_spc.c.obj
 .text.SPC_GetActiveModeCoreLDODriveStrength
                0x000034e0       0x20 CMakeFiles/mcxn947_base.elf.dir/media/ankesh/general/mcux-workspace/core/drivers/mcx_spc/fsl_spc.c.obj
 .text.SPC_SetActiveModeDCDCRegulatorVoltageLevel
                0x00003500       0x30 CMakeFiles/mcxn947_base.elf.dir/media/ankesh/general/mcux-workspace/core/drivers/mcx_spc/fsl_spc.c.obj
 .text.SPC_SetSRAMOperateVoltage
                0x00003530       0x74 CMakeFiles/mcxn947_base.elf.dir/media/ankesh/general/mcux-workspace/core/drivers/mcx_spc/fsl_spc.c.obj
                0x00003530                SPC_SetSRAMOperateVoltage
 .text.SPC_SetActiveModeCoreLDORegulatorConfig
                0x000035a4       0xa4 CMakeFiles/mcxn947_base.elf.dir/media/ankesh/general/mcux-workspace/core/drivers/mcx_spc/fsl_spc.c.obj
                0x000035a4                SPC_SetActiveModeCoreLDORegulatorConfig
 .text.SPC_SetActiveModeCoreLDORegulatorVoltageLevel
                0x00003648       0x60 CMakeFiles/mcxn947_base.elf.dir/media/ankesh/general/mcux-workspace/core/drivers/mcx_spc/fsl_spc.c.obj
                0x00003648                SPC_SetActiveModeCoreLDORegulatorVoltageLevel
 .text.SPC_SetActiveModeCoreLDORegulatorDriveStrength
                0x000036a8       0x5e CMakeFiles/mcxn947_base.elf.dir/media/ankesh/general/mcux-workspace/core/drivers/mcx_spc/fsl_spc.c.obj
                0x000036a8                SPC_SetActiveModeCoreLDORegulatorDriveStrength
 *fill*         0x00003706        0x2 
 .text.SPC_SetActiveModeDCDCRegulatorConfig
                0x00003708       0x78 CMakeFiles/mcxn947_base.elf.dir/media/ankesh/general/mcux-workspace/core/drivers/mcx_spc/fsl_spc.c.obj
                0x00003708                SPC_SetActiveModeDCDCRegulatorConfig
 .text.SPC_SetActiveModeDCDCRegulatorDriveStrength
                0x00003780       0x48 CMakeFiles/mcxn947_base.elf.dir/media/ankesh/general/mcux-workspace/core/drivers/mcx_spc/fsl_spc.c.obj
                0x00003780                SPC_SetActiveModeDCDCRegulatorDriveStrength
 .text.LPUART_SoftwareReset
                0x000037c8       0x2a CMakeFiles/mcxn947_base.elf.dir/media/ankesh/general/mcux-workspace/core/drivers/lpflexcomm/lpuart/fsl_lpuart.c.obj
 *fill*         0x000037f2        0x2 
 .text.LPUART_GetInstance
                0x000037f4       0x58 CMakeFiles/mcxn947_base.elf.dir/media/ankesh/general/mcux-workspace/core/drivers/lpflexcomm/lpuart/fsl_lpuart.c.obj
                0x000037f4                LPUART_GetInstance
 .text.LPUART_Init
                0x0000384c      0x3dc CMakeFiles/mcxn947_base.elf.dir/media/ankesh/general/mcux-workspace/core/drivers/lpflexcomm/lpuart/fsl_lpuart.c.obj
                0x0000384c                LPUART_Init
 .text.LPUART_GetDefaultConfig
                0x00003c28       0x9c CMakeFiles/mcxn947_base.elf.dir/media/ankesh/general/mcux-workspace/core/drivers/lpflexcomm/lpuart/fsl_lpuart.c.obj
                0x00003c28                LPUART_GetDefaultConfig
 .text.LPUART_GetStatusFlags
                0x00003cc4       0x60 CMakeFiles/mcxn947_base.elf.dir/media/ankesh/general/mcux-workspace/core/drivers/lpflexcomm/lpuart/fsl_lpuart.c.obj
                0x00003cc4                LPUART_GetStatusFlags
 .text.LPUART_ClearStatusFlags
                0x00003d24       0x94 CMakeFiles/mcxn947_base.elf.dir/media/ankesh/general/mcux-workspace/core/drivers/lpflexcomm/lpuart/fsl_lpuart.c.obj
                0x00003d24                LPUART_ClearStatusFlags
 .text.LPUART_WriteBlocking
                0x00003db8       0x78 CMakeFiles/mcxn947_base.elf.dir/media/ankesh/general/mcux-workspace/core/drivers/lpflexcomm/lpuart/fsl_lpuart.c.obj
                0x00003db8                LPUART_WriteBlocking
 .text.LPUART_ReadBlocking
                0x00003e30      0x178 CMakeFiles/mcxn947_base.elf.dir/media/ankesh/general/mcux-workspace/core/drivers/lpflexcomm/lpuart/fsl_lpuart.c.obj
                0x00003e30                LPUART_ReadBlocking
 .text.CLOCK_EnableClock
                0x00003fa8       0x8a CMakeFiles/mcxn947_base.elf.dir/media/ankesh/general/mcux-workspace/core/drivers/lpflexcomm/fsl_lpflexcomm.c.obj
 .text.LP_FLEXCOMM_PeripheralIsPresent
                0x00004032       0x4c CMakeFiles/mcxn947_base.elf.dir/media/ankesh/general/mcux-workspace/core/drivers/lpflexcomm/fsl_lpflexcomm.c.obj
 *fill*         0x0000407e        0x2 
 .text.LP_FLEXCOMM_GetInterruptStatus
                0x00004080       0x28 CMakeFiles/mcxn947_base.elf.dir/media/ankesh/general/mcux-workspace/core/drivers/lpflexcomm/fsl_lpflexcomm.c.obj
                0x00004080                LP_FLEXCOMM_GetInterruptStatus
 .text.LP_FLEXCOMM_SetPeriph
                0x000040a8       0xa0 CMakeFiles/mcxn947_base.elf.dir/media/ankesh/general/mcux-workspace/core/drivers/lpflexcomm/fsl_lpflexcomm.c.obj
 .text.LP_FLEXCOMM_Init
                0x00004148       0x64 CMakeFiles/mcxn947_base.elf.dir/media/ankesh/general/mcux-workspace/core/drivers/lpflexcomm/fsl_lpflexcomm.c.obj
                0x00004148                LP_FLEXCOMM_Init
 .text.LP_FLEXCOMM_CommonIRQHandler
                0x000041ac       0xb8 CMakeFiles/mcxn947_base.elf.dir/media/ankesh/general/mcux-workspace/core/drivers/lpflexcomm/fsl_lpflexcomm.c.obj
 .text.LP_FLEXCOMM0_DriverIRQHandler
                0x00004264        0xe CMakeFiles/mcxn947_base.elf.dir/media/ankesh/general/mcux-workspace/core/drivers/lpflexcomm/fsl_lpflexcomm.c.obj
                0x00004264                LP_FLEXCOMM0_DriverIRQHandler
 .text.LP_FLEXCOMM1_DriverIRQHandler
                0x00004272        0xe CMakeFiles/mcxn947_base.elf.dir/media/ankesh/general/mcux-workspace/core/drivers/lpflexcomm/fsl_lpflexcomm.c.obj
                0x00004272                LP_FLEXCOMM1_DriverIRQHandler
 .text.LP_FLEXCOMM2_DriverIRQHandler
                0x00004280        0xe CMakeFiles/mcxn947_base.elf.dir/media/ankesh/general/mcux-workspace/core/drivers/lpflexcomm/fsl_lpflexcomm.c.obj
                0x00004280                LP_FLEXCOMM2_DriverIRQHandler
 .text.LP_FLEXCOMM3_DriverIRQHandler
                0x0000428e        0xe CMakeFiles/mcxn947_base.elf.dir/media/ankesh/general/mcux-workspace/core/drivers/lpflexcomm/fsl_lpflexcomm.c.obj
                0x0000428e                LP_FLEXCOMM3_DriverIRQHandler
 .text.LP_FLEXCOMM4_DriverIRQHandler
                0x0000429c        0xe CMakeFiles/mcxn947_base.elf.dir/media/ankesh/general/mcux-workspace/core/drivers/lpflexcomm/fsl_lpflexcomm.c.obj
                0x0000429c                LP_FLEXCOMM4_DriverIRQHandler
 .text.LP_FLEXCOMM5_DriverIRQHandler
                0x000042aa        0xe CMakeFiles/mcxn947_base.elf.dir/media/ankesh/general/mcux-workspace/core/drivers/lpflexcomm/fsl_lpflexcomm.c.obj
                0x000042aa                LP_FLEXCOMM5_DriverIRQHandler
 .text.LP_FLEXCOMM6_DriverIRQHandler
                0x000042b8        0xe CMakeFiles/mcxn947_base.elf.dir/media/ankesh/general/mcux-workspace/core/drivers/lpflexcomm/fsl_lpflexcomm.c.obj
                0x000042b8                LP_FLEXCOMM6_DriverIRQHandler
 .text.LP_FLEXCOMM7_DriverIRQHandler
                0x000042c6        0xe CMakeFiles/mcxn947_base.elf.dir/media/ankesh/general/mcux-workspace/core/drivers/lpflexcomm/fsl_lpflexcomm.c.obj
                0x000042c6                LP_FLEXCOMM7_DriverIRQHandler
 .text.LP_FLEXCOMM8_DriverIRQHandler
                0x000042d4        0xe CMakeFiles/mcxn947_base.elf.dir/media/ankesh/general/mcux-workspace/core/drivers/lpflexcomm/fsl_lpflexcomm.c.obj
                0x000042d4                LP_FLEXCOMM8_DriverIRQHandler
 .text.LP_FLEXCOMM9_DriverIRQHandler
                0x000042e2        0xe CMakeFiles/mcxn947_base.elf.dir/media/ankesh/general/mcux-workspace/core/drivers/lpflexcomm/fsl_lpflexcomm.c.obj
                0x000042e2                LP_FLEXCOMM9_DriverIRQHandler
 .text.CLOCK_EnableClock
                0x000042f0       0x8a CMakeFiles/mcxn947_base.elf.dir/media/ankesh/general/mcux-workspace/core/drivers/lpadc/fsl_lpadc.c.obj
 .text.RESET_ReleasePeripheralReset
                0x0000437a       0x16 CMakeFiles/mcxn947_base.elf.dir/media/ankesh/general/mcux-workspace/core/drivers/lpadc/fsl_lpadc.c.obj
 .text.LPADC_Enable
                0x00004390       0x36 CMakeFiles/mcxn947_base.elf.dir/media/ankesh/general/mcux-workspace/core/drivers/lpadc/fsl_lpadc.c.obj
 .text.LPADC_DoResetFIFO0
                0x000043c6       0x1e CMakeFiles/mcxn947_base.elf.dir/media/ankesh/general/mcux-workspace/core/drivers/lpadc/fsl_lpadc.c.obj
 .text.LPADC_DoResetFIFO1
                0x000043e4       0x1e CMakeFiles/mcxn947_base.elf.dir/media/ankesh/general/mcux-workspace/core/drivers/lpadc/fsl_lpadc.c.obj
 .text.LPADC_DoResetConfig
                0x00004402       0x2a CMakeFiles/mcxn947_base.elf.dir/media/ankesh/general/mcux-workspace/core/drivers/lpadc/fsl_lpadc.c.obj
 .text.LPADC_GetConvResultCount
                0x0000442c       0x24 CMakeFiles/mcxn947_base.elf.dir/media/ankesh/general/mcux-workspace/core/drivers/lpadc/fsl_lpadc.c.obj
 .text.LPADC_EnableOffsetCalibration
                0x00004450       0x36 CMakeFiles/mcxn947_base.elf.dir/media/ankesh/general/mcux-workspace/core/drivers/lpadc/fsl_lpadc.c.obj
 *fill*         0x00004486        0x2 
 .text.LPADC_GetInstance
                0x00004488       0x58 CMakeFiles/mcxn947_base.elf.dir/media/ankesh/general/mcux-workspace/core/drivers/lpadc/fsl_lpadc.c.obj
 .text.LPADC_GetGainConvResult
                0x000044e0      0x134 CMakeFiles/mcxn947_base.elf.dir/media/ankesh/general/mcux-workspace/core/drivers/lpadc/fsl_lpadc.c.obj
 .text.LPADC_Init
                0x00004614      0x17c CMakeFiles/mcxn947_base.elf.dir/media/ankesh/general/mcux-workspace/core/drivers/lpadc/fsl_lpadc.c.obj
                0x00004614                LPADC_Init
 .text.LPADC_GetDefaultConfig
                0x00004790       0x5c CMakeFiles/mcxn947_base.elf.dir/media/ankesh/general/mcux-workspace/core/drivers/lpadc/fsl_lpadc.c.obj
                0x00004790                LPADC_GetDefaultConfig
 .text.LPADC_GetConvResult
                0x000047ec       0x80 CMakeFiles/mcxn947_base.elf.dir/media/ankesh/general/mcux-workspace/core/drivers/lpadc/fsl_lpadc.c.obj
                0x000047ec                LPADC_GetConvResult
 .text.LPADC_SetConvTriggerConfig
                0x0000486c       0xa4 CMakeFiles/mcxn947_base.elf.dir/media/ankesh/general/mcux-workspace/core/drivers/lpadc/fsl_lpadc.c.obj
                0x0000486c                LPADC_SetConvTriggerConfig
 .text.LPADC_GetDefaultConvTriggerConfig
                0x00004910       0x60 CMakeFiles/mcxn947_base.elf.dir/media/ankesh/general/mcux-workspace/core/drivers/lpadc/fsl_lpadc.c.obj
                0x00004910                LPADC_GetDefaultConvTriggerConfig
 .text.LPADC_SetConvCommandConfig
                0x00004970      0x180 CMakeFiles/mcxn947_base.elf.dir/media/ankesh/general/mcux-workspace/core/drivers/lpadc/fsl_lpadc.c.obj
                0x00004970                LPADC_SetConvCommandConfig
 .text.LPADC_GetDefaultConvCommandConfig
                0x00004af0       0x94 CMakeFiles/mcxn947_base.elf.dir/media/ankesh/general/mcux-workspace/core/drivers/lpadc/fsl_lpadc.c.obj
                0x00004af0                LPADC_GetDefaultConvCommandConfig
 .text.LPADC_DoOffsetCalibration
                0x00004b84       0x2a CMakeFiles/mcxn947_base.elf.dir/media/ankesh/general/mcux-workspace/core/drivers/lpadc/fsl_lpadc.c.obj
                0x00004b84                LPADC_DoOffsetCalibration
 .text.LPADC_DoAutoCalibration
                0x00004bae       0x1c CMakeFiles/mcxn947_base.elf.dir/media/ankesh/general/mcux-workspace/core/drivers/lpadc/fsl_lpadc.c.obj
                0x00004bae                LPADC_DoAutoCalibration
 *fill*         0x00004bca        0x2 
 .text.LPADC_PrepareAutoCalibration
                0x00004bcc       0x54 CMakeFiles/mcxn947_base.elf.dir/media/ankesh/general/mcux-workspace/core/drivers/lpadc/fsl_lpadc.c.obj
                0x00004bcc                LPADC_PrepareAutoCalibration
 .text.LPADC_FinishAutoCalibration
                0x00004c20      0x104 CMakeFiles/mcxn947_base.elf.dir/media/ankesh/general/mcux-workspace/core/drivers/lpadc/fsl_lpadc.c.obj
                0x00004c20                LPADC_FinishAutoCalibration
 .text.CLOCK_EnableClock
                0x00004d24       0x8a CMakeFiles/mcxn947_base.elf.dir/media/ankesh/general/mcux-workspace/core/drivers/dac_1/fsl_dac.c.obj
 .text.DAC_SetReset
                0x00004dae       0x20 CMakeFiles/mcxn947_base.elf.dir/media/ankesh/general/mcux-workspace/core/drivers/dac_1/fsl_dac.c.obj
 .text.DAC_ClearReset
                0x00004dce       0x22 CMakeFiles/mcxn947_base.elf.dir/media/ankesh/general/mcux-workspace/core/drivers/dac_1/fsl_dac.c.obj
 .text.DAC_GetInstance
                0x00004df0       0x58 CMakeFiles/mcxn947_base.elf.dir/media/ankesh/general/mcux-workspace/core/drivers/dac_1/fsl_dac.c.obj
 .text.DAC_Init
                0x00004e48      0x144 CMakeFiles/mcxn947_base.elf.dir/media/ankesh/general/mcux-workspace/core/drivers/dac_1/fsl_dac.c.obj
                0x00004e48                DAC_Init
 .text.DAC_GetDefaultConfig
                0x00004f8c       0x70 CMakeFiles/mcxn947_base.elf.dir/media/ankesh/general/mcux-workspace/core/drivers/dac_1/fsl_dac.c.obj
                0x00004f8c                DAC_GetDefaultConfig
 .text.HAL_UartGetStatus
                0x00004ffc       0x26 CMakeFiles/mcxn947_base.elf.dir/media/ankesh/general/mcux-workspace/core/components/uart/fsl_adapter_lpuart.c.obj
 *fill*         0x00005022        0x2 
 .text.HAL_UartInitCommon
                0x00005024       0xe4 CMakeFiles/mcxn947_base.elf.dir/media/ankesh/general/mcux-workspace/core/components/uart/fsl_adapter_lpuart.c.obj
 .text.HAL_UartInit
                0x00005108       0xac CMakeFiles/mcxn947_base.elf.dir/media/ankesh/general/mcux-workspace/core/components/uart/fsl_adapter_lpuart.c.obj
                0x00005108                HAL_UartInit
 .text.HAL_UartReceiveBlocking
                0x000051b4       0x8c CMakeFiles/mcxn947_base.elf.dir/media/ankesh/general/mcux-workspace/core/components/uart/fsl_adapter_lpuart.c.obj
                0x000051b4                HAL_UartReceiveBlocking
 .text.HAL_UartSendBlocking
                0x00005240       0x84 CMakeFiles/mcxn947_base.elf.dir/media/ankesh/general/mcux-workspace/core/components/uart/fsl_adapter_lpuart.c.obj
                0x00005240                HAL_UartSendBlocking
 .text.exit     0x000052c4       0x24 /media/ankesh/general/ARM/arm-gnu-toolchain-15.2.rel1-x86_64-arm-none-eabi/bin/../lib/gcc/arm-none-eabi/15.2.1/../../../../arm-none-eabi/lib/thumb/v8-m.main+fp/hard/libc_nano.a(libc_a-exit.o)
                0x000052c4                exit
 .text.memset   0x000052e8       0x10 /media/ankesh/general/ARM/arm-gnu-toolchain-15.2.rel1-x86_64-arm-none-eabi/bin/../lib/gcc/arm-none-eabi/15.2.1/../../../../arm-none-eabi/lib/thumb/v8-m.main+fp/hard/libc_nano.a(libc_a-memset.o)
                0x000052e8                memset
 .text.__libc_init_array
                0x000052f8       0x48 /media/ankesh/general/ARM/arm-gnu-toolchain-15.2.rel1-x86_64-arm-none-eabi/bin/../lib/gcc/arm-none-eabi/15.2.1/../../../../arm-none-eabi/lib/thumb/v8-m.main+fp/hard/libc_nano.a(libc_a-init.o)
                0x000052f8                __libc_init_array
 .text.__fixunssfdi
                0x00005340       0x40 /media/ankesh/general/ARM/arm-gnu-toolchain-15.2.rel1-x86_64-arm-none-eabi/bin/../lib/gcc/arm-none-eabi/15.2.1/thumb/v8-m.main+fp/hard/libgcc.a(_fixunssfdi.o)
                0x00005340                __aeabi_f2ulz
                0x00005340                __fixunssfdi
 .text.__udivmoddi4
                0x00005380      0x340 /media/ankesh/general/ARM/arm-gnu-toolchain-15.2.rel1-x86_64-arm-none-eabi/bin/../lib/gcc/arm-none-eabi/15.2.1/thumb/v8-m.main+fp/hard/libgcc.a(_udivmoddi4.o)
                0x00005380                __udivmoddi4
 .text._exit    0x000056c0        0x4 /media/ankesh/general/ARM/arm-gnu-toolchain-15.2.rel1-x86_64-arm-none-eabi/bin/../lib/gcc/arm-none-eabi/15.2.1/../../../../arm-none-eabi/lib/thumb/v8-m.main+fp/hard/libnosys.a(_exit.o)
                0x000056c0                _exit
 *(.rodata)
 .rodata        0x000056c4      0x189 CMakeFiles/mcxn947_base.elf.dir/src/main.c.obj
 *fill*         0x0000584d        0x3 
 .rodata        0x00005850      0x104 CMakeFiles/mcxn947_base.elf.dir/src/dac_waveform.c.obj
 .rodata        0x00005954      0x104 CMakeFiles/mcxn947_base.elf.dir/src/pmu_acquisition.c.obj
 .rodata        0x00005a58       0x62 CMakeFiles/mcxn947_base.elf.dir/src/pin_mux.c.obj
 *fill*         0x00005aba        0x2 
 .rodata        0x00005abc       0x22 CMakeFiles/mcxn947_base.elf.dir/media/ankesh/general/mcux-workspace/core/boards/frdmmcxn947/clock_config.c.obj
 *fill*         0x00005ade        0x2 
 .rodata        0x00005ae0      0x858 CMakeFiles/mcxn947_base.elf.dir/media/ankesh/general/mcux-workspace/core/drivers/edma4/fsl_edma.c.obj
 .rodata        0x00006338       0xa0 CMakeFiles/mcxn947_base.elf.dir/media/ankesh/general/mcux-workspace/core/drivers/common/fsl_common_arm.c.obj
 .rodata        0x000063d8       0x3e CMakeFiles/mcxn947_base.elf.dir/media/ankesh/general/mcux-workspace/core/utilities/assert/fsl_assert.c.obj
 *fill*         0x00006416        0x2 
 .rodata        0x00006418       0x5e CMakeFiles/mcxn947_base.elf.dir/media/ankesh/general/mcux-workspace/core/devices/MCXN947/drivers/fsl_reset.c.obj
 *fill*         0x00006476        0x2 
 .rodata        0x00006478       0x93 CMakeFiles/mcxn947_base.elf.dir/media/ankesh/general/mcux-workspace/core/drivers/mcx_spc/fsl_spc.c.obj
 *fill*         0x0000650b        0x1 
 .rodata        0x0000650c      0x20a CMakeFiles/mcxn947_base.elf.dir/media/ankesh/general/mcux-workspace/core/drivers/lpflexcomm/lpuart/fsl_lpuart.c.obj
 *fill*         0x00006716        0x2 
 .rodata        0x00006718       0xde CMakeFiles/mcxn947_base.elf.dir/media/ankesh/general/mcux-workspace/core/drivers/lpflexcomm/fsl_lpflexcomm.c.obj
 *fill*         0x000067f6        0x2 
 .rodata        0x000067f8      0x280 CMakeFiles/mcxn947_base.elf.dir/media/ankesh/general/mcux-workspace/core/drivers/lpadc/fsl_lpadc.c.obj
 .rodata        0x00006a78       0x87 CMakeFiles/mcxn947_base.elf.dir/media/ankesh/general/mcux-workspace/core/drivers/dac_1/fsl_dac.c.obj
 *fill*         0x00006aff        0x1 
 .rodata        0x00006b00      0x114 CMakeFiles/mcxn947_base.elf.dir/media/ankesh/general/mcux-workspace/core/components/uart/fsl_adapter_lpuart.c.obj
 *(.rodata*)
 .rodata.g_dac_test_values
                0x00006c14        0xa CMakeFiles/mcxn947_base.elf.dir/src/main.c.obj
 *fill*         0x00006c1e        0x2 
 .rodata.__func__.1
                0x00006c20       0x1a CMakeFiles/mcxn947_base.elf.dir/src/dac_waveform.c.obj
 *fill*         0x00006c3a        0x2 
 .rodata.__func__.1
                0x00006c3c       0x1a CMakeFiles/mcxn947_base.elf.dir/src/pmu_acquisition.c.obj
 *fill*         0x00006c56        0x2 
 .rodata.__func__.0
                0x00006c58       0x12 CMakeFiles/mcxn947_base.elf.dir/src/pin_mux.c.obj
 *fill*         0x00006c6a        0x2 
 .rodata.s_edmaBases
                0x00006c6c        0x8 CMakeFiles/mcxn947_base.elf.dir/media/ankesh/general/mcux-workspace/core/drivers/edma4/fsl_edma.c.obj
 .rodata.__func__.15
                0x00006c74       0x1b CMakeFiles/mcxn947_base.elf.dir/media/ankesh/general/mcux-workspace/core/drivers/edma4/fsl_edma.c.obj
 *fill*         0x00006c8f        0x1 
 .rodata.__func__.14
                0x00006c90       0x1d CMakeFiles/mcxn947_base.elf.dir/media/ankesh/general/mcux-workspace/core/drivers/edma4/fsl_edma.c.obj
 *fill*         0x00006cad        0x3 
 .rodata.__func__.0
                0x00006cb0        0xf CMakeFiles/mcxn947_base.elf.dir/media/ankesh/general/mcux-workspace/core/drivers/edma4/fsl_edma.c.obj
 *fill*         0x00006cbf        0x1 
 .rodata.__func__.0
                0x00006cc0       0x13 CMakeFiles/mcxn947_base.elf.dir/media/ankesh/general/mcux-workspace/core/drivers/common/fsl_common_arm.c.obj
 *fill*         0x00006cd3        0x1 
 .rodata.__func__.0
                0x00006cd4       0x1b CMakeFiles/mcxn947_base.elf.dir/media/ankesh/general/mcux-workspace/core/devices/MCXN947/drivers/fsl_reset.c.obj
 *fill*         0x00006cef        0x1 
 .rodata.__func__.9
                0x00006cf0       0x1a CMakeFiles/mcxn947_base.elf.dir/media/ankesh/general/mcux-workspace/core/drivers/mcx_spc/fsl_spc.c.obj
 *fill*         0x00006d0a        0x2 
 .rodata.__func__.5
                0x00006d0c       0x28 CMakeFiles/mcxn947_base.elf.dir/media/ankesh/general/mcux-workspace/core/drivers/mcx_spc/fsl_spc.c.obj
 .rodata.__func__.3
                0x00006d34       0x25 CMakeFiles/mcxn947_base.elf.dir/media/ankesh/general/mcux-workspace/core/drivers/mcx_spc/fsl_spc.c.obj
 *fill*         0x00006d59        0x3 
 .rodata.s_lpuartBases
                0x00006d5c       0x28 CMakeFiles/mcxn947_base.elf.dir/media/ankesh/general/mcux-workspace/core/drivers/lpflexcomm/lpuart/fsl_lpuart.c.obj
 .rodata.__func__.25
                0x00006d84       0x13 CMakeFiles/mcxn947_base.elf.dir/media/ankesh/general/mcux-workspace/core/drivers/lpflexcomm/lpuart/fsl_lpuart.c.obj
 *fill*         0x00006d97        0x1 
 .rodata.__func__.18
                0x00006d98        0xc CMakeFiles/mcxn947_base.elf.dir/media/ankesh/general/mcux-workspace/core/drivers/lpflexcomm/lpuart/fsl_lpuart.c.obj
 .rodata.__func__.17
                0x00006da4       0x18 CMakeFiles/mcxn947_base.elf.dir/media/ankesh/general/mcux-workspace/core/drivers/lpflexcomm/lpuart/fsl_lpuart.c.obj
 .rodata.__func__.13
                0x00006dbc       0x15 CMakeFiles/mcxn947_base.elf.dir/media/ankesh/general/mcux-workspace/core/drivers/lpflexcomm/lpuart/fsl_lpuart.c.obj
 *fill*         0x00006dd1        0x3 
 .rodata.__func__.11
                0x00006dd4       0x14 CMakeFiles/mcxn947_base.elf.dir/media/ankesh/general/mcux-workspace/core/drivers/lpflexcomm/lpuart/fsl_lpuart.c.obj
 .rodata.s_lpflexcommBase
                0x00006de8       0x28 CMakeFiles/mcxn947_base.elf.dir/media/ankesh/general/mcux-workspace/core/drivers/lpflexcomm/fsl_lpflexcomm.c.obj
 .rodata.s_lpflexcommClocks
                0x00006e10       0x14 CMakeFiles/mcxn947_base.elf.dir/media/ankesh/general/mcux-workspace/core/drivers/lpflexcomm/fsl_lpflexcomm.c.obj
 .rodata.s_lpflexcommResets
                0x00006e24       0x28 CMakeFiles/mcxn947_base.elf.dir/media/ankesh/general/mcux-workspace/core/drivers/lpflexcomm/fsl_lpflexcomm.c.obj
 .rodata.__func__.3
                0x00006e4c       0x16 CMakeFiles/mcxn947_base.elf.dir/media/ankesh/general/mcux-workspace/core/drivers/lpflexcomm/fsl_lpflexcomm.c.obj
 *fill*         0x00006e62        0x2 
 .rodata.__func__.2
                0x00006e64       0x11 CMakeFiles/mcxn947_base.elf.dir/media/ankesh/general/mcux-workspace/core/drivers/lpflexcomm/fsl_lpflexcomm.c.obj
 *fill*         0x00006e75        0x3 
 .rodata.s_lpadcBases
                0x00006e78        0x8 CMakeFiles/mcxn947_base.elf.dir/media/ankesh/general/mcux-workspace/core/drivers/lpadc/fsl_lpadc.c.obj
 .rodata.s_lpadcClocks
                0x00006e80        0x4 CMakeFiles/mcxn947_base.elf.dir/media/ankesh/general/mcux-workspace/core/drivers/lpadc/fsl_lpadc.c.obj
 .rodata.s_lpadcResets
                0x00006e84        0x8 CMakeFiles/mcxn947_base.elf.dir/media/ankesh/general/mcux-workspace/core/drivers/lpadc/fsl_lpadc.c.obj
 .rodata.__func__.10
                0x00006e8c       0x12 CMakeFiles/mcxn947_base.elf.dir/media/ankesh/general/mcux-workspace/core/drivers/lpadc/fsl_lpadc.c.obj
 *fill*         0x00006e9e        0x2 
 .rodata.__func__.9
                0x00006ea0        0xb CMakeFiles/mcxn947_base.elf.dir/media/ankesh/general/mcux-workspace/core/drivers/lpadc/fsl_lpadc.c.obj
 *fill*         0x00006eab        0x1 
 .rodata.__func__.8
                0x00006eac       0x14 CMakeFiles/mcxn947_base.elf.dir/media/ankesh/general/mcux-workspace/core/drivers/lpadc/fsl_lpadc.c.obj
 .rodata.__func__.6
                0x00006ec0       0x1b CMakeFiles/mcxn947_base.elf.dir/media/ankesh/general/mcux-workspace/core/drivers/lpadc/fsl_lpadc.c.obj
 *fill*         0x00006edb        0x1 
 .rodata.__func__.5
                0x00006edc       0x22 CMakeFiles/mcxn947_base.elf.dir/media/ankesh/general/mcux-workspace/core/drivers/lpadc/fsl_lpadc.c.obj
 *fill*         0x00006efe        0x2 
 .rodata.__func__.4
                0x00006f00       0x1b CMakeFiles/mcxn947_base.elf.dir/media/ankesh/general/mcux-workspace/core/drivers/lpadc/fsl_lpadc.c.obj
 *fill*         0x00006f1b        0x1 
 .rodata.__func__.3
                0x00006f1c       0x22 CMakeFiles/mcxn947_base.elf.dir/media/ankesh/general/mcux-workspace/core/drivers/lpadc/fsl_lpadc.c.obj
 *fill*         0x00006f3e        0x2 
 .rodata.__func__.2
                0x00006f40       0x1d CMakeFiles/mcxn947_base.elf.dir/media/ankesh/general/mcux-workspace/core/drivers/lpadc/fsl_lpadc.c.obj
 *fill*         0x00006f5d        0x3 
 .rodata.s_dacBases
                0x00006f60        0x8 CMakeFiles/mcxn947_base.elf.dir/media/ankesh/general/mcux-workspace/core/drivers/dac_1/fsl_dac.c.obj
 .rodata.s_dacClocks
                0x00006f68        0x4 CMakeFiles/mcxn947_base.elf.dir/media/ankesh/general/mcux-workspace/core/drivers/dac_1/fsl_dac.c.obj
 .rodata.__func__.2
                0x00006f6c       0x10 CMakeFiles/mcxn947_base.elf.dir/media/ankesh/general/mcux-workspace/core/drivers/dac_1/fsl_dac.c.obj
 .rodata.__func__.1
                0x00006f7c        0x9 CMakeFiles/mcxn947_base.elf.dir/media/ankesh/general/mcux-workspace/core/drivers/dac_1/fsl_dac.c.obj
 *fill*         0x00006f85        0x3 
 .rodata.__func__.0
                0x00006f88       0x15 CMakeFiles/mcxn947_base.elf.dir/media/ankesh/general/mcux-workspace/core/drivers/dac_1/fsl_dac.c.obj
 *fill*         0x00006f9d        0x3 
 .rodata.s_LpuartAdapterBase
                0x00006fa0       0x28 CMakeFiles/mcxn947_base.elf.dir/media/ankesh/general/mcux-workspace/core/components/uart/fsl_adapter_lpuart.c.obj
 .rodata.__func__.4
                0x00006fc8        0xd CMakeFiles/mcxn947_base.elf.dir/media/ankesh/general/mcux-workspace/core/components/uart/fsl_adapter_lpuart.c.obj
 *fill*         0x00006fd5        0x3 
 .rodata.__func__.2
                0x00006fd8       0x18 CMakeFiles/mcxn947_base.elf.dir/media/ankesh/general/mcux-workspace/core/components/uart/fsl_adapter_lpuart.c.obj
 .rodata.__func__.1
                0x00006ff0       0x15 CMakeFiles/mcxn947_base.elf.dir/media/ankesh/general/mcux-workspace/core/components/uart/fsl_adapter_lpuart.c.obj
 *(.glue_7)
 .glue_7        0x00007005        0x0 linker stubs
 *(.glue_7t)
 .glue_7t       0x00007005        0x0 linker stubs
 *(.eh_frame)
 *fill*         0x00007005        0x3 
 .eh_frame      0x00007008        0x0 /media/ankesh/general/ARM/arm-gnu-toolchain-15.2.rel1-x86_64-arm-none-eabi/bin/../lib/gcc/arm-none-eabi/15.2.1/thumb/v8-m.main+fp/hard/crtbegin.o
 *(.init)
 .init          0x00007008        0x4 /media/ankesh/general/ARM/arm-gnu-toolchain-15.2.rel1-x86_64-arm-none-eabi/bin/../lib/gcc/arm-none-eabi/15.2.1/thumb/v8-m.main+fp/hard/crti.o
                0x00007008                _init
 .init          0x0000700c        0x8 /media/ankesh/general/ARM/arm-gnu-toolchain-15.2.rel1-x86_64-arm-none-eabi/bin/../lib/gcc/arm-none-eabi/15.2.1/thumb/v8-m.main+fp/hard/crtn.o
 *(.fini)
 .fini          0x00007014        0x4 /media/ankesh/general/ARM/arm-gnu-toolchain-15.2.rel1-x86_64-arm-none-eabi/bin/../lib/gcc/arm-none-eabi/15.2.1/thumb/v8-m.main+fp/hard/crti.o
                0x00007014                _fini
 .fini          0x00007018        0x8 /media/ankesh/general/ARM/arm-gnu-toolchain-15.2.rel1-x86_64-arm-none-eabi/bin/../lib/gcc/arm-none-eabi/15.2.1/thumb/v8-m.main+fp/hard/crtn.o
                0x00007020                        . = ALIGN (0x4)

.vfp11_veneer   0x00007020        0x0
 .vfp11_veneer  0x00007020        0x0 linker stubs

.v4_bx          0x00007020        0x0
 .v4_bx         0x00007020        0x0 linker stubs

.iplt           0x00007020        0x0
 .iplt          0x00007020        0x0 /media/ankesh/general/ARM/arm-gnu-toolchain-15.2.rel1-x86_64-arm-none-eabi/bin/../lib/gcc/arm-none-eabi/15.2.1/thumb/v8-m.main+fp/hard/crtbegin.o

.ARM.extab
 *(.ARM.extab* .gnu.linkonce.armextab.*)

.ARM            0x00007020        0x8
                0x00007020                        __exidx_start = .
 *(.ARM.exidx*)
 .ARM.exidx     0x00007020        0x8 /media/ankesh/general/ARM/arm-gnu-toolchain-15.2.rel1-x86_64-arm-none-eabi/bin/../lib/gcc/arm-none-eabi/15.2.1/../../../../arm-none-eabi/lib/thumb/v8-m.main+fp/hard/crt0.o
                                 0x10 (size before relaxing)
 .ARM.exidx     0x00007028        0x0 /media/ankesh/general/ARM/arm-gnu-toolchain-15.2.rel1-x86_64-arm-none-eabi/bin/../lib/gcc/arm-none-eabi/15.2.1/../../../../arm-none-eabi/lib/thumb/v8-m.main+fp/hard/libc_nano.a(libc_a-strlen.o)
                                  0x8 (size before relaxing)
 .ARM.exidx.text.__udivmoddi4
                0x00007028        0x0 /media/ankesh/general/ARM/arm-gnu-toolchain-15.2.rel1-x86_64-arm-none-eabi/bin/../lib/gcc/arm-none-eabi/15.2.1/thumb/v8-m.main+fp/hard/libgcc.a(_udivmoddi4.o)
                                  0x8 (size before relaxing)
                0x00007028                        __exidx_end = .

.rel.dyn        0x00007028        0x0
 .rel.iplt      0x00007028        0x0 /media/ankesh/general/ARM/arm-gnu-toolchain-15.2.rel1-x86_64-arm-none-eabi/bin/../lib/gcc/arm-none-eabi/15.2.1/thumb/v8-m.main+fp/hard/crtbegin.o

.ctors          0x00007028        0x0
                0x00007028                        __CTOR_LIST__ = .
 *crtbegin.o(.ctors)
 *crtbegin?.o(.ctors)
 *(EXCLUDE_FILE(*crtend.o *crtend?.o) .ctors)
 *(SORT_BY_NAME(.ctors.*))
 *(.ctors)
                0x00007028                        __CTOR_END__ = .

.dtors          0x00007028        0x0
                0x00007028                        __DTOR_LIST__ = .
 *crtbegin.o(.dtors)
 *crtbegin?.o(.dtors)
 *(EXCLUDE_FILE(*crtend.o *crtend?.o) .dtors)
 *(SORT_BY_NAME(.dtors.*))
 *(.dtors)
                0x00007028                        __DTOR_END__ = .

.preinit_array  0x00007028        0x0
                0x00007028                        PROVIDE (__preinit_array_start = .)
 *(.preinit_array*)
                0x00007028                        PROVIDE (__preinit_array_end = .)

.init_array     0x00007028        0x4
                0x00007028                        PROVIDE (__init_array_start = .)
 *(SORT_BY_NAME(.init_array.*))
 *(.init_array*)
 .init_array    0x00007028        0x4 /media/ankesh/general/ARM/arm-gnu-toolchain-15.2.rel1-x86_64-arm-none-eabi/bin/../lib/gcc/arm-none-eabi/15.2.1/thumb/v8-m.main+fp/hard/crtbegin.o
                0x0000702c                        PROVIDE (__init_array_end = .)

.fini_array     0x0000702c        0x4
                [!provide]                        PROVIDE (__fini_array_start = .)
 *(SORT_BY_NAME(.fini_array.*))
 *(.fini_array*)
 .fini_array    0x0000702c        0x4 /media/ankesh/general/ARM/arm-gnu-toolchain-15.2.rel1-x86_64-arm-none-eabi/bin/../lib/gcc/arm-none-eabi/15.2.1/thumb/v8-m.main+fp/hard/crtbegin.o
                [!provide]                        PROVIDE (__fini_array_end = .)
                0x00007030                        __etext = .
                0x00007030                        __DATA_ROM = .

.data           0x20000000        0xc load address 0x00007030
                0x20000000                        . = ALIGN (0x4)
                0x20000000                        __DATA_RAM = .
                0x20000000                        __data_start__ = .
 *(.ramfunc*)
 *(.data)
 *(.data*)
 .data.SystemCoreClock
                0x20000000        0x4 CMakeFiles/mcxn947_base.elf.dir/media/ankesh/general/mcux-workspace/core/devices/MCXN947/system_MCXN947_cm33_core0.c.obj
                0x20000000                SystemCoreClock
 .data.s_Ext_Clk_Freq
                0x20000004        0x4 CMakeFiles/mcxn947_base.elf.dir/media/ankesh/general/mcux-workspace/core/devices/MCXN947/drivers/fsl_clock.c.obj
 .data.s_Xtal32_Freq
                0x20000008        0x4 CMakeFiles/mcxn947_base.elf.dir/media/ankesh/general/mcux-workspace/core/devices/MCXN947/drivers/fsl_clock.c.obj
 *(NonCacheable.init)
 *(NonCacheable)
 *(CodeQuickAccess)
 *(DataQuickAccess)
 *(.jcr*)
                0x2000000c                        . = ALIGN (0x4)
                0x2000000c                        __data_end__ = .
                0x0000703c                        __DATA_END = (__DATA_ROM + (__data_end__ - __data_start__))
                0x000c0000                        text_end = (ORIGIN (m_text) + LENGTH (m_text))
                0x00000001                        ASSERT ((__DATA_END <= text_end), region m_text overflowed with text and data)

.tm_clone_table
                0x2000000c        0x0 load address 0x0000703c
 .tm_clone_table
                0x2000000c        0x0 /media/ankesh/general/ARM/arm-gnu-toolchain-15.2.rel1-x86_64-arm-none-eabi/bin/../lib/gcc/arm-none-eabi/15.2.1/thumb/v8-m.main+fp/hard/crtbegin.o
 .tm_clone_table
                0x2000000c        0x0 /media/ankesh/general/ARM/arm-gnu-toolchain-15.2.rel1-x86_64-arm-none-eabi/bin/../lib/gcc/arm-none-eabi/15.2.1/thumb/v8-m.main+fp/hard/crtend.o

.igot.plt       0x2000000c        0x0 load address 0x0000703c
 .igot.plt      0x2000000c        0x0 /media/ankesh/general/ARM/arm-gnu-toolchain-15.2.rel1-x86_64-arm-none-eabi/bin/../lib/gcc/arm-none-eabi/15.2.1/thumb/v8-m.main+fp/hard/crtbegin.o

.bss            0x2000000c      0x1fc load address 0x0000703c
                0x2000000c                        . = ALIGN (0x4)
                0x2000000c                        __START_BSS = .
                0x2000000c                        __bss_start__ = .
 *(.bss)
 *(.bss*)
 .bss.completed.1
                0x2000000c        0x1 /media/ankesh/general/ARM/arm-gnu-toolchain-15.2.rel1-x86_64-arm-none-eabi/bin/../lib/gcc/arm-none-eabi/15.2.1/thumb/v8-m.main+fp/hard/crtbegin.o
 *fill*         0x2000000d        0x3 
 .bss.object.0  0x20000010       0x18 /media/ankesh/general/ARM/arm-gnu-toolchain-15.2.rel1-x86_64-arm-none-eabi/bin/../lib/gcc/arm-none-eabi/15.2.1/thumb/v8-m.main+fp/hard/crtbegin.o
 .bss.s_dma_transfer_count
                0x20000028        0x4 CMakeFiles/mcxn947_base.elf.dir/src/dac_waveform.c.obj
 .bss.s_completed_windows
                0x2000002c        0x4 CMakeFiles/mcxn947_base.elf.dir/src/pmu_acquisition.c.obj
 .bss.s_debugConsole
                0x20000030       0x14 CMakeFiles/mcxn947_base.elf.dir/media/ankesh/general/mcux-workspace/core/utilities/debug_console_lite/fsl_debug_console.c.obj
 .bss.s_EDMAHandle
                0x20000044       0x80 CMakeFiles/mcxn947_base.elf.dir/media/ankesh/general/mcux-workspace/core/drivers/edma4/fsl_edma.c.obj
 .bss.s_lpflexcommIrqHandler
                0x200000c4       0xa0 CMakeFiles/mcxn947_base.elf.dir/media/ankesh/general/mcux-workspace/core/drivers/lpflexcomm/fsl_lpflexcomm.c.obj
 .bss.s_lpflexcommHandle
                0x20000164       0xa0 CMakeFiles/mcxn947_base.elf.dir/media/ankesh/general/mcux-workspace/core/drivers/lpflexcomm/fsl_lpflexcomm.c.obj
 .bss.__stdio_exit_handler
                0x20000204        0x4 /media/ankesh/general/ARM/arm-gnu-toolchain-15.2.rel1-x86_64-arm-none-eabi/bin/../lib/gcc/arm-none-eabi/15.2.1/../../../../arm-none-eabi/lib/thumb/v8-m.main+fp/hard/libc_nano.a(libc_a-findfp.o)
                0x20000204                __stdio_exit_handler
 *(COMMON)
                0x20000208                        . = ALIGN (0x4)
                0x20000208                        __bss_end__ = .
                0x20000208                        __END_BSS = .

.heap           0x20000208      0x400 load address 0x00007238
                0x20000208                        . = ALIGN (0x8)
                0x20000208                        __end__ = .
                0x20000208                        PROVIDE (end = .)
                0x20000208                        __HeapBase = .
                0x20000608                        . = (. + HEAP_SIZE)
 *fill*         0x20000208      0x400 
                0x20000608                        __HeapLimit = .
                0x20000608                        __heap_limit = .

.stack          0x20000608      0x800 load address 0x00007638
                0x20000608                        . = ALIGN (0x8)
                0x20000e08                        . = (. + STACK_SIZE)
 *fill*         0x20000608      0x800 

m_usb_bdt       0x400ba000        0x0
                0x400ba000                        . = ALIGN (0x200)
 *(m_usb_bdt)

m_usb_global
 *(m_usb_global)
                0x2004e000                        __StackTop = (ORIGIN (m_data) + LENGTH (m_data))
                0x2004d800                        __StackLimit = (__StackTop - STACK_SIZE)
                0x2004e000                        PROVIDE (__stack = __StackTop)

.ARM.attributes
                0x00000000       0x36
 *(.ARM.attributes)
 .ARM.attributes
                0x00000000       0x26 /media/ankesh/general/ARM/arm-gnu-toolchain-15.2.rel1-x86_64-arm-none-eabi/bin/../lib/gcc/arm-none-eabi/15.2.1/thumb/v8-m.main+fp/hard/crti.o
 .ARM.attributes
                0x00000026       0x38 /media/ankesh/general/ARM/arm-gnu-toolchain-15.2.rel1-x86_64-arm-none-eabi/bin/../lib/gcc/arm-none-eabi/15.2.1/thumb/v8-m.main+fp/hard/crtbegin.o
 .ARM.attributes
                0x0000005e       0x24 /media/ankesh/general/ARM/arm-gnu-toolchain-15.2.rel1-x86_64-arm-none-eabi/bin/../lib/gcc/arm-none-eabi/15.2.1/../../../../arm-none-eabi/lib/thumb/v8-m.main+fp/hard/crt0.o
 .ARM.attributes
                0x00000082       0x3a CMakeFiles/mcxn947_base.elf.dir/src/main.c.obj
 .ARM.attributes
                0x000000bc       0x3a CMakeFiles/mcxn947_base.elf.dir/src/dac_waveform.c.obj
 .ARM.attributes
                0x000000f6       0x3a CMakeFiles/mcxn947_base.elf.dir/src/pmu_acquisition.c.obj
 .ARM.attributes
                0x00000130       0x3a CMakeFiles/mcxn947_base.elf.dir/src/pin_mux.c.obj
 .ARM.attributes
                0x0000016a       0x3a CMakeFiles/mcxn947_base.elf.dir/media/ankesh/general/mcux-workspace/core/boards/frdmmcxn947/board.c.obj
 .ARM.attributes
                0x000001a4       0x3a CMakeFiles/mcxn947_base.elf.dir/media/ankesh/general/mcux-workspace/core/boards/frdmmcxn947/clock_config.c.obj
 .ARM.attributes
                0x000001de       0x26 CMakeFiles/mcxn947_base.elf.dir/media/ankesh/general/mcux-workspace/core/utilities/misc_utilities/fsl_memcpy.S.obj
 .ARM.attributes
                0x00000204       0x24 CMakeFiles/mcxn947_base.elf.dir/media/ankesh/general/mcux-workspace/core/devices/MCXN947/gcc/startup_MCXN947_cm33_core0.S.obj
 .ARM.attributes
                0x00000228       0x3a CMakeFiles/mcxn947_base.elf.dir/media/ankesh/general/mcux-workspace/core/devices/MCXN947/system_MCXN947_cm33_core0.c.obj
 .ARM.attributes
                0x00000262       0x3a CMakeFiles/mcxn947_base.elf.dir/media/ankesh/general/mcux-workspace/core/utilities/debug_console_lite/fsl_debug_console.c.obj
 .ARM.attributes
                0x0000029c       0x3a CMakeFiles/mcxn947_base.elf.dir/media/ankesh/general/mcux-workspace/core/devices/MCXN947/drivers/fsl_clock.c.obj
 .ARM.attributes
                0x000002d6       0x3a CMakeFiles/mcxn947_base.elf.dir/media/ankesh/general/mcux-workspace/core/drivers/edma4/fsl_edma.c.obj
 .ARM.attributes
                0x00000310       0x3a CMakeFiles/mcxn947_base.elf.dir/media/ankesh/general/mcux-workspace/core/devices/MCXN947/drivers/fsl_edma_soc.c.obj
 .ARM.attributes
                0x0000034a       0x3a CMakeFiles/mcxn947_base.elf.dir/media/ankesh/general/mcux-workspace/core/drivers/common/fsl_common_arm.c.obj
 .ARM.attributes
                0x00000384       0x3a CMakeFiles/mcxn947_base.elf.dir/media/ankesh/general/mcux-workspace/core/utilities/assert/fsl_assert.c.obj
 .ARM.attributes
                0x000003be       0x3a CMakeFiles/mcxn947_base.elf.dir/media/ankesh/general/mcux-workspace/core/devices/MCXN947/drivers/fsl_reset.c.obj
 .ARM.attributes
                0x000003f8       0x3a CMakeFiles/mcxn947_base.elf.dir/media/ankesh/general/mcux-workspace/core/drivers/mcx_spc/fsl_spc.c.obj
 .ARM.attributes
                0x00000432       0x3a CMakeFiles/mcxn947_base.elf.dir/media/ankesh/general/mcux-workspace/core/drivers/lpflexcomm/lpuart/fsl_lpuart.c.obj
 .ARM.attributes
                0x0000046c       0x3a CMakeFiles/mcxn947_base.elf.dir/media/ankesh/general/mcux-workspace/core/drivers/lpflexcomm/fsl_lpflexcomm.c.obj
 .ARM.attributes
                0x000004a6       0x3a CMakeFiles/mcxn947_base.elf.dir/media/ankesh/general/mcux-workspace/core/drivers/lpadc/fsl_lpadc.c.obj
 .ARM.attributes
                0x000004e0       0x3a CMakeFiles/mcxn947_base.elf.dir/media/ankesh/general/mcux-workspace/core/drivers/dac_1/fsl_dac.c.obj
 .ARM.attributes
                0x0000051a       0x3a CMakeFiles/mcxn947_base.elf.dir/media/ankesh/general/mcux-workspace/core/components/uart/fsl_adapter_lpuart.c.obj
 .ARM.attributes
                0x00000554       0x38 /media/ankesh/general/ARM/arm-gnu-toolchain-15.2.rel1-x86_64-arm-none-eabi/bin/../lib/gcc/arm-none-eabi/15.2.1/../../../../arm-none-eabi/lib/thumb/v8-m.main+fp/hard/libc_nano.a(libc_a-exit.o)
 .ARM.attributes